Component: ARM Compiler 5.06 update 6 (build 750) Tool: armlink [4d35ed]

==============================================================================

Section Cross References

    startup_stm32f103xe.o(RESET) refers to startup_stm32f103xe.o(STACK) for __initial_sp
    startup_stm32f103xe.o(RESET) refers to startup_stm32f103xe.o(.text) for Reset_Handler
    startup_stm32f103xe.o(RESET) refers to stm32f1xx_it.o(i.NMI_Handler) for NMI_Handler
    startup_stm32f103xe.o(RESET) refers to stm32f1xx_it.o(i.HardFault_Handler) for HardFault_Handler
    startup_stm32f103xe.o(RESET) refers to stm32f1xx_it.o(i.MemManage_Handler) for MemManage_Handler
    startup_stm32f103xe.o(RESET) refers to stm32f1xx_it.o(i.BusFault_Handler) for BusFault_Handler
    startup_stm32f103xe.o(RESET) refers to stm32f1xx_it.o(i.UsageFault_Handler) for UsageFault_Handler
    startup_stm32f103xe.o(RESET) refers to stm32f1xx_it.o(i.SVC_Handler) for SVC_Handler
    startup_stm32f103xe.o(RESET) refers to stm32f1xx_it.o(i.DebugMon_Handler) for DebugMon_Handler
    startup_stm32f103xe.o(RESET) refers to stm32f1xx_it.o(i.PendSV_Handler) for PendSV_Handler
    startup_stm32f103xe.o(RESET) refers to stm32f1xx_it.o(i.SysTick_Handler) for SysTick_Handler
    startup_stm32f103xe.o(RESET) refers to vl53l0x_it.o(i.EXTI4_IRQHandler) for EXTI4_IRQHandler
    startup_stm32f103xe.o(.text) refers to system_stm32f1xx.o(i.SystemInit) for SystemInit
    startup_stm32f103xe.o(.text) refers to entry.o(.ARM.Collect$$$$00000000) for __main
    ps2.o(i.PS2_AnologData) refers to ps2.o(.bss) for .bss
    ps2.o(i.PS2_ClearData) refers to ps2.o(.bss) for .bss
    ps2.o(i.PS2_Cmd) refers to stm32f1xx_hal_gpio.o(i.HAL_GPIO_WritePin) for HAL_GPIO_WritePin
    ps2.o(i.PS2_Cmd) refers to other_functions.o(i.delay_us) for delay_us
    ps2.o(i.PS2_Cmd) refers to stm32f1xx_hal_gpio.o(i.HAL_GPIO_ReadPin) for HAL_GPIO_ReadPin
    ps2.o(i.PS2_Cmd) refers to ps2.o(.bss) for .bss
    ps2.o(i.PS2_DataKey) refers to ps2.o(i.PS2_ClearData) for PS2_ClearData
    ps2.o(i.PS2_DataKey) refers to ps2.o(i.PS2_ReadData) for PS2_ReadData
    ps2.o(i.PS2_DataKey) refers to ps2.o(.bss) for .bss
    ps2.o(i.PS2_DataKey) refers to ps2.o(.data) for .data
    ps2.o(i.PS2_ReadData) refers to stm32f1xx_hal_gpio.o(i.HAL_GPIO_WritePin) for HAL_GPIO_WritePin
    ps2.o(i.PS2_ReadData) refers to ps2.o(i.PS2_Cmd) for PS2_Cmd
    ps2.o(i.PS2_ReadData) refers to other_functions.o(i.delay_us) for delay_us
    ps2.o(i.PS2_ReadData) refers to stm32f1xx_hal_gpio.o(i.HAL_GPIO_ReadPin) for HAL_GPIO_ReadPin
    ps2.o(i.PS2_ReadData) refers to ps2.o(.data) for .data
    ps2.o(i.PS2_ReadData) refers to ps2.o(.bss) for .bss
    ps2.o(i.PS2_RedLight) refers to stm32f1xx_hal_gpio.o(i.HAL_GPIO_WritePin) for HAL_GPIO_WritePin
    ps2.o(i.PS2_RedLight) refers to ps2.o(i.PS2_Cmd) for PS2_Cmd
    ps2.o(i.PS2_RedLight) refers to ps2.o(.data) for .data
    ps2.o(i.PS2_RedLight) refers to ps2.o(.bss) for .bss
    motor_b.o(i.HAL_TIM_PeriodElapsedCallback) refers to stm32f1xx_hal_tim.o(i.HAL_TIM_Base_Stop) for HAL_TIM_Base_Stop
    motor_b.o(i.HAL_TIM_PeriodElapsedCallback) refers to motor_b.o(i.MSD_StepCounter) for MSD_StepCounter
    motor_b.o(i.HAL_TIM_PeriodElapsedCallback) refers to motor_b.o(.bss) for .bss
    motor_b.o(i.HAL_TIM_PeriodElapsedCallback) refers to motor_b.o(.data) for .data
    motor_b.o(i.HAL_TIM_PeriodElapsedCallback) refers to tim.o(.bss) for htim5
    motor_b.o(i.MOTER_MOVE) refers to stm32f1xx_hal_gpio.o(i.HAL_GPIO_WritePin) for HAL_GPIO_WritePin
    motor_b.o(i.MOTER_MOVE) refers to dfltui.o(.text) for __aeabi_ui2d
    motor_b.o(i.MOTER_MOVE) refers to sqrt.o(i.sqrt) for sqrt
    motor_b.o(i.MOTER_MOVE) refers to dmul.o(.text) for __aeabi_dmul
    motor_b.o(i.MOTER_MOVE) refers to ddiv.o(.text) for __aeabi_ddiv
    motor_b.o(i.MOTER_MOVE) refers to dfixui.o(.text) for __aeabi_d2uiz
    motor_b.o(i.MOTER_MOVE) refers to stm32f1xx_hal_tim.o(i.HAL_TIM_Base_Start_IT) for HAL_TIM_Base_Start_IT
    motor_b.o(i.MOTER_MOVE) refers to stm32f1xx_hal_tim.o(i.HAL_TIM_PWM_Start) for HAL_TIM_PWM_Start
    motor_b.o(i.MOTER_MOVE) refers to motor_b.o(.bss) for .bss
    motor_b.o(i.MOTER_MOVE) refers to motor_b.o(.data) for .data
    motor_b.o(i.MOTER_MOVE) refers to tim.o(.bss) for htim5
    motor_b.o(i.MSD_StepCounter) refers to motor_b.o(.data) for .data
    motor_d.o(i.catch_fk) refers to tim.o(.bss) for htim3
    motor_d.o(i.close_door) refers to tim.o(.bss) for htim3
    motor_d.o(i.close_front_door) refers to tim.o(.bss) for htim2
    motor_d.o(i.open_door) refers to tim.o(.bss) for htim3
    motor_d.o(i.open_front_door) refers to tim.o(.bss) for htim2
    motor_d.o(i.release_fk) refers to tim.o(.bss) for htim3
    motor.o(i.move_Ncircle) refers to stm32f1xx_hal_gpio.o(i.HAL_GPIO_WritePin) for HAL_GPIO_WritePin
    motor.o(i.move_Scircle) refers to stm32f1xx_hal_gpio.o(i.HAL_GPIO_WritePin) for HAL_GPIO_WritePin
[...]
    Removing stm32f1xx_hal_rcc.o(.rev16_text), (4 bytes).
    Removing stm32f1xx_hal_rcc.o(.revsh_text), (4 bytes).
    Removing stm32f1xx_hal_rcc.o(.rrx_text), (6 bytes).
    Removing stm32f1xx_hal_rcc.o(i.HAL_RCC_CSSCallback), (2 bytes).
    Removing stm32f1xx_hal_rcc.o(i.HAL_RCC_DeInit), (220 bytes).
    Removing stm32f1xx_hal_rcc.o(i.HAL_RCC_DisableCSS), (12 bytes).
    Removing stm32f1xx_hal_rcc.o(i.HAL_RCC_EnableCSS), (12 bytes).
    Removing stm32f1xx_hal_rcc.o(i.HAL_RCC_GetClockConfig), (64 bytes).
    Removing stm32f1xx_hal_rcc.o(i.HAL_RCC_GetHCLKFreq), (12 bytes).
    Removing stm32f1xx_hal_rcc.o(i.HAL_RCC_GetOscConfig), (144 bytes).
    Removing stm32f1xx_hal_rcc.o(i.HAL_RCC_MCOConfig), (72 bytes).
    Removing stm32f1xx_hal_rcc.o(i.HAL_RCC_NMI_IRQHandler), (24 bytes).
    Removing stm32f1xx_hal_rcc_ex.o(.rev16_text), (4 bytes).
    Removing stm32f1xx_hal_rcc_ex.o(.revsh_text), (4 bytes).
    Removing stm32f1xx_hal_rcc_ex.o(.rrx_text), (6 bytes).
    Removing stm32f1xx_hal_rcc_ex.o(i.HAL_RCCEx_GetPeriphCLKConfig), (52 bytes).
    Removing stm32f1xx_hal_rcc_ex.o(i.HAL_RCCEx_GetPeriphCLKFreq), (212 bytes).
    Removing stm32f1xx_hal_rcc_ex.o(i.HAL_RCCEx_PeriphCLKConfig), (236 bytes).
    Removing stm32f1xx_hal_gpio.o(.rev16_text), (4 bytes).
    Removing stm32f1xx_hal_gpio.o(.revsh_text), (4 bytes).
    Removing stm32f1xx_hal_gpio.o(.rrx_text), (6 bytes).
    Removing stm32f1xx_hal_gpio.o(i.HAL_GPIO_DeInit), (288 bytes).
    Removing stm32f1xx_hal_gpio.o(i.HAL_GPIO_EXTI_Callback), (2 bytes).
    Removing stm32f1xx_hal_gpio.o(i.HAL_GPIO_EXTI_IRQHandler), (24 bytes).
    Removing stm32f1xx_hal_gpio.o(i.HAL_GPIO_LockPin), (34 bytes).
    Removing stm32f1xx_hal_gpio.o(i.HAL_GPIO_TogglePin), (16 bytes).
    Removing stm32f1xx_hal_dma.o(.rev16_text), (4 bytes).
    Removing stm32f1xx_hal_dma.o(.revsh_text), (4 bytes).
    Removing stm32f1xx_hal_dma.o(.rrx_text), (6 bytes).
    Removing stm32f1xx_hal_dma.o(i.DMA_SetConfig), (42 bytes).
    Removing stm32f1xx_hal_dma.o(i.HAL_DMA_Abort), (70 bytes).
    Removing stm32f1xx_hal_dma.o(i.HAL_DMA_Abort_IT), (304 bytes).
    Removing stm32f1xx_hal_dma.o(i.HAL_DMA_DeInit), (128 bytes).
    Removing stm32f1xx_hal_dma.o(i.HAL_DMA_GetError), (4 bytes).
    Removing stm32f1xx_hal_dma.o(i.HAL_DMA_GetState), (6 bytes).
    Removing stm32f1xx_hal_dma.o(i.HAL_DMA_IRQHandler), (584 bytes).
    Removing stm32f1xx_hal_dma.o(i.HAL_DMA_Init), (124 bytes).
    Removing stm32f1xx_hal_dma.o(i.HAL_DMA_PollForTransfer), (988 bytes).
    Removing stm32f1xx_hal_dma.o(i.HAL_DMA_RegisterCallback), (74 bytes).
    Removing stm32f1xx_hal_dma.o(i.HAL_DMA_Start), (80 bytes).
    Removing stm32f1xx_hal_dma.o(i.HAL_DMA_Start_IT), (112 bytes).
    Removing stm32f1xx_hal_dma.o(i.HAL_DMA_UnRegisterCallback), (82 bytes).
    Removing stm32f1xx_hal_cortex.o(.rev16_text), (4 bytes).
    Removing stm32f1xx_hal_cortex.o(.revsh_text), (4 bytes).
    Removing stm32f1xx_hal_cortex.o(.rrx_text), (6 bytes).
    Removing stm32f1xx_hal_cortex.o(i.HAL_NVIC_ClearPendingIRQ), (26 bytes).
    Removing stm32f1xx_hal_cortex.o(i.HAL_NVIC_DisableIRQ), (34 bytes).
    Removing stm32f1xx_hal_cortex.o(i.HAL_NVIC_EnableIRQ), (26 bytes).
    Removing stm32f1xx_hal_cortex.o(i.HAL_NVIC_GetActive), (36 bytes).
    Removing stm32f1xx_hal_cortex.o(i.HAL_NVIC_GetPendingIRQ), (36 bytes).
    Removing stm32f1xx_hal_cortex.o(i.HAL_NVIC_GetPriority), (82 bytes).
    Removing stm32f1xx_hal_cortex.o(i.HAL_NVIC_GetPriorityGrouping), (16 bytes).
    Removing stm32f1xx_hal_cortex.o(i.HAL_NVIC_SetPendingIRQ), (26 bytes).
    Removing stm32f1xx_hal_cortex.o(i.HAL_NVIC_SystemReset), (36 bytes).
    Removing stm32f1xx_hal_cortex.o(i.HAL_SYSTICK_CLKSourceConfig), (24 bytes).
    Removing stm32f1xx_hal_cortex.o(i.HAL_SYSTICK_Callback), (2 bytes).
    Removing stm32f1xx_hal_cortex.o(i.HAL_SYSTICK_IRQHandler), (8 bytes).
    Removing stm32f1xx_hal_pwr.o(.rev16_text), (4 bytes).
    Removing stm32f1xx_hal_pwr.o(.revsh_text), (4 bytes).
    Removing stm32f1xx_hal_pwr.o(.rrx_text), (6 bytes).
    Removing stm32f1xx_hal_pwr.o(i.HAL_PWR_ConfigPVD), (124 bytes).
    Removing stm32f1xx_hal_pwr.o(i.HAL_PWR_DeInit), (24 bytes).
    Removing stm32f1xx_hal_pwr.o(i.HAL_PWR_DisableBkUpAccess), (12 bytes).
    Removing stm32f1xx_hal_pwr.o(i.HAL_PWR_DisablePVD), (12 bytes).
    Removing stm32f1xx_hal_pwr.o(i.HAL_PWR_DisableSEVOnPend), (16 bytes).
    Removing stm32f1xx_hal_pwr.o(i.HAL_PWR_DisableSleepOnExit), (16 bytes).
    Removing stm32f1xx_hal_pwr.o(i.HAL_PWR_DisableWakeUpPin), (28 bytes).
    Removing stm32f1xx_hal_pwr.o(i.HAL_PWR_EnableBkUpAccess), (12 bytes).
    Removing stm32f1xx_hal_pwr.o(i.HAL_PWR_EnablePVD), (12 bytes).
    Removing stm32f1xx_hal_pwr.o(i.HAL_PWR_EnableSEVOnPend), (16 bytes).
    Removing stm32f1xx_hal_pwr.o(i.HAL_PWR_EnableSleepOnExit), (16 bytes).
    Removing stm32f1xx_hal_pwr.o(i.HAL_PWR_EnableWakeUpPin), (28 bytes).
    Removing stm32f1xx_hal_pwr.o(i.HAL_PWR_EnterSLEEPMode), (32 bytes).
    Removing stm32f1xx_hal_pwr.o(i.HAL_PWR_EnterSTANDBYMode), (32 bytes).
    Removing stm32f1xx_hal_pwr.o(i.HAL_PWR_EnterSTOPMode), (68 bytes).
    Removing stm32f1xx_hal_pwr.o(i.HAL_PWR_PVDCallback), (2 bytes).
    Removing stm32f1xx_hal_pwr.o(i.HAL_PWR_PVD_IRQHandler), (28 bytes).
    Removing stm32f1xx_hal_pwr.o(i.PWR_OverloadWfe), (6 bytes).
    Removing stm32f1xx_hal_flash.o(.rev16_text), (4 bytes).
    Removing stm32f1xx_hal_flash.o(.revsh_text), (4 bytes).
    Removing stm32f1xx_hal_flash.o(.rrx_text), (6 bytes).
    Removing stm32f1xx_hal_flash.o(i.FLASH_Program_HalfWord), (28 bytes).
    Removing stm32f1xx_hal_flash.o(i.FLASH_SetErrorCode), (92 bytes).
    Removing stm32f1xx_hal_flash.o(i.FLASH_WaitForLastOperation), (84 bytes).
    Removing stm32f1xx_hal_flash.o(i.HAL_FLASH_EndOfOperationCallback), (2 bytes).
    Removing stm32f1xx_hal_flash.o(i.HAL_FLASH_GetError), (12 bytes).
    Removing stm32f1xx_hal_flash.o(i.HAL_FLASH_IRQHandler), (264 bytes).
    Removing stm32f1xx_hal_flash.o(i.HAL_FLASH_Lock), (20 bytes).
    Removing stm32f1xx_hal_flash.o(i.HAL_FLASH_OB_Launch), (4 bytes).
    Removing stm32f1xx_hal_flash.o(i.HAL_FLASH_OB_Lock), (20 bytes).
    Removing stm32f1xx_hal_flash.o(i.HAL_FLASH_OB_Unlock), (36 bytes).
    Removing stm32f1xx_hal_flash.o(i.HAL_FLASH_OperationErrorCallback), (2 bytes).
    Removing stm32f1xx_hal_flash.o(i.HAL_FLASH_Program), (128 bytes).
    Removing stm32f1xx_hal_flash.o(i.HAL_FLASH_Program_IT), (100 bytes).
    Removing stm32f1xx_hal_flash.o(i.HAL_FLASH_Unlock), (40 bytes).
    Removing stm32f1xx_hal_flash.o(.bss), (32 bytes).
    Removing stm32f1xx_hal_flash_ex.o(.rev16_text), (4 bytes).
    Removing stm32f1xx_hal_flash_ex.o(.revsh_text), (4 bytes).
    Removing stm32f1xx_hal_flash_ex.o(.rrx_text), (6 bytes).
    Removing stm32f1xx_hal_flash_ex.o(i.FLASH_MassErase), (36 bytes).
    Removing stm32f1xx_hal_flash_ex.o(i.FLASH_OB_DisableWRP), (176 bytes).
    Removing stm32f1xx_hal_flash_ex.o(i.FLASH_OB_EnableWRP), (176 bytes).
    Removing stm32f1xx_hal_flash_ex.o(i.FLASH_OB_GetRDP), (24 bytes).
    Removing stm32f1xx_hal_flash_ex.o(i.FLASH_OB_RDP_LevelConfig), (100 bytes).
    Removing stm32f1xx_hal_flash_ex.o(i.FLASH_PageErase), (36 bytes).
    Removing stm32f1xx_hal_flash_ex.o(i.HAL_FLASHEx_Erase), (168 bytes).
    Removing stm32f1xx_hal_flash_ex.o(i.HAL_FLASHEx_Erase_IT), (84 bytes).
    Removing stm32f1xx_hal_flash_ex.o(i.HAL_FLASHEx_OBErase), (84 bytes).
    Removing stm32f1xx_hal_flash_ex.o(i.HAL_FLASHEx_OBGetConfig), (36 bytes).
    Removing stm32f1xx_hal_flash_ex.o(i.HAL_FLASHEx_OBGetUserData), (32 bytes).
    Removing stm32f1xx_hal_flash_ex.o(i.HAL_FLASHEx_OBProgram), (200 bytes).
    Removing stm32f1xx_hal_exti.o(.rev16_text), (4 bytes).
    Removing stm32f1xx_hal_exti.o(.revsh_text), (4 bytes).
    Removing stm32f1xx_hal_exti.o(.rrx_text), (6 bytes).
    Removing stm32f1xx_hal_exti.o(i.HAL_EXTI_ClearConfigLine), (104 bytes).
    Removing stm32f1xx_hal_exti.o(i.HAL_EXTI_ClearPending), (20 bytes).
    Removing stm32f1xx_hal_exti.o(i.HAL_EXTI_GenerateSWI), (20 bytes).
    Removing stm32f1xx_hal_exti.o(i.HAL_EXTI_GetConfigLine), (152 bytes).
    Removing stm32f1xx_hal_exti.o(i.HAL_EXTI_GetHandle), (12 bytes).
    Removing stm32f1xx_hal_exti.o(i.HAL_EXTI_GetPending), (24 bytes).
    Removing stm32f1xx_hal_exti.o(i.HAL_EXTI_IRQHandler), (36 bytes).
    Removing stm32f1xx_hal_exti.o(i.HAL_EXTI_RegisterCallback), (14 bytes).
    Removing stm32f1xx_hal_exti.o(i.HAL_EXTI_SetConfigLine), (164 bytes).
    Removing system_stm32f1xx.o(.rev16_text), (4 bytes).
    Removing system_stm32f1xx.o(.revsh_text), (4 bytes).
    Removing system_stm32f1xx.o(.rrx_text), (6 bytes).
    Removing system_stm32f1xx.o(i.SystemCoreClockUpdate), (104 bytes).
    Removing vl53l0x_api.o(.rev16_text), (4 bytes).
    Removing vl53l0x_api.o(.revsh_text), (4 bytes).
    Removing vl53l0x_api.o(.rrx_text), (6 bytes).
    Removing vl53l0x_api.o(i.VL53L0X_CheckAndLoadInterruptSettings), (124 bytes).
    Removing vl53l0x_api.o(i.VL53L0X_DataInit), (408 bytes).
    Removing vl53l0x_api.o(i.VL53L0X_EnableInterruptMask), (6 bytes).
    Removing vl53l0x_api.o(i.VL53L0X_GetDeviceErrorStatus), (24 bytes).
    Removing vl53l0x_api.o(i.VL53L0X_GetDeviceErrorString), (4 bytes).
    Removing vl53l0x_api.o(i.VL53L0X_GetDeviceInfo), (4 bytes).
    Removing vl53l0x_api.o(i.VL53L0X_GetDeviceMode), (10 bytes).
    Removing vl53l0x_api.o(i.VL53L0X_GetDeviceParameters), (128 bytes).
    Removing vl53l0x_api.o(i.VL53L0X_GetDmaxCalParameters), (20 bytes).
    Removing vl53l0x_api.o(i.VL53L0X_GetFractionEnable), (26 bytes).
    Removing vl53l0x_api.o(i.VL53L0X_GetGpioConfig), (118 bytes).
    Removing vl53l0x_api.o(i.VL53L0X_GetHistogramMeasurementData), (6 bytes).
    Removing vl53l0x_api.o(i.VL53L0X_GetHistogramMode), (6 bytes).
    Removing vl53l0x_api.o(i.VL53L0X_GetInterMeasurementPeriodMilliSeconds), (54 bytes).
    Removing vl53l0x_api.o(i.VL53L0X_GetInterruptMaskStatus), (34 bytes).
    Removing vl53l0x_api.o(i.VL53L0X_GetInterruptThresholds), (52 bytes).
    Removing vl53l0x_api.o(i.VL53L0X_GetLimitCheckCurrent), (68 bytes).
    Removing vl53l0x_api.o(i.VL53L0X_GetLimitCheckInfo), (4 bytes).
    Removing vl53l0x_api.o(i.VL53L0X_GetLimitCheckStatus), (22 bytes).
    Removing vl53l0x_api.o(i.VL53L0X_GetLinearityCorrectiveGain), (12 bytes).
    Removing vl53l0x_api.o(i.VL53L0X_GetMaxNumberOfROIZones), (8 bytes).
    Removing vl53l0x_api.o(i.VL53L0X_GetMeasurementDataReady), (58 bytes).
    Removing vl53l0x_api.o(i.VL53L0X_GetMeasurementRefSignal), (42 bytes).
    Removing vl53l0x_api.o(i.VL53L0X_GetMeasurementTimingBudgetMicroSeconds), (4 bytes).
    Removing vl53l0x_api.o(i.VL53L0X_GetNumberOfLimitCheck), (10 bytes).
    Removing vl53l0x_api.o(i.VL53L0X_GetNumberOfROIZones), (8 bytes).
    Removing vl53l0x_api.o(i.VL53L0X_GetNumberOfSequenceSteps), (8 bytes).
    Removing vl53l0x_api.o(i.VL53L0X_GetOffsetCalibrationDataMicroMeter), (4 bytes).
    Removing vl53l0x_api.o(i.VL53L0X_GetPalErrorString), (4 bytes).
    Removing vl53l0x_api.o(i.VL53L0X_GetPalSpecVersion), (24 bytes).
    Removing vl53l0x_api.o(i.VL53L0X_GetPalState), (12 bytes).
    Removing vl53l0x_api.o(i.VL53L0X_GetPalStateString), (4 bytes).
    Removing vl53l0x_api.o(i.VL53L0X_GetPowerMode), (38 bytes).
    Removing vl53l0x_api.o(i.VL53L0X_GetProductRevision), (28 bytes).
    Removing vl53l0x_api.o(i.VL53L0X_GetRangeStatusString), (4 bytes).
    Removing vl53l0x_api.o(i.VL53L0X_GetRefCalibration), (4 bytes).
    Removing vl53l0x_api.o(i.VL53L0X_GetReferenceSpads), (4 bytes).
    Removing vl53l0x_api.o(i.VL53L0X_GetSequenceStepEnable), (44 bytes).
    Removing vl53l0x_api.o(i.VL53L0X_GetSequenceStepEnables), (114 bytes).
    Removing vl53l0x_api.o(i.VL53L0X_GetSequenceStepTimeout), (38 bytes).
    Removing vl53l0x_api.o(i.VL53L0X_GetSequenceStepsInfo), (4 bytes).
    Removing vl53l0x_api.o(i.VL53L0X_GetSpadAmbientDamperFactor), (48 bytes).
    Removing vl53l0x_api.o(i.VL53L0X_GetSpadAmbientDamperThreshold), (44 bytes).
    Removing vl53l0x_api.o(i.VL53L0X_GetStopCompletedStatus), (130 bytes).
    Removing vl53l0x_api.o(i.VL53L0X_GetTotalSignalRate), (34 bytes).
    Removing vl53l0x_api.o(i.VL53L0X_GetTuningSettingBuffer), (20 bytes).
    Removing vl53l0x_api.o(i.VL53L0X_GetUpperLimitMilliMeter), (6 bytes).
    Removing vl53l0x_api.o(i.VL53L0X_GetVcselPulsePeriod), (4 bytes).
    Removing vl53l0x_api.o(i.VL53L0X_GetVersion), (22 bytes).
    Removing vl53l0x_api.o(i.VL53L0X_GetWrapAroundCheckEnable), (44 bytes).
    Removing vl53l0x_api.o(i.VL53L0X_GetXTalkCompensationRateMegaCps), (44 bytes).
    Removing vl53l0x_api.o(i.VL53L0X_PerformOffsetCalibration), (4 bytes).
    Removing vl53l0x_api.o(i.VL53L0X_PerformRefCalibration), (6 bytes).
    Removing vl53l0x_api.o(i.VL53L0X_PerformRefSpadManagement), (4 bytes).
    Removing vl53l0x_api.o(i.VL53L0X_PerformSingleHistogramMeasurement), (6 bytes).
    Removing vl53l0x_api.o(i.VL53L0X_PerformSingleMeasurement), (34 bytes).
    Removing vl53l0x_api.o(i.VL53L0X_PerformSingleRangingMeasurement), (52 bytes).
    Removing vl53l0x_api.o(i.VL53L0X_PerformXTalkCalibration), (4 bytes).
    Removing vl53l0x_api.o(i.VL53L0X_PerformXTalkMeasurement), (6 bytes).
    Removing vl53l0x_api.o(i.VL53L0X_ResetDevice), (90 bytes).
    Removing vl53l0x_api.o(i.VL53L0X_SetDeviceAddress), (8 bytes).
    Removing vl53l0x_api.o(i.VL53L0X_SetDeviceMode), (36 bytes).
    Removing vl53l0x_api.o(i.VL53L0X_SetDeviceParameters), (116 bytes).
    Removing vl53l0x_api.o(i.VL53L0X_SetDmaxCalParameters), (46 bytes).
    Removing vl53l0x_api.o(i.VL53L0X_SetGpioConfig), (312 bytes).
    Removing vl53l0x_api.o(i.VL53L0X_SetGroupParamHold), (6 bytes).
    Removing vl53l0x_api.o(i.VL53L0X_SetHistogramMode), (6 bytes).
    Removing vl53l0x_api.o(i.VL53L0X_SetInterMeasurementPeriodMilliSeconds), (48 bytes).
    Removing vl53l0x_api.o(i.VL53L0X_SetInterruptThresholds), (38 bytes).
    Removing vl53l0x_api.o(i.VL53L0X_SetLimitCheckEnable), (130 bytes).
    Removing vl53l0x_api.o(i.VL53L0X_SetLimitCheckValue), (80 bytes).
    Removing vl53l0x_api.o(i.VL53L0X_SetLinearityCorrectiveGain), (34 bytes).
    Removing vl53l0x_api.o(i.VL53L0X_SetMeasurementTimingBudgetMicroSeconds), (4 bytes).
    Removing vl53l0x_api.o(i.VL53L0X_SetNumberOfROIZones), (10 bytes).
    Removing vl53l0x_api.o(i.VL53L0X_SetOffsetCalibrationDataMicroMeter), (4 bytes).
    Removing vl53l0x_api.o(i.VL53L0X_SetPowerMode), (70 bytes).
    Removing vl53l0x_api.o(i.VL53L0X_SetRangeFractionEnable), (24 bytes).
    Removing vl53l0x_api.o(i.VL53L0X_SetRefCalibration), (4 bytes).
    Removing vl53l0x_api.o(i.VL53L0X_SetReferenceSpads), (4 bytes).
    Removing vl53l0x_api.o(i.VL53L0X_SetSequenceStepEnable), (174 bytes).
    Removing vl53l0x_api.o(i.VL53L0X_SetSequenceStepTimeout), (90 bytes).
    Removing vl53l0x_api.o(i.VL53L0X_SetSpadAmbientDamperFactor), (44 bytes).
    Removing vl53l0x_api.o(i.VL53L0X_SetSpadAmbientDamperThreshold), (44 bytes).
    Removing vl53l0x_api.o(i.VL53L0X_SetTuningSettingBuffer), (34 bytes).
    Removing vl53l0x_api.o(i.VL53L0X_SetVcselPulsePeriod), (4 bytes).
    Removing vl53l0x_api.o(i.VL53L0X_SetWrapAroundCheckEnable), (70 bytes).
    Removing vl53l0x_api.o(i.VL53L0X_SetXTalkCompensationEnable), (52 bytes).
    Removing vl53l0x_api.o(i.VL53L0X_SetXTalkCompensationRateMegaCps), (46 bytes).
    Removing vl53l0x_api.o(i.VL53L0X_StartMeasurement), (212 bytes).
    Removing vl53l0x_api.o(i.VL53L0X_StaticInit), (372 bytes).
    Removing vl53l0x_api.o(i.VL53L0X_StopMeasurement), (86 bytes).
    Removing vl53l0x_api.o(i.VL53L0X_WaitDeviceBooted), (6 bytes).
    Removing vl53l0x_api.o(i.VL53L0X_WaitDeviceReadyForNewMeasurement), (6 bytes).
    Removing vl53l0x_api.o(i.sequence_step_enabled), (56 bytes).
    Removing vl53l0x_api.o(.data), (681 bytes).
    Removing vl53l0x_api_calibration.o(.rev16_text), (4 bytes).
    Removing vl53l0x_api_calibration.o(.revsh_text), (4 bytes).
    Removing vl53l0x_api_calibration.o(.rrx_text), (6 bytes).
    Removing vl53l0x_api_calibration.o(i.VL53L0X_apply_offset_adjustment), (50 bytes).
    Removing vl53l0x_api_calibration.o(i.VL53L0X_get_offset_calibration_data_micro_meter), (50 bytes).
    Removing vl53l0x_api_calibration.o(i.VL53L0X_get_ref_calibration), (26 bytes).
    Removing vl53l0x_api_calibration.o(i.VL53L0X_get_reference_spads), (114 bytes).
    Removing vl53l0x_api_calibration.o(i.VL53L0X_perform_offset_calibration), (198 bytes).
    Removing vl53l0x_api_calibration.o(i.VL53L0X_perform_phase_calibration), (116 bytes).
    Removing vl53l0x_api_calibration.o(i.VL53L0X_perform_ref_calibration), (64 bytes).
    Removing vl53l0x_api_calibration.o(i.VL53L0X_perform_ref_spad_management), (542 bytes).
    Removing vl53l0x_api_calibration.o(i.VL53L0X_perform_single_ref_calibration), (56 bytes).
    Removing vl53l0x_api_calibration.o(i.VL53L0X_perform_vhv_calibration), (116 bytes).
    Removing vl53l0x_api_calibration.o(i.VL53L0X_perform_xtalk_calibration), (224 bytes).
    Removing vl53l0x_api_calibration.o(i.VL53L0X_ref_calibration_io), (178 bytes).
    Removing vl53l0x_api_calibration.o(i.VL53L0X_set_offset_calibration_data_micro_meter), (60 bytes).
    Removing vl53l0x_api_calibration.o(i.VL53L0X_set_ref_calibration), (32 bytes).
    Removing vl53l0x_api_calibration.o(i.VL53L0X_set_reference_spads), (166 bytes).
    Removing vl53l0x_api_calibration.o(i.count_enabled_spads), (148 bytes).
    Removing vl53l0x_api_calibration.o(i.enable_ref_spads), (148 bytes).
    Removing vl53l0x_api_calibration.o(i.enable_spad_bit), (42 bytes).
    Removing vl53l0x_api_calibration.o(i.get_next_good_spad), (92 bytes).
    Removing vl53l0x_api_calibration.o(i.get_ref_spad_map), (10 bytes).
    Removing vl53l0x_api_calibration.o(i.is_aperture), (24 bytes).
    Removing vl53l0x_api_calibration.o(i.perform_ref_signal_measurement), (100 bytes).
    Removing vl53l0x_api_calibration.o(i.set_ref_spad_map), (10 bytes).
    Removing vl53l0x_api_calibration.o(.data), (16 bytes).
    Removing vl53l0x_api_core.o(.rev16_text), (4 bytes).
    Removing vl53l0x_api_core.o(.revsh_text), (4 bytes).
    Removing vl53l0x_api_core.o(.rrx_text), (6 bytes).
    Removing vl53l0x_api_core.o(i.VL53L0X_calc_timeout_us), (34 bytes).
    Removing vl53l0x_api_core.o(i.VL53L0X_decode_timeout), (12 bytes).
    Removing vl53l0x_api_core.o(i.VL53L0X_decode_vcsel_period), (8 bytes).
    Removing vl53l0x_api_core.o(i.VL53L0X_device_read_strobe), (74 bytes).
    Removing vl53l0x_api_core.o(i.VL53L0X_encode_timeout), (30 bytes).
    Removing vl53l0x_api_core.o(i.VL53L0X_encode_vcsel_period), (10 bytes).
    Removing vl53l0x_api_core.o(i.VL53L0X_get_info_from_device), (1320 bytes).
    Removing vl53l0x_api_core.o(i.VL53L0X_get_measurement_timing_budget_micro_seconds), (196 bytes).
    Removing vl53l0x_api_core.o(i.VL53L0X_get_vcsel_pulse_period), (48 bytes).
    Removing vl53l0x_api_core.o(i.VL53L0X_load_tuning_settings), (164 bytes).
    Removing vl53l0x_api_core.o(i.VL53L0X_measurement_poll_for_completion), (54 bytes).
    Removing vl53l0x_api_core.o(i.VL53L0X_quadrature_sum), (28 bytes).
    Removing vl53l0x_api_core.o(i.VL53L0X_reverse_bytes), (32 bytes).
    Removing vl53l0x_api_core.o(i.VL53L0X_set_measurement_timing_budget_micro_seconds), (194 bytes).
    Removing vl53l0x_api_core.o(i.VL53L0X_set_vcsel_pulse_period), (544 bytes).
    Removing vl53l0x_api_core.o(i.get_sequence_step_timeout), (242 bytes).
    Removing vl53l0x_api_core.o(i.set_sequence_step_timeout), (258 bytes).
    Removing vl53l0x_api_ranging.o(.rev16_text), (4 bytes).
    Removing vl53l0x_api_ranging.o(.revsh_text), (4 bytes).
    Removing vl53l0x_api_ranging.o(.rrx_text), (6 bytes).
    Removing vl53l0x_api_strings.o(.rev16_text), (4 bytes).
    Removing vl53l0x_api_strings.o(.revsh_text), (4 bytes).
    Removing vl53l0x_api_strings.o(.rrx_text), (6 bytes).
    Removing vl53l0x_api_strings.o(i.VL53L0X_check_part_used), (60 bytes).
    Removing vl53l0x_api_strings.o(i.VL53L0X_get_device_error_string), (464 bytes).
    Removing vl53l0x_api_strings.o(i.VL53L0X_get_device_info), (176 bytes).
    Removing vl53l0x_api_strings.o(i.VL53L0X_get_limit_check_info), (204 bytes).
    Removing vl53l0x_api_strings.o(i.VL53L0X_get_pal_error_string), (592 bytes).
    Removing vl53l0x_api_strings.o(i.VL53L0X_get_pal_state_string), (188 bytes).
    Removing vl53l0x_api_strings.o(i.VL53L0X_get_range_status_string), (168 bytes).
    Removing vl53l0x_api_strings.o(i.VL53L0X_get_sequence_steps_info), (96 bytes).
    Removing dmul.o(.text), (228 bytes).
    Removing ddiv.o(.text), (222 bytes).
    Removing dfltui.o(.text), (26 bytes).
    Removing dfixui.o(.text), (50 bytes).
    Removing depilogue.o(.text), (186 bytes).
    Removing dadd.o(.text), (334 bytes).
    Removing dsqrt.o(.text), (162 bytes).
    Removing dfixul.o(.text), (48 bytes).
    Removing cdcmple.o(.text), (48 bytes).
    Removing cdrcmple.o(.text), (48 bytes).

638 unused section(s) (total 44932 bytes) removed from the image.

==============================================================================

Image Symbol Table

    Local Symbols

    Symbol Name                              Value     Ov Type        Size  Object(Section)

    ../Drivers/STM32F1xx_HAL_Driver/Src/stm32f1xx_hal.c 0x00000000   Number         0  stm32f1xx_hal.o ABSOLUTE
    ../Drivers/STM32F1xx_HAL_Driver/Src/stm32f1xx_hal_cortex.c 0x00000000   Number         0  stm32f1xx_hal_cortex.o ABSOLUTE
    ../Drivers/STM32F1xx_HAL_Driver/Src/stm32f1xx_hal_dma.c 0x00000000   Number         0  stm32f1xx_hal_dma.o ABSOLUTE
    ../Drivers/STM32F1xx_HAL_Driver/Src/stm32f1xx_hal_exti.c 0x00000000   Number         0  stm32f1xx_hal_exti.o ABSOLUTE
    ../Drivers/STM32F1xx_HAL_Driver/Src/stm32f1xx_hal_flash.c 0x00000000   Number         0  stm32f1xx_hal_flash.o ABSOLUTE
    ../Drivers/STM32F1xx_HAL_Driver/Src/stm32f1xx_hal_flash_ex.c 0x00000000   Number         0  stm32f1xx_hal_flash_ex.o ABSOLUTE
    ../Drivers/STM32F1xx_HAL_Driver/Src/stm32f1xx_hal_gpio.c 0x00000000   Number         0  stm32f1xx_hal_gpio.o ABSOLUTE
    ../Drivers/STM32F1xx_HAL_Driver/Src/stm32f1xx_hal_gpio_ex.c 0x00000000   Number         0  stm32f1xx_hal_gpio_ex.o ABSOLUTE
    ../Drivers/STM32F1xx_HAL_Driver/Src/stm32f1xx_hal_pwr.c 0x00000000   Number         0  stm32f1xx_hal_pwr.o ABSOLUTE
    ../Drivers/STM32F1xx_HAL_Driver/Src/stm32f1xx_hal_rcc.c 0x00000000   Number         0  stm32f1xx_hal_rcc.o ABSOLUTE
    ../Drivers/STM32F1xx_HAL_Driver/Src/stm32f1xx_hal_rcc_ex.c 0x00000000   Number         0  stm32f1xx_hal_rcc_ex.o ABSOLUTE
    ../Drivers/STM32F1xx_HAL_Driver/Src/stm32f1xx_hal_tim.c 0x00000000   Number         0  stm32f1xx_hal_tim.o ABSOLUTE
    ../Drivers/STM32F1xx_HAL_Driver/Src/stm32f1xx_hal_tim_ex.c 0x00000000   Number         0  stm32f1xx_hal_tim_ex.o ABSOLUTE
    ../Drivers/STM32F1xx_HAL_Driver/Src/stm32f1xx_hal_uart.c 0x00000000   Number         0  stm32f1xx_hal_uart.o ABSOLUTE
    ../Src/gpio.c                            0x00000000   Number         0  gpio.o ABSOLUTE
    ../Src/main.c                            0x00000000   Number         0  main.o ABSOLUTE
    ../Src/stm32f1xx_hal_msp.c               0x00000000   Number         0  stm32f1xx_hal_msp.o ABSOLUTE
    ../Src/stm32f1xx_it.c                    0x00000000   Number         0  stm32f1xx_it.o ABSOLUTE
    ../Src/system_stm32f1xx.c                0x00000000   Number         0  system_stm32f1xx.o ABSOLUTE
    ../Src/tim.c                             0x00000000   Number         0  tim.o ABSOLUTE
    ../Src/usart.c                           0x00000000   Number         0  usart.o ABSOLUTE
    ../clib/microlib/division.c              0x00000000   Number         0  uldiv.o ABSOLUTE
    ../clib/microlib/division.c              0x00000000   Number         0  uidiv.o ABSOLUTE
    ../clib/microlib/errno.c                 0x00000000   Number         0  errno.o ABSOLUTE
    ../clib/microlib/init/entry.s            0x00000000   Number         0  entry5.o ABSOLUTE
    ../clib/microlib/init/entry.s            0x00000000   Number         0  entry9a.o ABSOLUTE
    ../clib/microlib/init/entry.s            0x00000000   Number         0  entry8a.o ABSOLUTE
    ../clib/microlib/init/entry.s            0x00000000   Number         0  entry7b.o ABSOLUTE
    ../clib/microlib/init/entry.s            0x00000000   Number         0  entry9b.o ABSOLUTE
    ../clib/microlib/init/entry.s            0x00000000   Number         0  entry8b.o ABSOLUTE
    ../clib/microlib/init/entry.s            0x00000000   Number         0  entry11a.o ABSOLUTE
    ../clib/microlib/init/entry.s            0x00000000   Number         0  entry2.o ABSOLUTE
    ../clib/microlib/init/entry.s            0x00000000   Number         0  entry.o ABSOLUTE
    ../clib/microlib/init/entry.s            0x00000000   Number         0  entry7a.o ABSOLUTE
    ../clib/microlib/init/entry.s            0x00000000   Number         0  entry11b.o ABSOLUTE
    ../clib/microlib/init/entry.s            0x00000000   Number         0  entry10b.o ABSOLUTE
    ../clib/microlib/init/entry.s            0x00000000   Number         0  entry10a.o ABSOLUTE
    ../clib/microlib/longlong.c              0x00000000   Number         0  llushr.o ABSOLUTE
    ../clib/microlib/longlong.c              0x00000000   Number         0  llshl.o ABSOLUTE
    ../clib/microlib/longlong.c              0x00000000   Number         0  llsshr.o ABSOLUTE
    ../clib/microlib/printf/printf.c         0x00000000   Number         0  printfa.o ABSOLUTE
    ../clib/microlib/printf/printf.c         0x00000000   Number         0  printf8.o ABSOLUTE
    ../clib/microlib/printf/printf.c         0x00000000   Number         0  printf6.o ABSOLUTE
    ../clib/microlib/printf/printf.c         0x00000000   Number         0  printf5.o ABSOLUTE
    ../clib/microlib/printf/printf.c         0x00000000   Number         0  printf4.o ABSOLUTE
    ../clib/microlib/printf/printf.c         0x00000000   Number         0  printf3.o ABSOLUTE
    ../clib/microlib/printf/printf.c         0x00000000   Number         0  printf2.o ABSOLUTE
    ../clib/microlib/printf/printf.c         0x00000000   Number         0  printf7.o ABSOLUTE
    ../clib/microlib/printf/printf.c         0x00000000   Number         0  printf1.o ABSOLUTE
    ../clib/microlib/printf/printf.c         0x00000000   Number         0  printf0.o ABSOLUTE
    ../clib/microlib/printf/printf.c         0x00000000   Number         0  printfb.o ABSOLUTE
    ../clib/microlib/printf/stubs.s          0x00000000   Number         0  stubs.o ABSOLUTE
    ../clib/microlib/stdio/streams.c         0x00000000   Number         0  stdout.o ABSOLUTE
    ../clib/microlib/string/memcpy.c         0x00000000   Number         0  memcpya.o ABSOLUTE
    ../clib/microlib/string/memcpy.c         0x00000000   Number         0  memcpyb.o ABSOLUTE
    ../clib/microlib/string/memset.c         0x00000000   Number         0  memseta.o ABSOLUTE
    ../clib/microlib/string/strcpy.c         0x00000000   Number         0  strcpy.o ABSOLUTE
    ../clib/microlib/stubs.s                 0x00000000   Number         0  iusefp.o ABSOLUTE
    ../fplib/microlib/fpadd.c                0x00000000   Number         0  dadd.o ABSOLUTE
    ../fplib/microlib/fpdiv.c                0x00000000   Number         0  ddiv.o ABSOLUTE
    ../fplib/microlib/fpepilogue.c           0x00000000   Number         0  depilogue.o ABSOLUTE
    ../fplib/microlib/fpfix.c                0x00000000   Number         0  dfixui.o ABSOLUTE
    ../fplib/microlib/fpfix.c                0x00000000   Number         0  dfixul.o ABSOLUTE
    ../fplib/microlib/fpflt.c                0x00000000   Number         0  dfltui.o ABSOLUTE
    ../fplib/microlib/fpmul.c                0x00000000   Number         0  dmul.o ABSOLUTE
    ../fplib/microlib/fpsqrt.c               0x00000000   Number         0  dsqrt.o ABSOLUTE
    ../mathlib/sqrt.c                        0x00000000   Number         0  sqrt.o ABSOLUTE
    ../mathlib/sqrt.c                        0x00000000   Number         0  sqrt_x.o ABSOLUTE
    ..\Drivers\STM32F1xx_HAL_Driver\Src\stm32f1xx_hal.c 0x00000000   Number         0  stm32f1xx_hal.o ABSOLUTE
    ..\Drivers\STM32F1xx_HAL_Driver\Src\stm32f1xx_hal_cortex.c 0x00000000   Number         0  stm32f1xx_hal_cortex.o ABSOLUTE
    ..\Drivers\STM32F1xx_HAL_Driver\Src\stm32f1xx_hal_dma.c 0x00000000   Number         0  stm32f1xx_hal_dma.o ABSOLUTE
    ..\Drivers\STM32F1xx_HAL_Driver\Src\stm32f1xx_hal_exti.c 0x00000000   Number         0  stm32f1xx_hal_exti.o ABSOLUTE
    ..\Drivers\STM32F1xx_HAL_Driver\Src\stm32f1xx_hal_flash.c 0x00000000   Number         0  stm32f1xx_hal_flash.o ABSOLUTE
    ..\Drivers\STM32F1xx_HAL_Driver\Src\stm32f1xx_hal_flash_ex.c 0x00000000   Number         0  stm32f1xx_hal_flash_ex.o ABSOLUTE
    ..\Drivers\STM32F1xx_HAL_Driver\Src\stm32f1xx_hal_gpio.c 0x00000000   Number         0  stm32f1xx_hal_gpio.o ABSOLUTE
    ..\Drivers\STM32F1xx_HAL_Driver\Src\stm32f1xx_hal_gpio_ex.c 0x00000000   Number         0  stm32f1xx_hal_gpio_ex.o ABSOLUTE
    ..\Drivers\STM32F1xx_HAL_Driver\Src\stm32f1xx_hal_pwr.c 0x00000000   Number         0  stm32f1xx_hal_pwr.o ABSOLUTE
    ..\Drivers\STM32F1xx_HAL_Driver\Src\stm32f1xx_hal_rcc.c 0x00000000   Number         0  stm32f1xx_hal_rcc.o ABSOLUTE
    ..\Drivers\STM32F1xx_HAL_Driver\Src\stm32f1xx_hal_rcc_ex.c 0x00000000   Number         0  stm32f1xx_hal_rcc_ex.o ABSOLUTE
    ..\Drivers\STM32F1xx_HAL_Driver\Src\stm32f1xx_hal_tim.c 0x00000000   Number         0  stm32f1xx_hal_tim.o ABSOLUTE
    ..\Drivers\STM32F1xx_HAL_Driver\Src\stm32f1xx_hal_tim_ex.c 0x00000000   Number         0  stm32f1xx_hal_tim_ex.o ABSOLUTE
    ..\Drivers\STM32F1xx_HAL_Driver\Src\stm32f1xx_hal_uart.c 0x00000000   Number         0  stm32f1xx_hal_uart.o ABSOLUTE
    ..\Lazer_Src\vl53l0x.c                   0x00000000   Number         0  vl53l0x.o ABSOLUTE
    ..\Lazer_Src\vl53l0x_i2c.c               0x00000000   Number         0  vl53l0x_i2c.o ABSOLUTE
    ..\Lazer_Src\vl53l0x_it.c                0x00000000   Number         0  vl53l0x_it.o ABSOLUTE
    ..\Lazer_Src\vl53l0x_platform.c          0x00000000   Number         0  vl53l0x_platform.o ABSOLUTE
    ..\Lazer_drive\vl53l0x_api.c             0x00000000   Number         0  vl53l0x_api.o ABSOLUTE
    ..\Lazer_drive\vl53l0x_api_calibration.c 0x00000000   Number         0  vl53l0x_api_calibration.o ABSOLUTE
    ..\Lazer_drive\vl53l0x_api_core.c        0x00000000   Number         0  vl53l0x_api_core.o ABSOLUTE
    ..\Lazer_drive\vl53l0x_api_ranging.c     0x00000000   Number         0  vl53l0x_api_ranging.o ABSOLUTE
    ..\Lazer_drive\vl53l0x_api_strings.c     0x00000000   Number         0  vl53l0x_api_strings.o ABSOLUTE
    ..\Src\gpio.c                            0x00000000   Number         0  gpio.o ABSOLUTE
    ..\Src\lcg_functions.c                   0x00000000   Number         0  lcg_functions.o ABSOLUTE
    ..\Src\main.c                            0x00000000   Number         0  main.o ABSOLUTE
    ..\Src\motor.c                           0x00000000   Number         0  motor.o ABSOLUTE
    ..\Src\motor_B.c                         0x00000000   Number         0  motor_b.o ABSOLUTE
    ..\Src\motor_D.c                         0x00000000   Number         0  motor_d.o ABSOLUTE
    ..\Src\other_functions.c                 0x00000000   Number         0  other_functions.o ABSOLUTE
    ..\Src\ps2.c                             0x00000000   Number         0  ps2.o ABSOLUTE
    ..\Src\stm32f1xx_hal_msp.c               0x00000000   Number         0  stm32f1xx_hal_msp.o ABSOLUTE
    ..\Src\stm32f1xx_it.c                    0x00000000   Number         0  stm32f1xx_it.o ABSOLUTE
    ..\Src\system_stm32f1xx.c                0x00000000   Number         0  system_stm32f1xx.o ABSOLUTE
    ..\Src\tim.c                             0x00000000   Number         0  tim.o ABSOLUTE
    ..\Src\usart.c                           0x00000000   Number         0  usart.o ABSOLUTE
    ..\Src\zbw_functions.c                   0x00000000   Number         0  zbw_functions.o ABSOLUTE
    ..\\Lazer_Src\\vl53l0x.c                 0x00000000   Number         0  vl53l0x.o ABSOLUTE
    ..\\Lazer_Src\\vl53l0x_i2c.c             0x00000000   Number         0  vl53l0x_i2c.o ABSOLUTE
    ..\\Lazer_Src\\vl53l0x_it.c              0x00000000   Number         0  vl53l0x_it.o ABSOLUTE
    ..\\Lazer_Src\\vl53l0x_platform.c        0x00000000   Number         0  vl53l0x_platform.o ABSOLUTE
    ..\\Lazer_drive\\vl53l0x_api.c           0x00000000   Number         0  vl53l0x_api.o ABSOLUTE
    ..\\Lazer_drive\\vl53l0x_api_calibration.c 0x00000000   Number         0  vl53l0x_api_calibration.o ABSOLUTE
    ..\\Lazer_drive\\vl53l0x_api_core.c      0x00000000   Number         0  vl53l0x_api_core.o ABSOLUTE
    ..\\Lazer_drive\\vl53l0x_api_ranging.c   0x00000000   Number         0  vl53l0x_api_ranging.o ABSOLUTE
    ..\\Lazer_drive\\vl53l0x_api_strings.c   0x00000000   Number         0  vl53l0x_api_strings.o ABSOLUTE
    ..\\Src\\lcg_functions.c                 0x00000000   Number         0  lcg_functions.o ABSOLUTE
    ..\\Src\\motor.c                         0x00000000   Number         0  motor.o ABSOLUTE
    ..\\Src\\motor_B.c                       0x00000000   Number         0  motor_b.o ABSOLUTE
    ..\\Src\\motor_D.c                       0x00000000   Number         0  motor_d.o ABSOLUTE
    ..\\Src\\other_functions.c               0x00000000   Number         0  other_functions.o ABSOLUTE
    ..\\Src\\ps2.c                           0x00000000   Number         0  ps2.o ABSOLUTE
    ..\\Src\\zbw_functions.c                 0x00000000   Number         0  zbw_functions.o ABSOLUTE
    cdcmple.s                                0x00000000   Number         0  cdcmple.o ABSOLUTE
    cdrcmple.s                               0x00000000   Number         0  cdrcmple.o ABSOLUTE
    dc.s                                     0x00000000   Number         0  dc.o ABSOLUTE
    handlers.s                               0x00000000   Number         0  handlers.o ABSOLUTE
    init.s                                   0x00000000   Number         0  init.o ABSOLUTE
    startup_stm32f103xe.s                    0x00000000   Number         0  startup_stm32f103xe.o ABSOLUTE
    RESET                                    0x08000000   Section      304  startup_stm32f103xe.o(RESET)
    .ARM.Collect$$$$00000000                 0x08000130   Section        0  entry.o(.ARM.Collect$$$$00000000)
    .ARM.Collect$$$$00000001                 0x08000130   Section        4  entry2.o(.ARM.Collect$$$$00000001)
    .ARM.Collect$$$$00000004                 0x08000134   Section        4  entry5.o(.ARM.Collect$$$$00000004)
    .ARM.Collect$$$$00000008                 0x08000138   Section        0  entry7b.o(.ARM.Collect$$$$00000008)
    .ARM.Collect$$$$0000000A                 0x08000138   Section        0  entry8b.o(.ARM.Collect$$$$0000000A)
    .ARM.Collect$$$$0000000B                 0x08000138   Section        8  entry9a.o(.ARM.Collect$$$$0000000B)
    .ARM.Collect$$$$0000000D                 0x08000140   Section        0  entry10a.o(.ARM.Collect$$$$0000000D)
    .ARM.Collect$$$$0000000F                 0x08000140   Section        0  entry11a.o(.ARM.Collect$$$$0000000F)
    .ARM.Collect$$$$00002712                 0x08000140   Section        4  entry2.o(.ARM.Collect$$$$00002712)
    __lit__00000000                          0x08000140   Data           4  entry2.o(.ARM.Collect$$$$00002712)
    .text                                    0x08000144   Section       36  startup_stm32f103xe.o(.text)
    .text                                    0x08000168   Section        0  llushr.o(.text)
    .text                                    0x08000188   Section        0  memcpya.o(.text)
    .text                                    0x080001ac   Section        0  memseta.o(.text)
    .text                                    0x080001d0   Section        0  uldiv.o(.text)
    .text                                    0x08000234   Section       36  init.o(.text)
    .text                                    0x08000258   Section        0  llshl.o(.text)
    i.BusFault_Handler                       0x08000276   Section        0  stm32f1xx_it.o(i.BusFault_Handler)
    i.DebugMon_Handler                       0x08000278   Section        0  stm32f1xx_it.o(i.DebugMon_Handler)
    i.EXTI4_IRQHandler                       0x0800027c   Section        0  vl53l0x_it.o(i.EXTI4_IRQHandler)
    i.Error_Handler                          0x080002a8   Section        0  main.o(i.Error_Handler)
    i.HAL_Delay                              0x080002ac   Section        0  stm32f1xx_hal.o(i.HAL_Delay)
    i.HAL_GPIO_Init                          0x080002d0   Section        0  stm32f1xx_hal_gpio.o(i.HAL_GPIO_Init)
    i.HAL_GPIO_ReadPin                       0x080004c8   Section        0  stm32f1xx_hal_gpio.o(i.HAL_GPIO_ReadPin)
    i.HAL_GPIO_WritePin                      0x080004d2   Section        0  stm32f1xx_hal_gpio.o(i.HAL_GPIO_WritePin)
    i.HAL_GetTick                            0x080004dc   Section        0  stm32f1xx_hal.o(i.HAL_GetTick)
    i.HAL_IncTick                            0x080004e8   Section        0  stm32f1xx_hal.o(i.HAL_IncTick)
    i.HAL_Init                               0x080004f8   Section        0  stm32f1xx_hal.o(i.HAL_Init)
    i.HAL_InitTick                           0x0800051c   Section        0  stm32f1xx_hal.o(i.HAL_InitTick)
    i.HAL_MspInit                            0x0800055c   Section        0  stm32f1xx_hal_msp.o(i.HAL_MspInit)
    i.HAL_NVIC_SetPriority                   0x08000598   Section        0  stm32f1xx_hal_cortex.o(i.HAL_NVIC_SetPriority)
    i.HAL_NVIC_SetPriorityGrouping           0x080005d8   Section        0  stm32f1xx_hal_cortex.o(i.HAL_NVIC_SetPriorityGrouping)
    i.HAL_RCC_ClockConfig                    0x080005fc   Section        0  stm32f1xx_hal_rcc.o(i.HAL_RCC_ClockConfig)
    i.HAL_RCC_GetPCLK1Freq                   0x08000728   Section        0  stm32f1xx_hal_rcc.o(i.HAL_RCC_GetPCLK1Freq)
    i.HAL_RCC_GetPCLK2Freq                   0x08000748   Section        0  stm32f1xx_hal_rcc.o(i.HAL_RCC_GetPCLK2Freq)
    i.HAL_RCC_GetSysClockFreq                0x08000768   Section        0  stm32f1xx_hal_rcc.o(i.HAL_RCC_GetSysClockFreq)
    i.HAL_RCC_OscConfig                      0x080007d4   Section        0  stm32f1xx_hal_rcc.o(i.HAL_RCC_OscConfig)
    i.HAL_SYSTICK_Config                     0x08000af4   Section        0  stm32f1xx_hal_cortex.o(i.HAL_SYSTICK_Config)
    i.HAL_TIMEx_MasterConfigSynchronization  0x08000b1c   Section        0  stm32f1xx_hal_tim_ex.o(i.HAL_TIMEx_MasterConfigSynchronization)
    i.HAL_TIM_MspPostInit                    0x08000b98   Section        0  tim.o(i.HAL_TIM_MspPostInit)
    i.HAL_TIM_PWM_ConfigChannel              0x08000c94   Section        0  stm32f1xx_hal_tim.o(i.HAL_TIM_PWM_ConfigChannel)
    i.HAL_TIM_PWM_Init                       0x08000d5a   Section        0  stm32f1xx_hal_tim.o(i.HAL_TIM_PWM_Init)
    i.HAL_TIM_PWM_MspInit                    0x08000db4   Section        0  tim.o(i.HAL_TIM_PWM_MspInit)
    i.HAL_UART_Init                          0x08000e24   Section        0  stm32f1xx_hal_uart.o(i.HAL_UART_Init)
    i.HAL_UART_MspInit                       0x08000e88   Section        0  usart.o(i.HAL_UART_MspInit)
    i.HAL_UART_Transmit                      0x08000ef8   Section        0  stm32f1xx_hal_uart.o(i.HAL_UART_Transmit)
    i.HardFault_Handler                      0x08000faa   Section        0  stm32f1xx_it.o(i.HardFault_Handler)
    i.MX_GPIO_Init                           0x08000fac   Section        0  gpio.o(i.MX_GPIO_Init)
    i.MX_TIM2_Init                           0x08001140   Section        0  tim.o(i.MX_TIM2_Init)
    i.MX_TIM3_Init                           0x080011c4   Section        0  tim.o(i.MX_TIM3_Init)
    i.MX_TIM4_Init                           0x08001258   Section        0  tim.o(i.MX_TIM4_Init)
    i.MX_TIM5_Init                           0x080012fc   Section        0  tim.o(i.MX_TIM5_Init)
    i.MX_USART1_UART_Init                    0x0800137c   Section        0  usart.o(i.MX_USART1_UART_Init)
    i.MemManage_Handler                      0x080013b4   Section        0  stm32f1xx_it.o(i.MemManage_Handler)
    i.NMI_Handler                            0x080013b6   Section        0  stm32f1xx_it.o(i.NMI_Handler)
    i.PS2_AnologData                         0x080013b8   Section        0  ps2.o(i.PS2_AnologData)
    i.PS2_ClearData                          0x080013c4   Section        0  ps2.o(i.PS2_ClearData)
    i.PS2_Cmd                                0x080013dc   Section        0  ps2.o(i.PS2_Cmd)
    i.PS2_DataKey                            0x08001480   Section        0  ps2.o(i.PS2_DataKey)
    i.PS2_ReadData                           0x080014c0   Section        0  ps2.o(i.PS2_ReadData)
    i.PendSV_Handler                         0x08001598   Section        0  stm32f1xx_it.o(i.PendSV_Handler)
    i.SVC_Handler                            0x0800159a   Section        0  stm32f1xx_it.o(i.SVC_Handler)
    i.SysTick_Handler                        0x0800159c   Section        0  stm32f1xx_it.o(i.SysTick_Handler)
    i.SystemClock_Config                     0x080015a0   Section        0  main.o(i.SystemClock_Config)
    i.SystemInit                             0x080015ee   Section        0  system_stm32f1xx.o(i.SystemInit)
    i.TIM_Base_SetConfig                     0x080015f0   Section        0  stm32f1xx_hal_tim.o(i.TIM_Base_SetConfig)
    i.TIM_OC1_SetConfig                      0x0800167c   Section        0  stm32f1xx_hal_tim.o(i.TIM_OC1_SetConfig)
    TIM_OC1_SetConfig                        0x0800167d   Thumb Code    88  stm32f1xx_hal_tim.o(i.TIM_OC1_SetConfig)
    i.TIM_OC2_SetConfig                      0x080016dc   Section        0  stm32f1xx_hal_tim.o(i.TIM_OC2_SetConfig)
    i.TIM_OC3_SetConfig                      0x08001748   Section        0  stm32f1xx_hal_tim.o(i.TIM_OC3_SetConfig)
    TIM_OC3_SetConfig                        0x08001749   Thumb Code    96  stm32f1xx_hal_tim.o(i.TIM_OC3_SetConfig)
    i.TIM_OC4_SetConfig                      0x080017b0   Section        0  stm32f1xx_hal_tim.o(i.TIM_OC4_SetConfig)
    TIM_OC4_SetConfig                        0x080017b1   Thumb Code    70  stm32f1xx_hal_tim.o(i.TIM_OC4_SetConfig)
    i.UART_SetConfig                         0x08001800   Section        0  stm32f1xx_hal_uart.o(i.UART_SetConfig)
    UART_SetConfig                           0x08001801   Thumb Code   178  stm32f1xx_hal_uart.o(i.UART_SetConfig)
    i.UART_WaitOnFlagUntilTimeout            0x080018b8   Section        0  stm32f1xx_hal_uart.o(i.UART_WaitOnFlagUntilTimeout)
    UART_WaitOnFlagUntilTimeout              0x080018b9   Thumb Code   100  stm32f1xx_hal_uart.o(i.UART_WaitOnFlagUntilTimeout)
    i.UsageFault_Handler                     0x0800191c   Section        0  stm32f1xx_it.o(i.UsageFault_Handler)
    i.VL53L0X_ClearInterruptMask             0x0800191e   Section        0  vl53l0x_api.o(i.VL53L0X_ClearInterruptMask)
    i.VL53L0X_GetLimitCheckEnable            0x0800196a   Section        0  vl53l0x_api.o(i.VL53L0X_GetLimitCheckEnable)
    i.VL53L0X_GetLimitCheckValue             0x08001984   Section        0  vl53l0x_api.o(i.VL53L0X_GetLimitCheckValue)
    i.VL53L0X_GetRangingMeasurementData      0x080019fe   Section        0  vl53l0x_api.o(i.VL53L0X_GetRangingMeasurementData)
    i.VL53L0X_GetXTalkCompensationEnable     0x08001b2a   Section        0  vl53l0x_api.o(i.VL53L0X_GetXTalkCompensationEnable)
    i.VL53L0X_RdByte                         0x08001b34   Section        0  vl53l0x_platform.o(i.VL53L0X_RdByte)
    i.VL53L0X_RdWord                         0x08001b4a   Section        0  vl53l0x_platform.o(i.VL53L0X_RdWord)
    i.VL53L0X_ReadMulti                      0x08001b60   Section        0  vl53l0x_platform.o(i.VL53L0X_ReadMulti)
    i.VL53L0X_WrByte                         0x08001b7e   Section        0  vl53l0x_platform.o(i.VL53L0X_WrByte)
    i.VL53L0X_calc_dmax                      0x08001b94   Section        0  vl53l0x_api_core.o(i.VL53L0X_calc_dmax)
    i.VL53L0X_calc_macro_period_ps           0x08001c6c   Section        0  vl53l0x_api_core.o(i.VL53L0X_calc_macro_period_ps)
    i.VL53L0X_calc_sigma_estimate            0x08001c7c   Section        0  vl53l0x_api_core.o(i.VL53L0X_calc_sigma_estimate)
    i.VL53L0X_calc_timeout_mclks             0x08001ea4   Section        0  vl53l0x_api_core.o(i.VL53L0X_calc_timeout_mclks)
    i.VL53L0X_get_pal_range_status           0x08001ec8   Section        0  vl53l0x_api_core.o(i.VL53L0X_get_pal_range_status)
    i.VL53L0X_get_total_signal_rate          0x080020ae   Section        0  vl53l0x_api_core.o(i.VL53L0X_get_total_signal_rate)
    i.VL53L0X_get_total_xtalk_rate           0x080020ca   Section        0  vl53l0x_api_core.o(i.VL53L0X_get_total_xtalk_rate)
    i.VL53L0X_isqrt                          0x080020f8   Section        0  vl53l0x_api_core.o(i.VL53L0X_isqrt)
    i.VL53L0X_read_byte                      0x08002122   Section        0  vl53l0x_i2c.o(i.VL53L0X_read_byte)
    i.VL53L0X_read_multi                     0x08002128   Section        0  vl53l0x_i2c.o(i.VL53L0X_read_multi)
    i.VL53L0X_read_word                      0x0800213e   Section        0  vl53l0x_i2c.o(i.VL53L0X_read_word)
    i.VL53L0X_write_byte                     0x0800215a   Section        0  vl53l0x_i2c.o(i.VL53L0X_write_byte)
    i.VL53L0X_write_multi                    0x08002166   Section        0  vl53l0x_i2c.o(i.VL53L0X_write_multi)
    i.VL_IIC_Ack                             0x0800217c   Section        0  vl53l0x_i2c.o(i.VL_IIC_Ack)
    i.VL_IIC_NAck                            0x080021c4   Section        0  vl53l0x_i2c.o(i.VL_IIC_NAck)
    i.VL_IIC_Read_Byte                       0x0800220c   Section        0  vl53l0x_i2c.o(i.VL_IIC_Read_Byte)
    i.VL_IIC_Read_nByte                      0x08002280   Section        0  vl53l0x_i2c.o(i.VL_IIC_Read_nByte)
    i.VL_IIC_Send_Byte                       0x080022e4   Section        0  vl53l0x_i2c.o(i.VL_IIC_Send_Byte)
    i.VL_IIC_Start                           0x08002354   Section        0  vl53l0x_i2c.o(i.VL_IIC_Start)
    i.VL_IIC_Stop                            0x080023a0   Section        0  vl53l0x_i2c.o(i.VL_IIC_Stop)
    i.VL_IIC_Wait_Ack                        0x080023ec   Section        0  vl53l0x_i2c.o(i.VL_IIC_Wait_Ack)
    i.VL_IIC_Write_nByte                     0x0800244c   Section        0  vl53l0x_i2c.o(i.VL_IIC_Write_nByte)
    i.__0printf$5                            0x08002494   Section        0  printf5.o(i.__0printf$5)
    i.__NVIC_SetPriority                     0x080024b4   Section        0  stm32f1xx_hal_cortex.o(i.__NVIC_SetPriority)
    __NVIC_SetPriority                       0x080024b5   Thumb Code    32  stm32f1xx_hal_cortex.o(i.__NVIC_SetPriority)
    i.__scatterload_copy                     0x080024d4   Section       14  handlers.o(i.__scatterload_copy)
    i.__scatterload_null                     0x080024e2   Section        2  handlers.o(i.__scatterload_null)
    i.__scatterload_zeroinit                 0x080024e4   Section       14  handlers.o(i.__scatterload_zeroinit)
    i._printf_core                           0x080024f4   Section        0  printf5.o(i._printf_core)
    _printf_core                             0x080024f5   Thumb Code   658  printf5.o(i._printf_core)
    i.delay_us                               0x080027b4   Section        0  other_functions.o(i.delay_us)
    i.fputc                                  0x080027e4   Section        0  stm32f1xx_hal.o(i.fputc)
    i.main                                   0x080027fc   Section        0  main.o(i.main)
    .constdata                               0x08002954   Section       16  system_stm32f1xx.o(.constdata)
    .constdata                               0x08002964   Section        8  system_stm32f1xx.o(.constdata)
    .data                                    0x20000000   Section       36  ps2.o(.data)
    .data                                    0x20000024   Section       12  stm32f1xx_hal.o(.data)
    .data                                    0x20000030   Section        4  system_stm32f1xx.o(.data)
    .data                                    0x20000034   Section        4  stdout.o(.data)
    .bss                                     0x20000038   Section        9  ps2.o(.bss)
    .bss                                     0x20000044   Section      288  tim.o(.bss)
    .bss                                     0x20000164   Section       64  usart.o(.bss)
    .bss                                     0x200001a4   Section      451  vl53l0x.o(.bss)
    .bss                                     0x20000368   Section       28  vl53l0x_it.o(.bss)
    STACK                                    0x20000388   Section     1024  startup_stm32f103xe.o(STACK)

    Global Symbols

    Symbol Name                              Value     Ov Type        Size  Object(Section)

    BuildAttributes$$THM_ISAv4$P$D$K$B$S$PE$A:L22UL41UL21$X:L11$S22US41US21$IEEE1$IW$USESV6$~STKCKD$USESV7$~SHL$OTIME$ROPI$IEEEJ$EBA8$MICROLIB$REQ8$PRES8$EABIv2 0x00000000   Number         0  anon$$obj.o ABSOLUTE
    __ARM_use_no_argv                        0x00000000   Number         0  main.o ABSOLUTE
    _printf_a                                0x00000000   Number         0  stubs.o ABSOLUTE
    _printf_c                                0x00000000   Number         0  stubs.o ABSOLUTE
    _printf_charcount                        0x00000000   Number         0  stubs.o ABSOLUTE
    _printf_d                                0x00000000   Number         0  stubs.o ABSOLUTE
    _printf_e                                0x00000000   Number         0  stubs.o ABSOLUTE
    _printf_f                                0x00000000   Number         0  stubs.o ABSOLUTE
    _printf_flags                            0x00000000   Number         0  stubs.o ABSOLUTE
    _printf_fp_dec                           0x00000000   Number         0  stubs.o ABSOLUTE
    _printf_fp_hex                           0x00000000   Number         0  stubs.o ABSOLUTE
    _printf_g                                0x00000000   Number         0  stubs.o ABSOLUTE
    _printf_i                                0x00000000   Number         0  stubs.o ABSOLUTE
    _printf_int_dec                          0x00000000   Number         0  stubs.o ABSOLUTE
    _printf_l                                0x00000000   Number         0  stubs.o ABSOLUTE
    _printf_lc                               0x00000000   Number         0  stubs.o ABSOLUTE
    _printf_ll                               0x00000000   Number         0  stubs.o ABSOLUTE
    _printf_lld                              0x00000000   Number         0  stubs.o ABSOLUTE
    _printf_lli                              0x00000000   Number         0  stubs.o ABSOLUTE
    _printf_llo                              0x00000000   Number         0  stubs.o ABSOLUTE
    _printf_llu                              0x00000000   Number         0  stubs.o ABSOLUTE
    _printf_llx                              0x00000000   Number         0  stubs.o ABSOLUTE
    _printf_longlong_dec                     0x00000000   Number         0  stubs.o ABSOLUTE
    _printf_longlong_hex                     0x00000000   Number         0  stubs.o ABSOLUTE
    _printf_longlong_oct                     0x00000000   Number         0  stubs.o ABSOLUTE
    _printf_ls                               0x00000000   Number         0  stubs.o ABSOLUTE
    _printf_mbtowc                           0x00000000   Number         0  stubs.o ABSOLUTE
    _printf_n                                0x00000000   Number         0  stubs.o ABSOLUTE
    _printf_o                                0x00000000   Number         0  stubs.o ABSOLUTE
    _printf_p                                0x00000000   Number         0  stubs.o ABSOLUTE
    _printf_percent                          0x00000000   Number         0  stubs.o ABSOLUTE
    _printf_pre_padding                      0x00000000   Number         0  stubs.o ABSOLUTE
    _printf_return_value                     0x00000000   Number         0  stubs.o ABSOLUTE
    _printf_s                                0x00000000   Number         0  stubs.o ABSOLUTE
    _printf_sizespec                         0x00000000   Number         0  stubs.o ABSOLUTE
    _printf_str                              0x00000000   Number         0  stubs.o ABSOLUTE
    _printf_truncate_signed                  0x00000000   Number         0  stubs.o ABSOLUTE
    _printf_truncate_unsigned                0x00000000   Number         0  stubs.o ABSOLUTE
    _printf_u                                0x00000000   Number         0  stubs.o ABSOLUTE
    _printf_wc                               0x00000000   Number         0  stubs.o ABSOLUTE
    _printf_wctomb                           0x00000000   Number         0  stubs.o ABSOLUTE
    _printf_widthprec                        0x00000000   Number         0  stubs.o ABSOLUTE
    _printf_x                                0x00000000   Number         0  stubs.o ABSOLUTE
    __cpp_initialize__aeabi_                  - Undefined Weak Reference
    __cxa_finalize                            - Undefined Weak Reference
    __decompress                              - Undefined Weak Reference
    _clock_init                               - Undefined Weak Reference
    _microlib_exit                            - Undefined Weak Reference
    __Vectors_Size                           0x00000130   Number         0  startup_stm32f103xe.o ABSOLUTE
    __Vectors                                0x08000000   Data           4  startup_stm32f103xe.o(RESET)
    __Vectors_End                            0x08000130   Data           0  startup_stm32f103xe.o(RESET)
    __main                                   0x08000131   Thumb Code     0  entry.o(.ARM.Collect$$$$00000000)
    _main_stk                                0x08000131   Thumb Code     0  entry2.o(.ARM.Collect$$$$00000001)
    _main_scatterload                        0x08000135   Thumb Code     0  entry5.o(.ARM.Collect$$$$00000004)
    __main_after_scatterload                 0x08000139   Thumb Code     0  entry5.o(.ARM.Collect$$$$00000004)
    _main_clock                              0x08000139   Thumb Code     0  entry7b.o(.ARM.Collect$$$$00000008)
    _main_cpp_init                           0x08000139   Thumb Code     0  entry8b.o(.ARM.Collect$$$$0000000A)
    _main_init                               0x08000139   Thumb Code     0  entry9a.o(.ARM.Collect$$$$0000000B)
    __rt_final_cpp                           0x08000141   Thumb Code     0  entry10a.o(.ARM.Collect$$$$0000000D)
    __rt_final_exit                          0x08000141   Thumb Code     0  entry11a.o(.ARM.Collect$$$$0000000F)
    Reset_Handler                            0x08000145   Thumb Code     8  startup_stm32f103xe.o(.text)
    ADC1_2_IRQHandler                        0x0800015f   Thumb Code     0  startup_stm32f103xe.o(.text)
    ADC3_IRQHandler                          0x0800015f   Thumb Code     0  startup_stm32f103xe.o(.text)
    CAN1_RX1_IRQHandler                      0x0800015f   Thumb Code     0  startup_stm32f103xe.o(.text)
    CAN1_SCE_IRQHandler                      0x0800015f   Thumb Code     0  startup_stm32f103xe.o(.text)
    DMA1_Channel1_IRQHandler                 0x0800015f   Thumb Code     0  startup_stm32f103xe.o(.text)
    DMA1_Channel2_IRQHandler                 0x0800015f   Thumb Code     0  startup_stm32f103xe.o(.text)
    DMA1_Channel3_IRQHandler                 0x0800015f   Thumb Code     0  startup_stm32f103xe.o(.text)
    DMA1_Channel4_IRQHandler                 0x0800015f   Thumb Code     0  startup_stm32f103xe.o(.text)
    DMA1_Channel5_IRQHandler                 0x0800015f   Thumb Code     0  startup_stm32f103xe.o(.text)
    DMA1_Channel6_IRQHandler                 0x0800015f   Thumb Code     0  startup_stm32f103xe.o(.text)
    DMA1_Channel7_IRQHandler                 0x0800015f   Thumb Code     0  startup_stm32f103xe.o(.text)
    DMA2_Channel1_IRQHandler                 0x0800015f   Thumb Code     0  startup_stm32f103xe.o(.text)
    DMA2_Channel2_IRQHandler                 0x0800015f   Thumb Code     0  startup_stm32f103xe.o(.text)
    DMA2_Channel3_IRQHandler                 0x0800015f   Thumb Code     0  startup_stm32f103xe.o(.text)
    DMA2_Channel4_5_IRQHandler               0x0800015f   Thumb Code     0  startup_stm32f103xe.o(.text)
    EXTI0_IRQHandler                         0x0800015f   Thumb Code     0  startup_stm32f103xe.o(.text)
    EXTI15_10_IRQHandler                     0x0800015f   Thumb Code     0  startup_stm32f103xe.o(.text)
    EXTI1_IRQHandler                         0x0800015f   Thumb Code     0  startup_stm32f103xe.o(.text)
    EXTI2_IRQHandler                         0x0800015f   Thumb Code     0  startup_stm32f103xe.o(.text)
    EXTI3_IRQHandler                         0x0800015f   Thumb Code     0  startup_stm32f103xe.o(.text)
    EXTI9_5_IRQHandler                       0x0800015f   Thumb Code     0  startup_stm32f103xe.o(.text)
    FLASH_IRQHandler                         0x0800015f   Thumb Code     0  startup_stm32f103xe.o(.text)
    FSMC_IRQHandler                          0x0800015f   Thumb Code     0  startup_stm32f103xe.o(.text)
    I2C1_ER_IRQHandler                       0x0800015f   Thumb Code     0  startup_stm32f103xe.o(.text)
    I2C1_EV_IRQHandler                       0x0800015f   Thumb Code     0  startup_stm32f103xe.o(.text)
    I2C2_ER_IRQHandler                       0x0800015f   Thumb Code     0  startup_stm32f103xe.o(.text)
    I2C2_EV_IRQHandler                       0x0800015f   Thumb Code     0  startup_stm32f103xe.o(.text)
    PVD_IRQHandler                           0x0800015f   Thumb Code     0  startup_stm32f103xe.o(.text)
    RCC_IRQHandler                           0x0800015f   Thumb Code     0  startup_stm32f103xe.o(.text)
    RTC_Alarm_IRQHandler                     0x0800015f   Thumb Code     0  startup_stm32f103xe.o(.text)
    RTC_IRQHandler                           0x0800015f   Thumb Code     0  startup_stm32f103xe.o(.text)
    SDIO_IRQHandler                          0x0800015f   Thumb Code     0  startup_stm32f103xe.o(.text)
    SPI1_IRQHandler                          0x0800015f   Thumb Code     0  startup_stm32f103xe.o(.text)
    SPI2_IRQHandler                          0x0800015f   Thumb Code     0  startup_stm32f103xe.o(.text)
    SPI3_IRQHandler                          0x0800015f   Thumb Code     0  startup_stm32f103xe.o(.text)
    TAMPER_IRQHandler                        0x0800015f   Thumb Code     0  startup_stm32f103xe.o(.text)
    TIM1_BRK_IRQHandler                      0x0800015f   Thumb Code     0  startup_stm32f103xe.o(.text)
    TIM1_CC_IRQHandler                       0x0800015f   Thumb Code     0  startup_stm32f103xe.o(.text)
    TIM1_TRG_COM_IRQHandler                  0x0800015f   Thumb Code     0  startup_stm32f103xe.o(.text)
    TIM1_UP_IRQHandler                       0x0800015f   Thumb Code     0  startup_stm32f103xe.o(.text)
    TIM2_IRQHandler                          0x0800015f   Thumb Code     0  startup_stm32f103xe.o(.text)
    TIM3_IRQHandler                          0x0800015f   Thumb Code     0  startup_stm32f103xe.o(.text)
    TIM4_IRQHandler                          0x0800015f   Thumb Code     0  startup_stm32f103xe.o(.text)
    TIM5_IRQHandler                          0x0800015f   Thumb Code     0  startup_stm32f103xe.o(.text)
    TIM6_IRQHandler                          0x0800015f   Thumb Code     0  startup_stm32f103xe.o(.text)
    TIM7_IRQHandler                          0x0800015f   Thumb Code     0  startup_stm32f103xe.o(.text)
    TIM8_BRK_IRQHandler                      0x0800015f   Thumb Code     0  startup_stm32f103xe.o(.text)
    TIM8_CC_IRQHandler                       0x0800015f   Thumb Code     0  startup_stm32f103xe.o(.text)
    TIM8_TRG_COM_IRQHandler                  0x0800015f   Thumb Code     0  startup_stm32f103xe.o(.text)
    TIM8_UP_IRQHandler                       0x0800015f   Thumb Code     0  startup_stm32f103xe.o(.text)
    UART4_IRQHandler                         0x0800015f   Thumb Code     0  startup_stm32f103xe.o(.text)
    UART5_IRQHandler                         0x0800015f   Thumb Code     0  startup_stm32f103xe.o(.text)
    USART1_IRQHandler                        0x0800015f   Thumb Code     0  startup_stm32f103xe.o(.text)
    USART2_IRQHandler                        0x0800015f   Thumb Code     0  startup_stm32f103xe.o(.text)
    USART3_IRQHandler                        0x0800015f   Thumb Code     0  startup_stm32f103xe.o(.text)
    USBWakeUp_IRQHandler                     0x0800015f   Thumb Code     0  startup_stm32f103xe.o(.text)
    USB_HP_CAN1_TX_IRQHandler                0x0800015f   Thumb Code     0  startup_stm32f103xe.o(.text)
    USB_LP_CAN1_RX0_IRQHandler               0x0800015f   Thumb Code     0  startup_stm32f103xe.o(.text)
    WWDG_IRQHandler                          0x0800015f   Thumb Code     0  startup_stm32f103xe.o(.text)
    __aeabi_llsr                             0x08000169   Thumb Code    32  llushr.o(.text)
    _ll_ushift_r                             0x08000169   Thumb Code     0  llushr.o(.text)
    __aeabi_memcpy                           0x08000189   Thumb Code    36  memcpya.o(.text)
    __aeabi_memcpy4                          0x08000189   Thumb Code     0  memcpya.o(.text)
    __aeabi_memcpy8                          0x08000189   Thumb Code     0  memcpya.o(.text)
    __aeabi_memset                           0x080001ad   Thumb Code    14  memseta.o(.text)
    __aeabi_memset4                          0x080001ad   Thumb Code     0  memseta.o(.text)
    __aeabi_memset8                          0x080001ad   Thumb Code     0  memseta.o(.text)
    __aeabi_memclr                           0x080001bb   Thumb Code     4  memseta.o(.text)
    __aeabi_memclr4                          0x080001bb   Thumb Code     0  memseta.o(.text)
    __aeabi_memclr8                          0x080001bb   Thumb Code     0  memseta.o(.text)
    _memset$wrapper                          0x080001bf   Thumb Code    18  memseta.o(.text)
    __aeabi_uldivmod                         0x080001d1   Thumb Code    98  uldiv.o(.text)
    __scatterload                            0x08000235   Thumb Code    28  init.o(.text)
    __scatterload_rt2                        0x08000235   Thumb Code     0  init.o(.text)
    __aeabi_llsl                             0x08000259   Thumb Code    30  llshl.o(.text)
    _ll_shift_l                              0x08000259   Thumb Code     0  llshl.o(.text)
    BusFault_Handler                         0x08000277   Thumb Code     2  stm32f1xx_it.o(i.BusFault_Handler)
    DebugMon_Handler                         0x08000279   Thumb Code     2  stm32f1xx_it.o(i.DebugMon_Handler)
    EXTI4_IRQHandler                         0x0800027d   Thumb Code    32  vl53l0x_it.o(i.EXTI4_IRQHandler)
    Error_Handler                            0x080002a9   Thumb Code     2  main.o(i.Error_Handler)
    HAL_Delay                                0x080002ad   Thumb Code    32  stm32f1xx_hal.o(i.HAL_Delay)
    HAL_GPIO_Init                            0x080002d1   Thumb Code   462  stm32f1xx_hal_gpio.o(i.HAL_GPIO_Init)
    HAL_GPIO_ReadPin                         0x080004c9   Thumb Code    10  stm32f1xx_hal_gpio.o(i.HAL_GPIO_ReadPin)
    HAL_GPIO_WritePin                        0x080004d3   Thumb Code    10  stm32f1xx_hal_gpio.o(i.HAL_GPIO_WritePin)
    HAL_GetTick                              0x080004dd   Thumb Code     6  stm32f1xx_hal.o(i.HAL_GetTick)
    HAL_IncTick                              0x080004e9   Thumb Code    12  stm32f1xx_hal.o(i.HAL_IncTick)
    HAL_Init                                 0x080004f9   Thumb Code    32  stm32f1xx_hal.o(i.HAL_Init)
    HAL_InitTick                             0x0800051d   Thumb Code    54  stm32f1xx_hal.o(i.HAL_InitTick)
    HAL_MspInit                              0x0800055d   Thumb Code    52  stm32f1xx_hal_msp.o(i.HAL_MspInit)
    HAL_NVIC_SetPriority                     0x08000599   Thumb Code    60  stm32f1xx_hal_cortex.o(i.HAL_NVIC_SetPriority)
    HAL_NVIC_SetPriorityGrouping             0x080005d9   Thumb Code    26  stm32f1xx_hal_cortex.o(i.HAL_NVIC_SetPriorityGrouping)
    HAL_RCC_ClockConfig                      0x080005fd   Thumb Code   280  stm32f1xx_hal_rcc.o(i.HAL_RCC_ClockConfig)
    HAL_RCC_GetPCLK1Freq                     0x08000729   Thumb Code    20  stm32f1xx_hal_rcc.o(i.HAL_RCC_GetPCLK1Freq)
    HAL_RCC_GetPCLK2Freq                     0x08000749   Thumb Code    20  stm32f1xx_hal_rcc.o(i.HAL_RCC_GetPCLK2Freq)
    HAL_RCC_GetSysClockFreq                  0x08000769   Thumb Code    74  stm32f1xx_hal_rcc.o(i.HAL_RCC_GetSysClockFreq)
    HAL_RCC_OscConfig                        0x080007d5   Thumb Code   778  stm32f1xx_hal_rcc.o(i.HAL_RCC_OscConfig)
    HAL_SYSTICK_Config                       0x08000af5   Thumb Code    40  stm32f1xx_hal_cortex.o(i.HAL_SYSTICK_Config)
    HAL_TIMEx_MasterConfigSynchronization    0x08000b1d   Thumb Code   104  stm32f1xx_hal_tim_ex.o(i.HAL_TIMEx_MasterConfigSynchronization)
    HAL_TIM_MspPostInit                      0x08000b99   Thumb Code   218  tim.o(i.HAL_TIM_MspPostInit)
    HAL_TIM_PWM_ConfigChannel                0x08000c95   Thumb Code   198  stm32f1xx_hal_tim.o(i.HAL_TIM_PWM_ConfigChannel)
    HAL_TIM_PWM_Init                         0x08000d5b   Thumb Code    90  stm32f1xx_hal_tim.o(i.HAL_TIM_PWM_Init)
    HAL_TIM_PWM_MspInit                      0x08000db5   Thumb Code    96  tim.o(i.HAL_TIM_PWM_MspInit)
    HAL_UART_Init                            0x08000e25   Thumb Code    98  stm32f1xx_hal_uart.o(i.HAL_UART_Init)
    HAL_UART_MspInit                         0x08000e89   Thumb Code   100  usart.o(i.HAL_UART_MspInit)
    HAL_UART_Transmit                        0x08000ef9   Thumb Code   178  stm32f1xx_hal_uart.o(i.HAL_UART_Transmit)
    HardFault_Handler                        0x08000fab   Thumb Code     2  stm32f1xx_it.o(i.HardFault_Handler)
    MX_GPIO_Init                             0x08000fad   Thumb Code   374  gpio.o(i.MX_GPIO_Init)
    MX_TIM2_Init                             0x08001141   Thumb Code   126  tim.o(i.MX_TIM2_Init)
    MX_TIM3_Init                             0x080011c5   Thumb Code   140  tim.o(i.MX_TIM3_Init)
    MX_TIM4_Init                             0x08001259   Thumb Code   156  tim.o(i.MX_TIM4_Init)
    MX_TIM5_Init                             0x080012fd   Thumb Code   120  tim.o(i.MX_TIM5_Init)
    MX_USART1_UART_Init                      0x0800137d   Thumb Code    48  usart.o(i.MX_USART1_UART_Init)
    MemManage_Handler                        0x080013b5   Thumb Code     2  stm32f1xx_it.o(i.MemManage_Handler)
    NMI_Handler                              0x080013b7   Thumb Code     2  stm32f1xx_it.o(i.NMI_Handler)
    PS2_AnologData                           0x080013b9   Thumb Code     6  ps2.o(i.PS2_AnologData)
    PS2_ClearData                            0x080013c5   Thumb Code    18  ps2.o(i.PS2_ClearData)
    PS2_Cmd                                  0x080013dd   Thumb Code   156  ps2.o(i.PS2_Cmd)
    PS2_DataKey                              0x08001481   Thumb Code    56  ps2.o(i.PS2_DataKey)
    PS2_ReadData                             0x080014c1   Thumb Code   204  ps2.o(i.PS2_ReadData)
    PendSV_Handler                           0x08001599   Thumb Code     2  stm32f1xx_it.o(i.PendSV_Handler)
    SVC_Handler                              0x0800159b   Thumb Code     2  stm32f1xx_it.o(i.SVC_Handler)
    SysTick_Handler                          0x0800159d   Thumb Code     4  stm32f1xx_it.o(i.SysTick_Handler)
    SystemClock_Config                       0x080015a1   Thumb Code    78  main.o(i.SystemClock_Config)
    SystemInit                               0x080015ef   Thumb Code     2  system_stm32f1xx.o(i.SystemInit)
    TIM_Base_SetConfig                       0x080015f1   Thumb Code   120  stm32f1xx_hal_tim.o(i.TIM_Base_SetConfig)
    TIM_OC2_SetConfig                        0x080016dd   Thumb Code    98  stm32f1xx_hal_tim.o(i.TIM_OC2_SetConfig)
    UsageFault_Handler                       0x0800191d   Thumb Code     2  stm32f1xx_it.o(i.UsageFault_Handler)
    VL53L0X_ClearInterruptMask               0x0800191f   Thumb Code    76  vl53l0x_api.o(i.VL53L0X_ClearInterruptMask)
    VL53L0X_GetLimitCheckEnable              0x0800196b   Thumb Code    24  vl53l0x_api.o(i.VL53L0X_GetLimitCheckEnable)
    VL53L0X_GetLimitCheckValue               0x08001985   Thumb Code   122  vl53l0x_api.o(i.VL53L0X_GetLimitCheckValue)
    VL53L0X_GetRangingMeasurementData        0x080019ff   Thumb Code   300  vl53l0x_api.o(i.VL53L0X_GetRangingMeasurementData)
    VL53L0X_GetXTalkCompensationEnable       0x08001b2b   Thumb Code    10  vl53l0x_api.o(i.VL53L0X_GetXTalkCompensationEnable)
    VL53L0X_RdByte                           0x08001b35   Thumb Code    22  vl53l0x_platform.o(i.VL53L0X_RdByte)
    VL53L0X_RdWord                           0x08001b4b   Thumb Code    22  vl53l0x_platform.o(i.VL53L0X_RdWord)
    VL53L0X_ReadMulti                        0x08001b61   Thumb Code    30  vl53l0x_platform.o(i.VL53L0X_ReadMulti)
    VL53L0X_WrByte                           0x08001b7f   Thumb Code    22  vl53l0x_platform.o(i.VL53L0X_WrByte)
    VL53L0X_calc_dmax                        0x08001b95   Thumb Code   212  vl53l0x_api_core.o(i.VL53L0X_calc_dmax)
    VL53L0X_calc_macro_period_ps             0x08001c6d   Thumb Code    16  vl53l0x_api_core.o(i.VL53L0X_calc_macro_period_ps)
    VL53L0X_calc_sigma_estimate              0x08001c7d   Thumb Code   538  vl53l0x_api_core.o(i.VL53L0X_calc_sigma_estimate)
    VL53L0X_calc_timeout_mclks               0x08001ea5   Thumb Code    34  vl53l0x_api_core.o(i.VL53L0X_calc_timeout_mclks)
    VL53L0X_get_pal_range_status             0x08001ec9   Thumb Code   486  vl53l0x_api_core.o(i.VL53L0X_get_pal_range_status)
    VL53L0X_get_total_signal_rate            0x080020af   Thumb Code    28  vl53l0x_api_core.o(i.VL53L0X_get_total_signal_rate)
    VL53L0X_get_total_xtalk_rate             0x080020cb   Thumb Code    46  vl53l0x_api_core.o(i.VL53L0X_get_total_xtalk_rate)
    VL53L0X_isqrt                            0x080020f9   Thumb Code    42  vl53l0x_api_core.o(i.VL53L0X_isqrt)
    VL53L0X_read_byte                        0x08002123   Thumb Code     6  vl53l0x_i2c.o(i.VL53L0X_read_byte)
    VL53L0X_read_multi                       0x08002129   Thumb Code    22  vl53l0x_i2c.o(i.VL53L0X_read_multi)
    VL53L0X_read_word                        0x0800213f   Thumb Code    28  vl53l0x_i2c.o(i.VL53L0X_read_word)
    VL53L0X_write_byte                       0x0800215b   Thumb Code    12  vl53l0x_i2c.o(i.VL53L0X_write_byte)
    VL53L0X_write_multi                      0x08002167   Thumb Code    22  vl53l0x_i2c.o(i.VL53L0X_write_multi)
    VL_IIC_Ack                               0x0800217d   Thumb Code    58  vl53l0x_i2c.o(i.VL_IIC_Ack)
    VL_IIC_NAck                              0x080021c5   Thumb Code    58  vl53l0x_i2c.o(i.VL_IIC_NAck)
    VL_IIC_Read_Byte                         0x0800220d   Thumb Code   104  vl53l0x_i2c.o(i.VL_IIC_Read_Byte)
    VL_IIC_Read_nByte                        0x08002281   Thumb Code   100  vl53l0x_i2c.o(i.VL_IIC_Read_nByte)
    VL_IIC_Send_Byte                         0x080022e5   Thumb Code    98  vl53l0x_i2c.o(i.VL_IIC_Send_Byte)
    VL_IIC_Start                             0x08002355   Thumb Code    62  vl53l0x_i2c.o(i.VL_IIC_Start)
    VL_IIC_Stop                              0x080023a1   Thumb Code    64  vl53l0x_i2c.o(i.VL_IIC_Stop)
    VL_IIC_Wait_Ack                          0x080023ed   Thumb Code    84  vl53l0x_i2c.o(i.VL_IIC_Wait_Ack)
    VL_IIC_Write_nByte                       0x0800244d   Thumb Code    70  vl53l0x_i2c.o(i.VL_IIC_Write_nByte)
    __0printf$5                              0x08002495   Thumb Code    22  printf5.o(i.__0printf$5)
    __1printf$5                              0x08002495   Thumb Code     0  printf5.o(i.__0printf$5)
    __2printf                                0x08002495   Thumb Code     0  printf5.o(i.__0printf$5)
    __scatterload_copy                       0x080024d5   Thumb Code    14  handlers.o(i.__scatterload_copy)
    __scatterload_null                       0x080024e3   Thumb Code     2  handlers.o(i.__scatterload_null)
    __scatterload_zeroinit                   0x080024e5   Thumb Code    14  handlers.o(i.__scatterload_zeroinit)
    delay_us                                 0x080027b5   Thumb Code    48  other_functions.o(i.delay_us)
    fputc                                    0x080027e5   Thumb Code    20  stm32f1xx_hal.o(i.fputc)
    main                                     0x080027fd   Thumb Code   256  main.o(i.main)
    AHBPrescTable                            0x08002954   Data          16  system_stm32f1xx.o(.constdata)
    APBPrescTable                            0x08002964   Data           8  system_stm32f1xx.o(.constdata)
    Region$$Table$$Base                      0x0800296c   Number         0  anon$$obj.o(Region$$Table)
    Region$$Table$$Limit                     0x0800298c   Number         0  anon$$obj.o(Region$$Table)
    Comd                                     0x20000000   Data           2  ps2.o(.data)
    Handkey                                  0x20000002   Data           2  ps2.o(.data)
    MASK                                     0x20000004   Data          32  ps2.o(.data)
    uwTickFreq                               0x20000024   Data           1  stm32f1xx_hal.o(.data)
    uwTickPrio                               0x20000028   Data           4  stm32f1xx_hal.o(.data)
    uwTick                                   0x2000002c   Data           4  stm32f1xx_hal.o(.data)
    SystemCoreClock                          0x20000030   Data           4  system_stm32f1xx.o(.data)
    __stdout                                 0x20000034   Data           4  stdout.o(.data)
    Data                                     0x20000038   Data           9  ps2.o(.bss)
    htim2                                    0x20000044   Data          72  tim.o(.bss)
    htim3                                    0x2000008c   Data          72  tim.o(.bss)
    htim4                                    0x200000d4   Data          72  tim.o(.bss)
    htim5                                    0x2000011c   Data          72  tim.o(.bss)
    huart1                                   0x20000164   Data          64  usart.o(.bss)
    vl53l0x_dev                              0x200001a4   Data         352  vl53l0x.o(.bss)
    vl53l0x_dev_info                         0x20000304   Data          99  vl53l0x.o(.bss)
    RangingMeasurementData                   0x20000368   Data          28  vl53l0x_it.o(.bss)
    __initial_sp                             0x20000788   Data           0  startup_stm32f103xe.o(STACK)



==============================================================================

Memory Map of the image

  Image Entry point : 0x08000131

  Load Region LR_IROM1 (Base: 0x08000000, Size: 0x000029c4, Max: 0x00080000, ABSOLUTE)

    Execution Region ER_IROM1 (Exec base: 0x08000000, Load base: 0x08000000, Size: 0x0000298c, Max: 0x00080000, ABSOLUTE)

    Exec Addr    Load Addr    Size         Type   Attr      Idx    E Section Name        Object

    0x08000000   0x08000000   0x00000130   Data   RO            3    RESET               startup_stm32f103xe.o
    0x08000130   0x08000130   0x00000000   Code   RO         4455  * .ARM.Collect$$$$00000000  mc_w.l(entry.o)
    0x08000130   0x08000130   0x00000004   Code   RO         4737    .ARM.Collect$$$$00000001  mc_w.l(entry2.o)
    0x08000134   0x08000134   0x00000004   Code   RO         4740    .ARM.Collect$$$$00000004  mc_w.l(entry5.o)
    0x08000138   0x08000138   0x00000000   Code   RO         4742    .ARM.Collect$$$$00000008  mc_w.l(entry7b.o)
    0x08000138   0x08000138   0x00000000   Code   RO         4744    .ARM.Collect$$$$0000000A  mc_w.l(entry8b.o)
    0x08000138   0x08000138   0x00000008   Code   RO         4745    .ARM.Collect$$$$0000000B  mc_w.l(entry9a.o)
    0x08000140   0x08000140   0x00000000   Code   RO         4747    .ARM.Collect$$$$0000000D  mc_w.l(entry10a.o)
    0x08000140   0x08000140   0x00000000   Code   RO         4749    .ARM.Collect$$$$0000000F  mc_w.l(entry11a.o)
    0x08000140   0x08000140   0x00000004   Code   RO         4738    .ARM.Collect$$$$00002712  mc_w.l(entry2.o)
    0x08000144   0x08000144   0x00000024   Code   RO            4    .text               startup_stm32f103xe.o
    0x08000168   0x08000168   0x00000020   Code   RO         4458    .text               mc_w.l(llushr.o)
    0x08000188   0x08000188   0x00000024   Code   RO         4460    .text               mc_w.l(memcpya.o)
    0x080001ac   0x080001ac   0x00000024   Code   RO         4462    .text               mc_w.l(memseta.o)
    0x080001d0   0x080001d0   0x00000062   Code   RO         4754    .text               mc_w.l(uldiv.o)
    0x08000232   0x08000232   0x00000002   PAD
    0x08000234   0x08000234   0x00000024   Code   RO         4776    .text               mc_w.l(init.o)
    0x08000258   0x08000258   0x0000001e   Code   RO         4778    .text               mc_w.l(llshl.o)
    0x08000276   0x08000276   0x00000002   Code   RO          603    i.BusFault_Handler  stm32f1xx_it.o
    0x08000278   0x08000278   0x00000002   Code   RO          604    i.DebugMon_Handler  stm32f1xx_it.o
    0x0800027a   0x0800027a   0x00000002   PAD
    0x0800027c   0x0800027c   0x0000002c   Code   RO          956    i.EXTI4_IRQHandler  vl53l0x_it.o
    0x080002a8   0x080002a8   0x00000002   Code   RO          380    i.Error_Handler     main.o
    0x080002aa   0x080002aa   0x00000002   PAD
    0x080002ac   0x080002ac   0x00000024   Code   RO         2411    i.HAL_Delay         stm32f1xx_hal.o
    0x080002d0   0x080002d0   0x000001f8   Code   RO         2732    i.HAL_GPIO_Init     stm32f1xx_hal_gpio.o
    0x080004c8   0x080004c8   0x0000000a   Code   RO         2734    i.HAL_GPIO_ReadPin  stm32f1xx_hal_gpio.o
    0x080004d2   0x080004d2   0x0000000a   Code   RO         2736    i.HAL_GPIO_WritePin  stm32f1xx_hal_gpio.o
    0x080004dc   0x080004dc   0x0000000c   Code   RO         2415    i.HAL_GetTick       stm32f1xx_hal.o
    0x080004e8   0x080004e8   0x00000010   Code   RO         2421    i.HAL_IncTick       stm32f1xx_hal.o
    0x080004f8   0x080004f8   0x00000024   Code   RO         2422    i.HAL_Init          stm32f1xx_hal.o
    0x0800051c   0x0800051c   0x00000040   Code   RO         2423    i.HAL_InitTick      stm32f1xx_hal.o
    0x0800055c   0x0800055c   0x0000003c   Code   RO          678    i.HAL_MspInit       stm32f1xx_hal_msp.o
    0x08000598   0x08000598   0x00000040   Code   RO         2898    i.HAL_NVIC_SetPriority  stm32f1xx_hal_cortex.o
    0x080005d8   0x080005d8   0x00000024   Code   RO         2899    i.HAL_NVIC_SetPriorityGrouping  stm32f1xx_hal_cortex.o
    0x080005fc   0x080005fc   0x0000012c   Code   RO         2592    i.HAL_RCC_ClockConfig  stm32f1xx_hal_rcc.o
    0x08000728   0x08000728   0x00000020   Code   RO         2599    i.HAL_RCC_GetPCLK1Freq  stm32f1xx_hal_rcc.o
    0x08000748   0x08000748   0x00000020   Code   RO         2600    i.HAL_RCC_GetPCLK2Freq  stm32f1xx_hal_rcc.o
    0x08000768   0x08000768   0x0000006c   Code   RO         2601    i.HAL_RCC_GetSysClockFreq  stm32f1xx_hal_rcc.o
    0x080007d4   0x080007d4   0x00000320   Code   RO         2604    i.HAL_RCC_OscConfig  stm32f1xx_hal_rcc.o
    0x08000af4   0x08000af4   0x00000028   Code   RO         2903    i.HAL_SYSTICK_Config  stm32f1xx_hal_cortex.o
    0x08000b1c   0x08000b1c   0x0000007c   Code   RO         1835    i.HAL_TIMEx_MasterConfigSynchronization  stm32f1xx_hal_tim_ex.o
    0x08000b98   0x08000b98   0x000000fc   Code   RO          494    i.HAL_TIM_MspPostInit  tim.o
    0x08000c94   0x08000c94   0x000000c6   Code   RO         1184    i.HAL_TIM_PWM_ConfigChannel  stm32f1xx_hal_tim.o
    0x08000d5a   0x08000d5a   0x0000005a   Code   RO         1187    i.HAL_TIM_PWM_Init  stm32f1xx_hal_tim.o
    0x08000db4   0x08000db4   0x00000070   Code   RO          496    i.HAL_TIM_PWM_MspInit  tim.o
    0x08000e24   0x08000e24   0x00000062   Code   RO         2108    i.HAL_UART_Init     stm32f1xx_hal_uart.o
    0x08000e86   0x08000e86   0x00000002   PAD
    0x08000e88   0x08000e88   0x00000070   Code   RO          562    i.HAL_UART_MspInit  usart.o
    0x08000ef8   0x08000ef8   0x000000b2   Code   RO         2116    i.HAL_UART_Transmit  stm32f1xx_hal_uart.o
    0x08000faa   0x08000faa   0x00000002   Code   RO          605    i.HardFault_Handler  stm32f1xx_it.o
    0x08000fac   0x08000fac   0x00000194   Code   RO          470    i.MX_GPIO_Init      gpio.o
    0x08001140   0x08001140   0x00000084   Code   RO          497    i.MX_TIM2_Init      tim.o
    0x080011c4   0x080011c4   0x00000094   Code   RO          498    i.MX_TIM3_Init      tim.o
    0x08001258   0x08001258   0x000000a4   Code   RO          499    i.MX_TIM4_Init      tim.o
    0x080012fc   0x080012fc   0x00000080   Code   RO          500    i.MX_TIM5_Init      tim.o
    0x0800137c   0x0800137c   0x00000038   Code   RO          563    i.MX_USART1_UART_Init  usart.o
    0x080013b4   0x080013b4   0x00000002   Code   RO          606    i.MemManage_Handler  stm32f1xx_it.o
    0x080013b6   0x080013b6   0x00000002   Code   RO          607    i.NMI_Handler       stm32f1xx_it.o
    0x080013b8   0x080013b8   0x0000000c   Code   RO          128    i.PS2_AnologData    ps2.o
    0x080013c4   0x080013c4   0x00000018   Code   RO          129    i.PS2_ClearData     ps2.o
    0x080013dc   0x080013dc   0x000000a4   Code   RO          130    i.PS2_Cmd           ps2.o
    0x08001480   0x08001480   0x00000040   Code   RO          131    i.PS2_DataKey       ps2.o
    0x080014c0   0x080014c0   0x000000d8   Code   RO          132    i.PS2_ReadData      ps2.o
    0x08001598   0x08001598   0x00000002   Code   RO          608    i.PendSV_Handler    stm32f1xx_it.o
    0x0800159a   0x0800159a   0x00000002   Code   RO          609    i.SVC_Handler       stm32f1xx_it.o
    0x0800159c   0x0800159c   0x00000004   Code   RO          610    i.SysTick_Handler   stm32f1xx_it.o
    0x080015a0   0x080015a0   0x0000004e   Code   RO          381    i.SystemClock_Config  main.o
    0x080015ee   0x080015ee   0x00000002   Code   RO         3393    i.SystemInit        system_stm32f1xx.o
    0x080015f0   0x080015f0   0x0000008c   Code   RO         1205    i.TIM_Base_SetConfig  stm32f1xx_hal_tim.o
    0x0800167c   0x0800167c   0x00000060   Code   RO         1218    i.TIM_OC1_SetConfig  stm32f1xx_hal_tim.o
    0x080016dc   0x080016dc   0x0000006c   Code   RO         1219    i.TIM_OC2_SetConfig  stm32f1xx_hal_tim.o
    0x08001748   0x08001748   0x00000068   Code   RO         1220    i.TIM_OC3_SetConfig  stm32f1xx_hal_tim.o
    0x080017b0   0x080017b0   0x00000050   Code   RO         1221    i.TIM_OC4_SetConfig  stm32f1xx_hal_tim.o
    0x08001800   0x08001800   0x000000b8   Code   RO         2134    i.UART_SetConfig    stm32f1xx_hal_uart.o
    0x080018b8   0x080018b8   0x00000064   Code   RO         2135    i.UART_WaitOnFlagUntilTimeout  stm32f1xx_hal_uart.o
    0x0800191c   0x0800191c   0x00000002   Code   RO          611    i.UsageFault_Handler  stm32f1xx_it.o
    0x0800191e   0x0800191e   0x0000004c   Code   RO         3431    i.VL53L0X_ClearInterruptMask  vl53l0x_api.o
    0x0800196a   0x0800196a   0x00000018   Code   RO         3448    i.VL53L0X_GetLimitCheckEnable  vl53l0x_api.o
    0x08001982   0x08001982   0x00000002   PAD
    0x08001984   0x08001984   0x0000007a   Code   RO         3451    i.VL53L0X_GetLimitCheckValue  vl53l0x_api.o
    0x080019fe   0x080019fe   0x0000012c   Code   RO         3468    i.VL53L0X_GetRangingMeasurementData  vl53l0x_api.o
    0x08001b2a   0x08001b2a   0x0000000a   Code   RO         3484    i.VL53L0X_GetXTalkCompensationEnable  vl53l0x_api.o
    0x08001b34   0x08001b34   0x00000016   Code   RO          997    i.VL53L0X_RdByte    vl53l0x_platform.o
    0x08001b4a   0x08001b4a   0x00000016   Code   RO          999    i.VL53L0X_RdWord    vl53l0x_platform.o
    0x08001b60   0x08001b60   0x0000001e   Code   RO         1000    i.VL53L0X_ReadMulti  vl53l0x_platform.o
    0x08001b7e   0x08001b7e   0x00000016   Code   RO         1002    i.VL53L0X_WrByte    vl53l0x_platform.o
    0x08001b94   0x08001b94   0x000000d8   Code   RO         4207    i.VL53L0X_calc_dmax  vl53l0x_api_core.o
    0x08001c6c   0x08001c6c   0x00000010   Code   RO         4208    i.VL53L0X_calc_macro_period_ps  vl53l0x_api_core.o
    0x08001c7c   0x08001c7c   0x00000228   Code   RO         4209    i.VL53L0X_calc_sigma_estimate  vl53l0x_api_core.o
    0x08001ea4   0x08001ea4   0x00000022   Code   RO         4210    i.VL53L0X_calc_timeout_mclks  vl53l0x_api_core.o
    0x08001ec6   0x08001ec6   0x00000002   PAD
    0x08001ec8   0x08001ec8   0x000001e6   Code   RO         4219    i.VL53L0X_get_pal_range_status  vl53l0x_api_core.o
    0x080020ae   0x080020ae   0x0000001c   Code   RO         4220    i.VL53L0X_get_total_signal_rate  vl53l0x_api_core.o
    0x080020ca   0x080020ca   0x0000002e   Code   RO         4221    i.VL53L0X_get_total_xtalk_rate  vl53l0x_api_core.o
    0x080020f8   0x080020f8   0x0000002a   Code   RO         4223    i.VL53L0X_isqrt     vl53l0x_api_core.o
    0x08002122   0x08002122   0x00000006   Code   RO          825    i.VL53L0X_read_byte  vl53l0x_i2c.o
    0x08002128   0x08002128   0x00000016   Code   RO          827    i.VL53L0X_read_multi  vl53l0x_i2c.o
    0x0800213e   0x0800213e   0x0000001c   Code   RO          828    i.VL53L0X_read_word  vl53l0x_i2c.o
    0x0800215a   0x0800215a   0x0000000c   Code   RO          829    i.VL53L0X_write_byte  vl53l0x_i2c.o
    0x08002166   0x08002166   0x00000016   Code   RO          831    i.VL53L0X_write_multi  vl53l0x_i2c.o
    0x0800217c   0x0800217c   0x00000048   Code   RO          833    i.VL_IIC_Ack        vl53l0x_i2c.o
    0x080021c4   0x080021c4   0x00000048   Code   RO          834    i.VL_IIC_NAck       vl53l0x_i2c.o
    0x0800220c   0x0800220c   0x00000074   Code   RO          836    i.VL_IIC_Read_Byte  vl53l0x_i2c.o
    0x08002280   0x08002280   0x00000064   Code   RO          837    i.VL_IIC_Read_nByte  vl53l0x_i2c.o
    0x080022e4   0x080022e4   0x00000070   Code   RO          838    i.VL_IIC_Send_Byte  vl53l0x_i2c.o
    0x08002354   0x08002354   0x0000004c   Code   RO          839    i.VL_IIC_Start      vl53l0x_i2c.o
    0x080023a0   0x080023a0   0x0000004c   Code   RO          840    i.VL_IIC_Stop       vl53l0x_i2c.o
    0x080023ec   0x080023ec   0x00000060   Code   RO          841    i.VL_IIC_Wait_Ack   vl53l0x_i2c.o
    0x0800244c   0x0800244c   0x00000046   Code   RO          843    i.VL_IIC_Write_nByte  vl53l0x_i2c.o
    0x08002492   0x08002492   0x00000002   PAD
    0x08002494   0x08002494   0x00000020   Code   RO         4601    i.__0printf$5       mc_w.l(printf5.o)
    0x080024b4   0x080024b4   0x00000020   Code   RO         2905    i.__NVIC_SetPriority  stm32f1xx_hal_cortex.o
    0x080024d4   0x080024d4   0x0000000e   Code   RO         4784    i.__scatterload_copy  mc_w.l(handlers.o)
    0x080024e2   0x080024e2   0x00000002   Code   RO         4785    i.__scatterload_null  mc_w.l(handlers.o)
    0x080024e4   0x080024e4   0x0000000e   Code   RO         4786    i.__scatterload_zeroinit  mc_w.l(handlers.o)
    0x080024f2   0x080024f2   0x00000002   PAD
    0x080024f4   0x080024f4   0x000002c0   Code   RO         4608    i._printf_core      mc_w.l(printf5.o)
    0x080027b4   0x080027b4   0x00000030   Code   RO           13    i.delay_us          other_functions.o
    0x080027e4   0x080027e4   0x00000018   Code   RO         2430    i.fputc             stm32f1xx_hal.o
    0x080027fc   0x080027fc   0x00000158   Code   RO          382    i.main              main.o
    0x08002954   0x08002954   0x00000010   Data   RO         3394    .constdata          system_stm32f1xx.o
    0x08002964   0x08002964   0x00000008   Data   RO         3395    .constdata          system_stm32f1xx.o
    0x0800296c   0x0800296c   0x00000020   Data   RO         4782    Region$$Table       anon$$obj.o


    Execution Region RW_IRAM1 (Exec base: 0x20000000, Load base: 0x0800298c, Size: 0x00000788, Max: 0x00010000, ABSOLUTE)

    Exec Addr    Load Addr    Size         Type   Attr      Idx    E Section Name        Object

    0x20000000   0x0800298c   0x00000024   Data   RW          135    .data               ps2.o
    0x20000024   0x080029b0   0x0000000c   Data   RW         2431    .data               stm32f1xx_hal.o
    0x20000030   0x080029bc   0x00000004   Data   RW         3396    .data               system_stm32f1xx.o
    0x20000034   0x080029c0   0x00000004   Data   RW         4751    .data               mc_w.l(stdout.o)
    0x20000038        -       0x00000009   Zero   RW          134    .bss                ps2.o
    0x20000041   0x080029c4   0x00000003   PAD
    0x20000044        -       0x00000120   Zero   RW          502    .bss                tim.o
    0x20000164        -       0x00000040   Zero   RW          564    .bss                usart.o
    0x200001a4        -       0x000001c3   Zero   RW          773    .bss                vl53l0x.o
    0x20000367   0x080029c4   0x00000001   PAD
    0x20000368        -       0x0000001c   Zero   RW          959    .bss                vl53l0x_it.o
    0x20000384   0x080029c4   0x00000004   PAD
    0x20000388        -       0x00000400   Zero   RW            1    STACK               startup_stm32f103xe.o


==============================================================================

Image component sizes


      Code (inc. data)   RO Data    RW Data    ZI Data      Debug   Object Name

       404         30          0          0          0       1123   gpio.o
       424        106          0          0          0      19747   main.o
         0          0          0          0          0       1240   motor_b.o
        48          0          0          0          0     484715   other_functions.o
       480         40          0         36          9       3365   ps2.o
        36          8        304          0       1024        772   startup_stm32f103xe.o
       188         32          0         12          0       7142   stm32f1xx_hal.o
       172         14          0          0          0      28290   stm32f1xx_hal_cortex.o
       524         42          0          0          0       3535   stm32f1xx_hal_gpio.o
        60          8          0          0          0        846   stm32f1xx_hal_msp.o
      1272        100          0          0          0       5196   stm32f1xx_hal_rcc.o
       816         56          0          0          0       6602   stm32f1xx_hal_tim.o
       124         20          0          0          0       1328   stm32f1xx_hal_tim_ex.o
       560          6          0          0          0       3988   stm32f1xx_hal_uart.o
        20          0          0          0          0       3794   stm32f1xx_it.o
         2          0         24          4          0       1099   system_stm32f1xx.o
       936         80          0          0        288       4524   tim.o
       168         20          0          0         64       1638   usart.o
         0          0          0          0        451       1662   vl53l0x.o
       532          6          0          0          0       6838   vl53l0x_api.o
      1420         18          0          0          0      11878   vl53l0x_api_core.o
       880         92          0          0          0       9111   vl53l0x_i2c.o
        44         12          0          0         28       1175   vl53l0x_it.o
        96          0          0          0          0       3103   vl53l0x_platform.o

    ----------------------------------------------------------------------
      9218        690        360         52       1872     612711   Object Totals
         0          0         32          0          0          0   (incl. Generated)
        12          0          0          0          8          0   (incl. Padding)

    ----------------------------------------------------------------------

      Code (inc. data)   RO Data    RW Data    ZI Data      Debug   Library Member Name

         0          0          0          0          0          0   entry.o
         0          0          0          0          0          0   entry10a.o
         0          0          0          0          0          0   entry11a.o
         8          4          0          0          0          0   entry2.o
         4          0          0          0          0          0   entry5.o
         0          0          0          0          0          0   entry7b.o
         0          0          0          0          0          0   entry8b.o
         8          4          0          0          0          0   entry9a.o
        30          0          0          0          0          0   handlers.o
        36          8          0          0          0         68   init.o
        30          0          0          0          0         68   llshl.o
        32          0          0          0          0         68   llushr.o
        36          0          0          0          0         68   memcpya.o
        36          0          0          0          0        108   memseta.o
       736         56          0          0          0        184   printf5.o
         0          0          0          4          0          0   stdout.o
        98          0          0          0          0         92   uldiv.o

    ----------------------------------------------------------------------
      1058         72          0          4          0        656   Library Totals
         4          0          0          0          0          0   (incl. Padding)

    ----------------------------------------------------------------------

      Code (inc. data)   RO Data    RW Data    ZI Data      Debug   Library Name

      1054         72          0          4          0        656   mc_w.l

    ----------------------------------------------------------------------
      1058         72          0          4          0        656   Library Totals

    ----------------------------------------------------------------------

==============================================================================


      Code (inc. data)   RO Data    RW Data    ZI Data      Debug   

     10276        762        360         56       1872     608735   Grand Totals
     10276        762        360         56       1872     608735   ELF Image Totals
     10276        762        360         56          0          0   ROM Totals

==============================================================================

    Total RO  Size (Code + RO Data)                10636 (  10.39kB)
    Total RW  Size (RW Data + ZI Data)              1928 (   1.88kB)
    Total ROM Size (Code + RO Data + RW Data)      10692 (  10.44kB)

==============================================================================

