Component: ARM Compiler 5.06 update 6 (build 750) Tool: armlink [4d35ed]

==============================================================================

Section Cross References

    startup_stm32f103xe.o(RESET) refers to startup_stm32f103xe.o(STACK) for __initial_sp
    startup_stm32f103xe.o(RESET) refers to startup_stm32f103xe.o(.text) for Reset_Handler
    startup_stm32f103xe.o(RESET) refers to stm32f1xx_it.o(i.NMI_Handler) for NMI_Handler
    startup_stm32f103xe.o(RESET) refers to stm32f1xx_it.o(i.HardFault_Handler) for HardFault_Handler
    startup_stm32f103xe.o(RESET) refers to stm32f1xx_it.o(i.MemManage_Handler) for MemManage_Handler
    startup_stm32f103xe.o(RESET) refers to stm32f1xx_it.o(i.BusFault_Handler) for BusFault_Handler
    startup_stm32f103xe.o(RESET) refers to stm32f1xx_it.o(i.UsageFault_Handler) for UsageFault_Handler
    startup_stm32f103xe.o(RESET) refers to stm32f1xx_it.o(i.SVC_Handler) for SVC_Handler
    startup_stm32f103xe.o(RESET) refers to stm32f1xx_it.o(i.DebugMon_Handler) for DebugMon_Handler
    startup_stm32f103xe.o(RESET) refers to stm32f1xx_it.o(i.PendSV_Handler) for PendSV_Handler
    startup_stm32f103xe.o(RESET) refers to stm32f1xx_it.o(i.SysTick_Handler) for SysTick_Handler
    startup_stm32f103xe.o(RESET) refers to stm32f1xx_it.o(i.EXTI4_IRQHandler) for EXTI4_IRQHandler
    startup_stm32f103xe.o(.text) refers to system_stm32f1xx.o(i.SystemInit) for SystemInit
    startup_stm32f103xe.o(.text) refers to entry.o(.ARM.Collect$$$$00000000) for __main
    ps2.o(i.PS2_AnologData) refers to ps2.o(.bss) for .bss
    ps2.o(i.PS2_ClearData) refers to ps2.o(.bss) for .bss
    ps2.o(i.PS2_Cmd) refers to stm32f1xx_hal_gpio.o(i.HAL_GPIO_WritePin) for HAL_GPIO_WritePin
    ps2.o(i.PS2_Cmd) refers to other_functions.o(i.delay_us) for delay_us
    ps2.o(i.PS2_Cmd) refers to stm32f1xx_hal_gpio.o(i.HAL_GPIO_ReadPin) for HAL_GPIO_ReadPin
    ps2.o(i.PS2_Cmd) refers to ps2.o(.bss) for .bss
    ps2.o(i.PS2_DataKey) refers to ps2.o(i.PS2_ClearData) for PS2_ClearData
    ps2.o(i.PS2_DataKey) refers to ps2.o(i.PS2_ReadData) for PS2_ReadData
    ps2.o(i.PS2_DataKey) refers to ps2.o(.bss) for .bss
    ps2.o(i.PS2_DataKey) refers to ps2.o(.data) for .data
    ps2.o(i.PS2_ReadData) refers to stm32f1xx_hal_gpio.o(i.HAL_GPIO_WritePin) for HAL_GPIO_WritePin
    ps2.o(i.PS2_ReadData) refers to ps2.o(i.PS2_Cmd) for PS2_Cmd
    ps2.o(i.PS2_ReadData) refers to other_functions.o(i.delay_us) for delay_us
    ps2.o(i.PS2_ReadData) refers to stm32f1xx_hal_gpio.o(i.HAL_GPIO_ReadPin) for HAL_GPIO_ReadPin
    ps2.o(i.PS2_ReadData) refers to ps2.o(.data) for .data
    ps2.o(i.PS2_ReadData) refers to ps2.o(.bss) for .bss
    ps2.o(i.PS2_RedLight) refers to stm32f1xx_hal_gpio.o(i.HAL_GPIO_WritePin) for HAL_GPIO_WritePin
    ps2.o(i.PS2_RedLight) refers to ps2.o(i.PS2_Cmd) for PS2_Cmd
    ps2.o(i.PS2_RedLight) refers to ps2.o(.data) for .data
    ps2.o(i.PS2_RedLight) refers to ps2.o(.bss) for .bss
    motor_b.o(i.HAL_TIM_PeriodElapsedCallback) refers to stm32f1xx_hal_tim.o(i.HAL_TIM_Base_Stop) for HAL_TIM_Base_Stop
    motor_b.o(i.HAL_TIM_PeriodElapsedCallback) refers to motor_b.o(i.MSD_StepCounter) for MSD_StepCounter
    motor_b.o(i.HAL_TIM_PeriodElapsedCallback) refers to motor_b.o(.bss) for .bss
    motor_b.o(i.HAL_TIM_PeriodElapsedCallback) refers to motor_b.o(.data) for .data
    motor_b.o(i.HAL_TIM_PeriodElapsedCallback) refers to tim.o(.bss) for htim5
    motor_b.o(i.MOTER_MOVE) refers to stm32f1xx_hal_gpio.o(i.HAL_GPIO_WritePin) for HAL_GPIO_WritePin
    motor_b.o(i.MOTER_MOVE) refers to dfltui.o(.text) for __aeabi_ui2d
    motor_b.o(i.MOTER_MOVE) refers to sqrt.o(i.sqrt) for sqrt
    motor_b.o(i.MOTER_MOVE) refers to dmul.o(.text) for __aeabi_dmul
    motor_b.o(i.MOTER_MOVE) refers to ddiv.o(.text) for __aeabi_ddiv
    motor_b.o(i.MOTER_MOVE) refers to dfixui.o(.text) for __aeabi_d2uiz
    motor_b.o(i.MOTER_MOVE) refers to stm32f1xx_hal_tim.o(i.HAL_TIM_Base_Start_IT) for HAL_TIM_Base_Start_IT
    motor_b.o(i.MOTER_MOVE) refers to stm32f1xx_hal_tim.o(i.HAL_TIM_PWM_Start) for HAL_TIM_PWM_Start
    motor_b.o(i.MOTER_MOVE) refers to motor_b.o(.bss) for .bss
    motor_b.o(i.MOTER_MOVE) refers to motor_b.o(.data) for .data
    motor_b.o(i.MOTER_MOVE) refers to tim.o(.bss) for htim5
    motor_b.o(i.MSD_StepCounter) refers to motor_b.o(.data) for .data
    motor_d.o(i.catch_fk) refers to tim.o(.bss) for htim3
    motor_d.o(i.close_door) refers to tim.o(.bss) for htim3
    motor_d.o(i.close_front_door) refers to tim.o(.bss) for htim2
    motor_d.o(i.open_door) refers to tim.o(.bss) for htim3
    motor_d.o(i.open_front_door) refers to tim.o(.bss) for htim2
    motor_d.o(i.release_fk) refers to tim.o(.bss) for htim3
    motor.o(i.move_Ncircle) refers to stm32f1xx_hal_gpio.o(i.HAL_GPIO_WritePin) for HAL_GPIO_WritePin
    motor.o(i.move_Scircle) refers to stm32f1xx_hal_gpio.o(i.HAL_GPIO_WritePin) for HAL_GPIO_WritePin
[...]
    __lit__00000000                          0x08000140   Data           4  entry2.o(.ARM.Collect$$$$00002712)
    .text                                    0x08000144   Section       36  startup_stm32f103xe.o(.text)
    .text                                    0x08000168   Section        0  llushr.o(.text)
    .text                                    0x08000188   Section        0  memcpya.o(.text)
    .text                                    0x080001ac   Section        0  memseta.o(.text)
    .text                                    0x080001d0   Section        0  strcpy.o(.text)
    .text                                    0x080001e2   Section        0  uldiv.o(.text)
    .text                                    0x08000244   Section       36  init.o(.text)
    .text                                    0x08000268   Section        0  llshl.o(.text)
    .text                                    0x08000286   Section        0  __dclz77c.o(.text)
    i.BusFault_Handler                       0x080002e4   Section        0  stm32f1xx_it.o(i.BusFault_Handler)
    i.DebugMon_Handler                       0x080002e6   Section        0  stm32f1xx_it.o(i.DebugMon_Handler)
    i.EXTI4_IRQHandler                       0x080002e8   Section        0  stm32f1xx_it.o(i.EXTI4_IRQHandler)
    i.Error_Handler                          0x080002ee   Section        0  main.o(i.Error_Handler)
    i.HAL_Delay                              0x080002f0   Section        0  stm32f1xx_hal.o(i.HAL_Delay)
    i.HAL_GPIO_EXTI_Callback                 0x08000314   Section        0  vl53l0x_it.o(i.HAL_GPIO_EXTI_Callback)
    i.HAL_GPIO_EXTI_IRQHandler               0x08000350   Section        0  stm32f1xx_hal_gpio.o(i.HAL_GPIO_EXTI_IRQHandler)
    i.HAL_GPIO_Init                          0x08000368   Section        0  stm32f1xx_hal_gpio.o(i.HAL_GPIO_Init)
    i.HAL_GPIO_ReadPin                       0x08000560   Section        0  stm32f1xx_hal_gpio.o(i.HAL_GPIO_ReadPin)
    i.HAL_GPIO_TogglePin                     0x0800056a   Section        0  stm32f1xx_hal_gpio.o(i.HAL_GPIO_TogglePin)
    i.HAL_GPIO_WritePin                      0x0800057a   Section        0  stm32f1xx_hal_gpio.o(i.HAL_GPIO_WritePin)
    i.HAL_GetTick                            0x08000584   Section        0  stm32f1xx_hal.o(i.HAL_GetTick)
    i.HAL_IncTick                            0x08000590   Section        0  stm32f1xx_hal.o(i.HAL_IncTick)
    i.HAL_Init                               0x080005a0   Section        0  stm32f1xx_hal.o(i.HAL_Init)
    i.HAL_InitTick                           0x080005c4   Section        0  stm32f1xx_hal.o(i.HAL_InitTick)
    i.HAL_MspInit                            0x08000604   Section        0  stm32f1xx_hal_msp.o(i.HAL_MspInit)
    i.HAL_NVIC_EnableIRQ                     0x08000640   Section        0  stm32f1xx_hal_cortex.o(i.HAL_NVIC_EnableIRQ)
    i.HAL_NVIC_SetPriority                   0x0800065c   Section        0  stm32f1xx_hal_cortex.o(i.HAL_NVIC_SetPriority)
    i.HAL_NVIC_SetPriorityGrouping           0x0800069c   Section        0  stm32f1xx_hal_cortex.o(i.HAL_NVIC_SetPriorityGrouping)
    i.HAL_RCC_ClockConfig                    0x080006c0   Section        0  stm32f1xx_hal_rcc.o(i.HAL_RCC_ClockConfig)
    i.HAL_RCC_GetPCLK1Freq                   0x080007ec   Section        0  stm32f1xx_hal_rcc.o(i.HAL_RCC_GetPCLK1Freq)
    i.HAL_RCC_GetPCLK2Freq                   0x0800080c   Section        0  stm32f1xx_hal_rcc.o(i.HAL_RCC_GetPCLK2Freq)
    i.HAL_RCC_GetSysClockFreq                0x0800082c   Section        0  stm32f1xx_hal_rcc.o(i.HAL_RCC_GetSysClockFreq)
    i.HAL_RCC_OscConfig                      0x08000898   Section        0  stm32f1xx_hal_rcc.o(i.HAL_RCC_OscConfig)
    i.HAL_SYSTICK_Config                     0x08000bb8   Section        0  stm32f1xx_hal_cortex.o(i.HAL_SYSTICK_Config)
    i.HAL_TIMEx_MasterConfigSynchronization  0x08000be0   Section        0  stm32f1xx_hal_tim_ex.o(i.HAL_TIMEx_MasterConfigSynchronization)
    i.HAL_TIM_MspPostInit                    0x08000c5c   Section        0  tim.o(i.HAL_TIM_MspPostInit)
    i.HAL_TIM_PWM_ConfigChannel              0x08000d58   Section        0  stm32f1xx_hal_tim.o(i.HAL_TIM_PWM_ConfigChannel)
    i.HAL_TIM_PWM_Init                       0x08000e1e   Section        0  stm32f1xx_hal_tim.o(i.HAL_TIM_PWM_Init)
    i.HAL_TIM_PWM_MspInit                    0x08000e78   Section        0  tim.o(i.HAL_TIM_PWM_MspInit)
    i.HAL_UART_Init                          0x08000ee8   Section        0  stm32f1xx_hal_uart.o(i.HAL_UART_Init)
    i.HAL_UART_MspInit                       0x08000f4c   Section        0  usart.o(i.HAL_UART_MspInit)
    i.HAL_UART_Transmit                      0x08000fbc   Section        0  stm32f1xx_hal_uart.o(i.HAL_UART_Transmit)
    i.HardFault_Handler                      0x0800106e   Section        0  stm32f1xx_it.o(i.HardFault_Handler)
    i.MX_GPIO_Init                           0x08001070   Section        0  gpio.o(i.MX_GPIO_Init)
    i.MX_TIM2_Init                           0x08001218   Section        0  tim.o(i.MX_TIM2_Init)
    i.MX_TIM3_Init                           0x0800129c   Section        0  tim.o(i.MX_TIM3_Init)
    i.MX_TIM4_Init                           0x08001330   Section        0  tim.o(i.MX_TIM4_Init)
    i.MX_TIM5_Init                           0x080013d4   Section        0  tim.o(i.MX_TIM5_Init)
    i.MX_USART1_UART_Init                    0x08001454   Section        0  usart.o(i.MX_USART1_UART_Init)
    i.MemManage_Handler                      0x0800148c   Section        0  stm32f1xx_it.o(i.MemManage_Handler)
    i.NMI_Handler                            0x0800148e   Section        0  stm32f1xx_it.o(i.NMI_Handler)
    i.PS2_AnologData                         0x08001490   Section        0  ps2.o(i.PS2_AnologData)
    i.PS2_ClearData                          0x0800149c   Section        0  ps2.o(i.PS2_ClearData)
    i.PS2_Cmd                                0x080014b4   Section        0  ps2.o(i.PS2_Cmd)
    i.PS2_DataKey                            0x08001558   Section        0  ps2.o(i.PS2_DataKey)
    i.PS2_ReadData                           0x08001598   Section        0  ps2.o(i.PS2_ReadData)
    i.PendSV_Handler                         0x08001670   Section        0  stm32f1xx_it.o(i.PendSV_Handler)
    i.SVC_Handler                            0x08001672   Section        0  stm32f1xx_it.o(i.SVC_Handler)
    i.SysTick_Handler                        0x08001674   Section        0  stm32f1xx_it.o(i.SysTick_Handler)
    i.SystemClock_Config                     0x08001678   Section        0  main.o(i.SystemClock_Config)
    i.SystemInit                             0x080016c6   Section        0  system_stm32f1xx.o(i.SystemInit)
    i.TIM_Base_SetConfig                     0x080016c8   Section        0  stm32f1xx_hal_tim.o(i.TIM_Base_SetConfig)
    i.TIM_OC1_SetConfig                      0x08001754   Section        0  stm32f1xx_hal_tim.o(i.TIM_OC1_SetConfig)
    TIM_OC1_SetConfig                        0x08001755   Thumb Code    88  stm32f1xx_hal_tim.o(i.TIM_OC1_SetConfig)
    i.TIM_OC2_SetConfig                      0x080017b4   Section        0  stm32f1xx_hal_tim.o(i.TIM_OC2_SetConfig)
    i.TIM_OC3_SetConfig                      0x08001820   Section        0  stm32f1xx_hal_tim.o(i.TIM_OC3_SetConfig)
    TIM_OC3_SetConfig                        0x08001821   Thumb Code    96  stm32f1xx_hal_tim.o(i.TIM_OC3_SetConfig)
    i.TIM_OC4_SetConfig                      0x08001888   Section        0  stm32f1xx_hal_tim.o(i.TIM_OC4_SetConfig)
    TIM_OC4_SetConfig                        0x08001889   Thumb Code    70  stm32f1xx_hal_tim.o(i.TIM_OC4_SetConfig)
    i.UART_SetConfig                         0x080018d8   Section        0  stm32f1xx_hal_uart.o(i.UART_SetConfig)
    UART_SetConfig                           0x080018d9   Thumb Code   178  stm32f1xx_hal_uart.o(i.UART_SetConfig)
    i.UART_WaitOnFlagUntilTimeout            0x08001990   Section        0  stm32f1xx_hal_uart.o(i.UART_WaitOnFlagUntilTimeout)
    UART_WaitOnFlagUntilTimeout              0x08001991   Thumb Code   100  stm32f1xx_hal_uart.o(i.UART_WaitOnFlagUntilTimeout)
    i.UsageFault_Handler                     0x080019f4   Section        0  stm32f1xx_it.o(i.UsageFault_Handler)
    i.VL53L0X_CheckAndLoadInterruptSettings  0x080019f8   Section        0  vl53l0x_api.o(i.VL53L0X_CheckAndLoadInterruptSettings)
    i.VL53L0X_ClearInterruptMask             0x08001a74   Section        0  vl53l0x_api.o(i.VL53L0X_ClearInterruptMask)
    i.VL53L0X_DataInit                       0x08001ac0   Section        0  vl53l0x_api.o(i.VL53L0X_DataInit)
    i.VL53L0X_GetDeviceInfo                  0x08001c58   Section        0  vl53l0x_api.o(i.VL53L0X_GetDeviceInfo)
    i.VL53L0X_GetDeviceParameters            0x08001c5c   Section        0  vl53l0x_api.o(i.VL53L0X_GetDeviceParameters)
    i.VL53L0X_GetFractionEnable              0x08001cdc   Section        0  vl53l0x_api.o(i.VL53L0X_GetFractionEnable)
    i.VL53L0X_GetInterMeasurementPeriodMilliSeconds 0x08001cf6   Section        0  vl53l0x_api.o(i.VL53L0X_GetInterMeasurementPeriodMilliSeconds)
    i.VL53L0X_GetInterruptMaskStatus         0x08001d2c   Section        0  vl53l0x_api.o(i.VL53L0X_GetInterruptMaskStatus)
    i.VL53L0X_GetInterruptThresholds         0x08001d4e   Section        0  vl53l0x_api.o(i.VL53L0X_GetInterruptThresholds)
    i.VL53L0X_GetLimitCheckEnable            0x08001d82   Section        0  vl53l0x_api.o(i.VL53L0X_GetLimitCheckEnable)
    i.VL53L0X_GetLimitCheckValue             0x08001d9c   Section        0  vl53l0x_api.o(i.VL53L0X_GetLimitCheckValue)
    i.VL53L0X_GetMeasurementDataReady        0x08001e16   Section        0  vl53l0x_api.o(i.VL53L0X_GetMeasurementDataReady)
    i.VL53L0X_GetMeasurementTimingBudgetMicroSeconds 0x08001e50   Section        0  vl53l0x_api.o(i.VL53L0X_GetMeasurementTimingBudgetMicroSeconds)
    i.VL53L0X_GetOffsetCalibrationDataMicroMeter 0x08001e54   Section        0  vl53l0x_api.o(i.VL53L0X_GetOffsetCalibrationDataMicroMeter)
    i.VL53L0X_GetPalErrorString              0x08001e58   Section        0  vl53l0x_api.o(i.VL53L0X_GetPalErrorString)
    i.VL53L0X_GetRangingMeasurementData      0x08001e5c   Section        0  vl53l0x_api.o(i.VL53L0X_GetRangingMeasurementData)
    i.VL53L0X_GetSequenceStepEnables         0x08001f88   Section        0  vl53l0x_api.o(i.VL53L0X_GetSequenceStepEnables)
    i.VL53L0X_GetVcselPulsePeriod            0x08001ffa   Section        0  vl53l0x_api.o(i.VL53L0X_GetVcselPulsePeriod)
    i.VL53L0X_GetWrapAroundCheckEnable       0x08001ffe   Section        0  vl53l0x_api.o(i.VL53L0X_GetWrapAroundCheckEnable)
    i.VL53L0X_GetXTalkCompensationEnable     0x0800202a   Section        0  vl53l0x_api.o(i.VL53L0X_GetXTalkCompensationEnable)
    i.VL53L0X_GetXTalkCompensationRateMegaCps 0x08002034   Section        0  vl53l0x_api.o(i.VL53L0X_GetXTalkCompensationRateMegaCps)
    i.VL53L0X_PerformRefCalibration          0x08002060   Section        0  vl53l0x_api.o(i.VL53L0X_PerformRefCalibration)
    i.VL53L0X_PerformRefSpadManagement       0x08002066   Section        0  vl53l0x_api.o(i.VL53L0X_PerformRefSpadManagement)
    i.VL53L0X_PerformSingleMeasurement       0x0800206a   Section        0  vl53l0x_api.o(i.VL53L0X_PerformSingleMeasurement)
    i.VL53L0X_PerformSingleRangingMeasurement 0x0800208c   Section        0  vl53l0x_api.o(i.VL53L0X_PerformSingleRangingMeasurement)
    i.VL53L0X_PollingDelay                   0x080020c0   Section        0  vl53l0x_platform.o(i.VL53L0X_PollingDelay)
    i.VL53L0X_RdByte                         0x080020d2   Section        0  vl53l0x_platform.o(i.VL53L0X_RdByte)
    i.VL53L0X_RdDWord                        0x080020e8   Section        0  vl53l0x_platform.o(i.VL53L0X_RdDWord)
    i.VL53L0X_RdWord                         0x080020fe   Section        0  vl53l0x_platform.o(i.VL53L0X_RdWord)
    i.VL53L0X_ReadMulti                      0x08002114   Section        0  vl53l0x_platform.o(i.VL53L0X_ReadMulti)
    i.VL53L0X_SetDeviceAddress               0x08002132   Section        0  vl53l0x_api.o(i.VL53L0X_SetDeviceAddress)
    i.VL53L0X_SetDeviceMode                  0x0800213a   Section        0  vl53l0x_api.o(i.VL53L0X_SetDeviceMode)
    i.VL53L0X_SetGpioConfig                  0x0800215e   Section        0  vl53l0x_api.o(i.VL53L0X_SetGpioConfig)
    i.VL53L0X_SetInterMeasurementPeriodMilliSeconds 0x08002296   Section        0  vl53l0x_api.o(i.VL53L0X_SetInterMeasurementPeriodMilliSeconds)
    i.VL53L0X_SetInterruptThresholds         0x080022c6   Section        0  vl53l0x_api.o(i.VL53L0X_SetInterruptThresholds)
    i.VL53L0X_SetLimitCheckEnable            0x080022ec   Section        0  vl53l0x_api.o(i.VL53L0X_SetLimitCheckEnable)
    i.VL53L0X_SetLimitCheckValue             0x0800236e   Section        0  vl53l0x_api.o(i.VL53L0X_SetLimitCheckValue)
    i.VL53L0X_SetMeasurementTimingBudgetMicroSeconds 0x080023be   Section        0  vl53l0x_api.o(i.VL53L0X_SetMeasurementTimingBudgetMicroSeconds)
    i.VL53L0X_SetSequenceStepEnable          0x080023c2   Section        0  vl53l0x_api.o(i.VL53L0X_SetSequenceStepEnable)
    i.VL53L0X_SetVcselPulsePeriod            0x08002470   Section        0  vl53l0x_api.o(i.VL53L0X_SetVcselPulsePeriod)
    i.VL53L0X_StartMeasurement               0x08002474   Section        0  vl53l0x_api.o(i.VL53L0X_StartMeasurement)
    i.VL53L0X_StaticInit                     0x08002548   Section        0  vl53l0x_api.o(i.VL53L0X_StaticInit)
    i.VL53L0X_StopMeasurement                0x080026bc   Section        0  vl53l0x_api.o(i.VL53L0X_StopMeasurement)
    i.VL53L0X_UpdateByte                     0x08002712   Section        0  vl53l0x_platform.o(i.VL53L0X_UpdateByte)
    i.VL53L0X_WrByte                         0x08002754   Section        0  vl53l0x_platform.o(i.VL53L0X_WrByte)
    i.VL53L0X_WrDWord                        0x0800276a   Section        0  vl53l0x_platform.o(i.VL53L0X_WrDWord)
    i.VL53L0X_WrWord                         0x08002780   Section        0  vl53l0x_platform.o(i.VL53L0X_WrWord)
    i.VL53L0X_WriteMulti                     0x08002796   Section        0  vl53l0x_platform.o(i.VL53L0X_WriteMulti)
    i.VL53L0X_calc_dmax                      0x080027b4   Section        0  vl53l0x_api_core.o(i.VL53L0X_calc_dmax)
    i.VL53L0X_calc_macro_period_ps           0x0800288c   Section        0  vl53l0x_api_core.o(i.VL53L0X_calc_macro_period_ps)
    i.VL53L0X_calc_sigma_estimate            0x0800289c   Section        0  vl53l0x_api_core.o(i.VL53L0X_calc_sigma_estimate)
    i.VL53L0X_calc_timeout_mclks             0x08002ac4   Section        0  vl53l0x_api_core.o(i.VL53L0X_calc_timeout_mclks)
    i.VL53L0X_calc_timeout_us                0x08002ae6   Section        0  vl53l0x_api_core.o(i.VL53L0X_calc_timeout_us)
    i.VL53L0X_check_part_used                0x08002b08   Section        0  vl53l0x_api_strings.o(i.VL53L0X_check_part_used)
    i.VL53L0X_decode_timeout                 0x08002b44   Section        0  vl53l0x_api_core.o(i.VL53L0X_decode_timeout)
    i.VL53L0X_decode_vcsel_period            0x08002b50   Section        0  vl53l0x_api_core.o(i.VL53L0X_decode_vcsel_period)
    i.VL53L0X_device_read_strobe             0x08002b58   Section        0  vl53l0x_api_core.o(i.VL53L0X_device_read_strobe)
    i.VL53L0X_encode_timeout                 0x08002ba2   Section        0  vl53l0x_api_core.o(i.VL53L0X_encode_timeout)
    i.VL53L0X_encode_vcsel_period            0x08002bc0   Section        0  vl53l0x_api_core.o(i.VL53L0X_encode_vcsel_period)
    i.VL53L0X_get_device_info                0x08002bcc   Section        0  vl53l0x_api_strings.o(i.VL53L0X_get_device_info)
    i.VL53L0X_get_info_from_device           0x08002c7c   Section        0  vl53l0x_api_core.o(i.VL53L0X_get_info_from_device)
    i.VL53L0X_get_measurement_timing_budget_micro_seconds 0x080031a4   Section        0  vl53l0x_api_core.o(i.VL53L0X_get_measurement_timing_budget_micro_seconds)
    i.VL53L0X_get_offset_calibration_data_micro_meter 0x08003268   Section        0  vl53l0x_api_calibration.o(i.VL53L0X_get_offset_calibration_data_micro_meter)
    i.VL53L0X_get_pal_error_string           0x0800329c   Section        0  vl53l0x_api_strings.o(i.VL53L0X_get_pal_error_string)
    i.VL53L0X_get_pal_range_status           0x080034ec   Section        0  vl53l0x_api_core.o(i.VL53L0X_get_pal_range_status)
    i.VL53L0X_get_total_signal_rate          0x080036d2   Section        0  vl53l0x_api_core.o(i.VL53L0X_get_total_signal_rate)
    i.VL53L0X_get_total_xtalk_rate           0x080036ee   Section        0  vl53l0x_api_core.o(i.VL53L0X_get_total_xtalk_rate)
    i.VL53L0X_get_vcsel_pulse_period         0x0800371c   Section        0  vl53l0x_api_core.o(i.VL53L0X_get_vcsel_pulse_period)
    i.VL53L0X_isqrt                          0x0800374c   Section        0  vl53l0x_api_core.o(i.VL53L0X_isqrt)
    i.VL53L0X_load_tuning_settings           0x08003778   Section        0  vl53l0x_api_core.o(i.VL53L0X_load_tuning_settings)
    i.VL53L0X_measurement_poll_for_completion 0x0800381c   Section        0  vl53l0x_api_core.o(i.VL53L0X_measurement_poll_for_completion)
    i.VL53L0X_perform_phase_calibration      0x08003852   Section        0  vl53l0x_api_calibration.o(i.VL53L0X_perform_phase_calibration)
    i.VL53L0X_perform_ref_calibration        0x080038c6   Section        0  vl53l0x_api_calibration.o(i.VL53L0X_perform_ref_calibration)
    i.VL53L0X_perform_ref_spad_management    0x08003906   Section        0  vl53l0x_api_calibration.o(i.VL53L0X_perform_ref_spad_management)
    i.VL53L0X_perform_single_ref_calibration 0x08003b24   Section        0  vl53l0x_api_calibration.o(i.VL53L0X_perform_single_ref_calibration)
    i.VL53L0X_perform_vhv_calibration        0x08003b5c   Section        0  vl53l0x_api_calibration.o(i.VL53L0X_perform_vhv_calibration)
    i.VL53L0X_read_byte                      0x08003bd0   Section        0  vl53l0x_i2c.o(i.VL53L0X_read_byte)
    i.VL53L0X_read_dword                     0x08003bd6   Section        0  vl53l0x_i2c.o(i.VL53L0X_read_dword)
    i.VL53L0X_read_multi                     0x08003c02   Section        0  vl53l0x_i2c.o(i.VL53L0X_read_multi)
    i.VL53L0X_read_word                      0x08003c18   Section        0  vl53l0x_i2c.o(i.VL53L0X_read_word)
    i.VL53L0X_ref_calibration_io             0x08003c34   Section        0  vl53l0x_api_calibration.o(i.VL53L0X_ref_calibration_io)
    i.VL53L0X_set_measurement_timing_budget_micro_seconds 0x08003ce6   Section        0  vl53l0x_api_core.o(i.VL53L0X_set_measurement_timing_budget_micro_seconds)
    i.VL53L0X_set_reference_spads            0x08003da8   Section        0  vl53l0x_api_calibration.o(i.VL53L0X_set_reference_spads)
    i.VL53L0X_set_vcsel_pulse_period         0x08003e4e   Section        0  vl53l0x_api_core.o(i.VL53L0X_set_vcsel_pulse_period)
    i.VL53L0X_write_byte                     0x0800406e   Section        0  vl53l0x_i2c.o(i.VL53L0X_write_byte)
    i.VL53L0X_write_dword                    0x0800407a   Section        0  vl53l0x_i2c.o(i.VL53L0X_write_dword)
    i.VL53L0X_write_multi                    0x0800409c   Section        0  vl53l0x_i2c.o(i.VL53L0X_write_multi)
    i.VL53L0X_write_word                     0x080040b2   Section        0  vl53l0x_i2c.o(i.VL53L0X_write_word)
    i.VL_IIC_Ack                             0x080040e4   Section        0  vl53l0x_i2c.o(i.VL_IIC_Ack)
    i.VL_IIC_NAck                            0x0800412c   Section        0  vl53l0x_i2c.o(i.VL_IIC_NAck)
    i.VL_IIC_Read_Byte                       0x08004174   Section        0  vl53l0x_i2c.o(i.VL_IIC_Read_Byte)
    i.VL_IIC_Read_nByte                      0x080041e8   Section        0  vl53l0x_i2c.o(i.VL_IIC_Read_nByte)
    i.VL_IIC_Send_Byte                       0x0800424c   Section        0  vl53l0x_i2c.o(i.VL_IIC_Send_Byte)
    i.VL_IIC_Start                           0x080042bc   Section        0  vl53l0x_i2c.o(i.VL_IIC_Start)
    i.VL_IIC_Stop                            0x08004308   Section        0  vl53l0x_i2c.o(i.VL_IIC_Stop)
    i.VL_IIC_Wait_Ack                        0x08004354   Section        0  vl53l0x_i2c.o(i.VL_IIC_Wait_Ack)
    i.VL_IIC_Write_nByte                     0x080043b4   Section        0  vl53l0x_i2c.o(i.VL_IIC_Write_nByte)
    i.__0printf$8                            0x080043fc   Section        0  printf8.o(i.__0printf$8)
    i.__NVIC_SetPriority                     0x0800441c   Section        0  stm32f1xx_hal_cortex.o(i.__NVIC_SetPriority)
    __NVIC_SetPriority                       0x0800441d   Thumb Code    32  stm32f1xx_hal_cortex.o(i.__NVIC_SetPriority)
    i.__scatterload_copy                     0x0800443c   Section       14  handlers.o(i.__scatterload_copy)
    i.__scatterload_null                     0x0800444a   Section        2  handlers.o(i.__scatterload_null)
    i.__scatterload_zeroinit                 0x0800444c   Section       14  handlers.o(i.__scatterload_zeroinit)
    i._printf_core                           0x0800445c   Section        0  printf8.o(i._printf_core)
    _printf_core                             0x0800445d   Thumb Code   996  printf8.o(i._printf_core)
    i._printf_post_padding                   0x0800486c   Section        0  printf8.o(i._printf_post_padding)
    _printf_post_padding                     0x0800486d   Thumb Code    36  printf8.o(i._printf_post_padding)
    i._printf_pre_padding                    0x08004890   Section        0  printf8.o(i._printf_pre_padding)
    _printf_pre_padding                      0x08004891   Thumb Code    46  printf8.o(i._printf_pre_padding)
    i.delay_us                               0x080048be   Section        0  other_functions.o(i.delay_us)
    i.enable_ref_spads                       0x080048ee   Section        0  vl53l0x_api_calibration.o(i.enable_ref_spads)
    i.enable_spad_bit                        0x08004982   Section        0  vl53l0x_api_calibration.o(i.enable_spad_bit)
    i.fputc                                  0x080049ac   Section        0  stm32f1xx_hal.o(i.fputc)
    i.get_next_good_spad                     0x080049c4   Section        0  vl53l0x_api_calibration.o(i.get_next_good_spad)
    i.get_ref_spad_map                       0x08004a20   Section        0  vl53l0x_api_calibration.o(i.get_ref_spad_map)
    i.get_sequence_step_timeout              0x08004a2a   Section        0  vl53l0x_api_core.o(i.get_sequence_step_timeout)
    i.is_aperture                            0x08004b1c   Section        0  vl53l0x_api_calibration.o(i.is_aperture)
    i.main                                   0x08004b34   Section        0  main.o(i.main)
    i.perform_ref_signal_measurement         0x08004c9c   Section        0  vl53l0x_api_calibration.o(i.perform_ref_signal_measurement)
    i.print_pal_error                        0x08004d00   Section        0  vl53l0x.o(i.print_pal_error)
    i.sequence_step_enabled                  0x08004d34   Section        0  vl53l0x_api.o(i.sequence_step_enabled)
    i.set_ref_spad_map                       0x08004d6c   Section        0  vl53l0x_api_calibration.o(i.set_ref_spad_map)
    i.set_sequence_step_timeout              0x08004d76   Section        0  vl53l0x_api_core.o(i.set_sequence_step_timeout)
    i.vl53l0x_Addr_set                       0x08004e78   Section        0  vl53l0x.o(i.vl53l0x_Addr_set)
    i.vl53l0x_init                           0x08004f00   Section        0  vl53l0x.o(i.vl53l0x_init)
    i.vl53l0x_interrupt_start                0x08004f74   Section        0  vl53l0x_it.o(i.vl53l0x_interrupt_start)
    i.vl53l0x_interrupt_test                 0x080050dc   Section        0  vl53l0x_it.o(i.vl53l0x_interrupt_test)
    i.vl53l0x_reset                          0x080050e0   Section        0  vl53l0x.o(i.vl53l0x_reset)
    i.vl53l0x_test                           0x08005120   Section        0  vl53l0x.o(i.vl53l0x_test)
    .constdata                               0x08005154   Section       16  system_stm32f1xx.o(.constdata)
    .constdata                               0x08005164   Section        8  system_stm32f1xx.o(.constdata)
    .data                                    0x20000000   Section       36  ps2.o(.data)
    .data                                    0x20000024   Section        1  vl53l0x.o(.data)
    .data                                    0x20000025   Section       56  vl53l0x.o(.data)
    .data                                    0x20000060   Section       12  vl53l0x_it.o(.data)
    .data                                    0x2000006c   Section        4  system_stm32f1xx.o(.data)
    .data                                    0x20000070   Section      681  vl53l0x_api.o(.data)
    .data                                    0x2000031c   Section       16  vl53l0x_api_calibration.o(.data)
    .data                                    0x2000032c   Section       12  stm32f1xx_hal.o(.data)
    .data                                    0x20000338   Section        4  stdout.o(.data)
    .bss                                     0x2000033c   Section        9  ps2.o(.bss)
    .bss                                     0x20000348   Section      288  tim.o(.bss)
    .bss                                     0x20000468   Section       64  usart.o(.bss)
    .bss                                     0x200004a8   Section      451  vl53l0x.o(.bss)
    .bss                                     0x2000066c   Section       28  vl53l0x_it.o(.bss)
    STACK                                    0x20000688   Section     1024  startup_stm32f103xe.o(STACK)

    Global Symbols

    Symbol Name                              Value     Ov Type        Size  Object(Section)

    BuildAttributes$$THM_ISAv4$P$D$K$B$S$PE$A:L22UL41UL21$X:L11$S22US41US21$IEEE1$IW$USESV6$~STKCKD$USESV7$~SHL$OTIME$ROPI$IEEEJ$EBA8$MICROLIB$REQ8$PRES8$EABIv2 0x00000000   Number         0  anon$$obj.o ABSOLUTE
    __ARM_use_no_argv                        0x00000000   Number         0  main.o ABSOLUTE
    _printf_a                                0x00000000   Number         0  stubs.o ABSOLUTE
    _printf_c                                0x00000000   Number         0  stubs.o ABSOLUTE
    _printf_charcount                        0x00000000   Number         0  stubs.o ABSOLUTE
    _printf_d                                0x00000000   Number         0  stubs.o ABSOLUTE
    _printf_e                                0x00000000   Number         0  stubs.o ABSOLUTE
    _printf_f                                0x00000000   Number         0  stubs.o ABSOLUTE
    _printf_flags                            0x00000000   Number         0  stubs.o ABSOLUTE
    _printf_fp_dec                           0x00000000   Number         0  stubs.o ABSOLUTE
    _printf_fp_hex                           0x00000000   Number         0  stubs.o ABSOLUTE
    _printf_g                                0x00000000   Number         0  stubs.o ABSOLUTE
    _printf_i                                0x00000000   Number         0  stubs.o ABSOLUTE
    _printf_int_dec                          0x00000000   Number         0  stubs.o ABSOLUTE
    _printf_l                                0x00000000   Number         0  stubs.o ABSOLUTE
    _printf_lc                               0x00000000   Number         0  stubs.o ABSOLUTE
    _printf_ll                               0x00000000   Number         0  stubs.o ABSOLUTE
    _printf_lld                              0x00000000   Number         0  stubs.o ABSOLUTE
    _printf_lli                              0x00000000   Number         0  stubs.o ABSOLUTE
    _printf_llo                              0x00000000   Number         0  stubs.o ABSOLUTE
    _printf_llu                              0x00000000   Number         0  stubs.o ABSOLUTE
    _printf_llx                              0x00000000   Number         0  stubs.o ABSOLUTE
    _printf_longlong_dec                     0x00000000   Number         0  stubs.o ABSOLUTE
    _printf_longlong_hex                     0x00000000   Number         0  stubs.o ABSOLUTE
    _printf_longlong_oct                     0x00000000   Number         0  stubs.o ABSOLUTE
    _printf_ls                               0x00000000   Number         0  stubs.o ABSOLUTE
    _printf_mbtowc                           0x00000000   Number         0  stubs.o ABSOLUTE
    _printf_n                                0x00000000   Number         0  stubs.o ABSOLUTE
    _printf_o                                0x00000000   Number         0  stubs.o ABSOLUTE
    _printf_p                                0x00000000   Number         0  stubs.o ABSOLUTE
    _printf_percent                          0x00000000   Number         0  stubs.o ABSOLUTE
    _printf_pre_padding                      0x00000000   Number         0  stubs.o ABSOLUTE
    _printf_return_value                     0x00000000   Number         0  stubs.o ABSOLUTE
    _printf_s                                0x00000000   Number         0  stubs.o ABSOLUTE
    _printf_sizespec                         0x00000000   Number         0  stubs.o ABSOLUTE
    _printf_str                              0x00000000   Number         0  stubs.o ABSOLUTE
    _printf_truncate_signed                  0x00000000   Number         0  stubs.o ABSOLUTE
    _printf_truncate_unsigned                0x00000000   Number         0  stubs.o ABSOLUTE
    _printf_u                                0x00000000   Number         0  stubs.o ABSOLUTE
    _printf_wc                               0x00000000   Number         0  stubs.o ABSOLUTE
    _printf_wctomb                           0x00000000   Number         0  stubs.o ABSOLUTE
    _printf_widthprec                        0x00000000   Number         0  stubs.o ABSOLUTE
    _printf_x                                0x00000000   Number         0  stubs.o ABSOLUTE
    __cpp_initialize__aeabi_                  - Undefined Weak Reference
    __cxa_finalize                            - Undefined Weak Reference
    _clock_init                               - Undefined Weak Reference
    _microlib_exit                            - Undefined Weak Reference
    __Vectors_Size                           0x00000130   Number         0  startup_stm32f103xe.o ABSOLUTE
    __Vectors                                0x08000000   Data           4  startup_stm32f103xe.o(RESET)
    __Vectors_End                            0x08000130   Data           0  startup_stm32f103xe.o(RESET)
    __main                                   0x08000131   Thumb Code     0  entry.o(.ARM.Collect$$$$00000000)
    _main_stk                                0x08000131   Thumb Code     0  entry2.o(.ARM.Collect$$$$00000001)
    _main_scatterload                        0x08000135   Thumb Code     0  entry5.o(.ARM.Collect$$$$00000004)
    __main_after_scatterload                 0x08000139   Thumb Code     0  entry5.o(.ARM.Collect$$$$00000004)
    _main_clock                              0x08000139   Thumb Code     0  entry7b.o(.ARM.Collect$$$$00000008)
    _main_cpp_init                           0x08000139   Thumb Code     0  entry8b.o(.ARM.Collect$$$$0000000A)
    _main_init                               0x08000139   Thumb Code     0  entry9a.o(.ARM.Collect$$$$0000000B)
    __rt_final_cpp                           0x08000141   Thumb Code     0  entry10a.o(.ARM.Collect$$$$0000000D)
    __rt_final_exit                          0x08000141   Thumb Code     0  entry11a.o(.ARM.Collect$$$$0000000F)
    Reset_Handler                            0x08000145   Thumb Code     8  startup_stm32f103xe.o(.text)
    ADC1_2_IRQHandler                        0x0800015f   Thumb Code     0  startup_stm32f103xe.o(.text)
    ADC3_IRQHandler                          0x0800015f   Thumb Code     0  startup_stm32f103xe.o(.text)
    CAN1_RX1_IRQHandler                      0x0800015f   Thumb Code     0  startup_stm32f103xe.o(.text)
    CAN1_SCE_IRQHandler                      0x0800015f   Thumb Code     0  startup_stm32f103xe.o(.text)
    DMA1_Channel1_IRQHandler                 0x0800015f   Thumb Code     0  startup_stm32f103xe.o(.text)
    DMA1_Channel2_IRQHandler                 0x0800015f   Thumb Code     0  startup_stm32f103xe.o(.text)
    DMA1_Channel3_IRQHandler                 0x0800015f   Thumb Code     0  startup_stm32f103xe.o(.text)
    DMA1_Channel4_IRQHandler                 0x0800015f   Thumb Code     0  startup_stm32f103xe.o(.text)
    DMA1_Channel5_IRQHandler                 0x0800015f   Thumb Code     0  startup_stm32f103xe.o(.text)
    DMA1_Channel6_IRQHandler                 0x0800015f   Thumb Code     0  startup_stm32f103xe.o(.text)
    DMA1_Channel7_IRQHandler                 0x0800015f   Thumb Code     0  startup_stm32f103xe.o(.text)
    DMA2_Channel1_IRQHandler                 0x0800015f   Thumb Code     0  startup_stm32f103xe.o(.text)
    DMA2_Channel2_IRQHandler                 0x0800015f   Thumb Code     0  startup_stm32f103xe.o(.text)
    DMA2_Channel3_IRQHandler                 0x0800015f   Thumb Code     0  startup_stm32f103xe.o(.text)
    DMA2_Channel4_5_IRQHandler               0x0800015f   Thumb Code     0  startup_stm32f103xe.o(.text)
    EXTI0_IRQHandler                         0x0800015f   Thumb Code     0  startup_stm32f103xe.o(.text)
    EXTI15_10_IRQHandler                     0x0800015f   Thumb Code     0  startup_stm32f103xe.o(.text)
    EXTI1_IRQHandler                         0x0800015f   Thumb Code     0  startup_stm32f103xe.o(.text)
    EXTI2_IRQHandler                         0x0800015f   Thumb Code     0  startup_stm32f103xe.o(.text)
    EXTI3_IRQHandler                         0x0800015f   Thumb Code     0  startup_stm32f103xe.o(.text)
    EXTI9_5_IRQHandler                       0x0800015f   Thumb Code     0  startup_stm32f103xe.o(.text)
    FLASH_IRQHandler                         0x0800015f   Thumb Code     0  startup_stm32f103xe.o(.text)
    FSMC_IRQHandler                          0x0800015f   Thumb Code     0  startup_stm32f103xe.o(.text)
    I2C1_ER_IRQHandler                       0x0800015f   Thumb Code     0  startup_stm32f103xe.o(.text)
    I2C1_EV_IRQHandler                       0x0800015f   Thumb Code     0  startup_stm32f103xe.o(.text)
    I2C2_ER_IRQHandler                       0x0800015f   Thumb Code     0  startup_stm32f103xe.o(.text)
    I2C2_EV_IRQHandler                       0x0800015f   Thumb Code     0  startup_stm32f103xe.o(.text)
    PVD_IRQHandler                           0x0800015f   Thumb Code     0  startup_stm32f103xe.o(.text)
    RCC_IRQHandler                           0x0800015f   Thumb Code     0  startup_stm32f103xe.o(.text)
    RTC_Alarm_IRQHandler                     0x0800015f   Thumb Code     0  startup_stm32f103xe.o(.text)
    RTC_IRQHandler                           0x0800015f   Thumb Code     0  startup_stm32f103xe.o(.text)
    SDIO_IRQHandler                          0x0800015f   Thumb Code     0  startup_stm32f103xe.o(.text)
    SPI1_IRQHandler                          0x0800015f   Thumb Code     0  startup_stm32f103xe.o(.text)
    SPI2_IRQHandler                          0x0800015f   Thumb Code     0  startup_stm32f103xe.o(.text)
    SPI3_IRQHandler                          0x0800015f   Thumb Code     0  startup_stm32f103xe.o(.text)
    TAMPER_IRQHandler                        0x0800015f   Thumb Code     0  startup_stm32f103xe.o(.text)
    TIM1_BRK_IRQHandler                      0x0800015f   Thumb Code     0  startup_stm32f103xe.o(.text)
    TIM1_CC_IRQHandler                       0x0800015f   Thumb Code     0  startup_stm32f103xe.o(.text)
    TIM1_TRG_COM_IRQHandler                  0x0800015f   Thumb Code     0  startup_stm32f103xe.o(.text)
    TIM1_UP_IRQHandler                       0x0800015f   Thumb Code     0  startup_stm32f103xe.o(.text)
    TIM2_IRQHandler                          0x0800015f   Thumb Code     0  startup_stm32f103xe.o(.text)
    TIM3_IRQHandler                          0x0800015f   Thumb Code     0  startup_stm32f103xe.o(.text)
    TIM4_IRQHandler                          0x0800015f   Thumb Code     0  startup_stm32f103xe.o(.text)
    TIM5_IRQHandler                          0x0800015f   Thumb Code     0  startup_stm32f103xe.o(.text)
    TIM6_IRQHandler                          0x0800015f   Thumb Code     0  startup_stm32f103xe.o(.text)
    TIM7_IRQHandler                          0x0800015f   Thumb Code     0  startup_stm32f103xe.o(.text)
    TIM8_BRK_IRQHandler                      0x0800015f   Thumb Code     0  startup_stm32f103xe.o(.text)
    TIM8_CC_IRQHandler                       0x0800015f   Thumb Code     0  startup_stm32f103xe.o(.text)
    TIM8_TRG_COM_IRQHandler                  0x0800015f   Thumb Code     0  startup_stm32f103xe.o(.text)
    TIM8_UP_IRQHandler                       0x0800015f   Thumb Code     0  startup_stm32f103xe.o(.text)
    UART4_IRQHandler                         0x0800015f   Thumb Code     0  startup_stm32f103xe.o(.text)
    UART5_IRQHandler                         0x0800015f   Thumb Code     0  startup_stm32f103xe.o(.text)
    USART1_IRQHandler                        0x0800015f   Thumb Code     0  startup_stm32f103xe.o(.text)
    USART2_IRQHandler                        0x0800015f   Thumb Code     0  startup_stm32f103xe.o(.text)
    USART3_IRQHandler                        0x0800015f   Thumb Code     0  startup_stm32f103xe.o(.text)
    USBWakeUp_IRQHandler                     0x0800015f   Thumb Code     0  startup_stm32f103xe.o(.text)
    USB_HP_CAN1_TX_IRQHandler                0x0800015f   Thumb Code     0  startup_stm32f103xe.o(.text)
    USB_LP_CAN1_RX0_IRQHandler               0x0800015f   Thumb Code     0  startup_stm32f103xe.o(.text)
    WWDG_IRQHandler                          0x0800015f   Thumb Code     0  startup_stm32f103xe.o(.text)
    __aeabi_llsr                             0x08000169   Thumb Code    32  llushr.o(.text)
    _ll_ushift_r                             0x08000169   Thumb Code     0  llushr.o(.text)
    __aeabi_memcpy                           0x08000189   Thumb Code    36  memcpya.o(.text)
    __aeabi_memcpy4                          0x08000189   Thumb Code     0  memcpya.o(.text)
    __aeabi_memcpy8                          0x08000189   Thumb Code     0  memcpya.o(.text)
    __aeabi_memset                           0x080001ad   Thumb Code    14  memseta.o(.text)
    __aeabi_memset4                          0x080001ad   Thumb Code     0  memseta.o(.text)
    __aeabi_memset8                          0x080001ad   Thumb Code     0  memseta.o(.text)
    __aeabi_memclr                           0x080001bb   Thumb Code     4  memseta.o(.text)
    __aeabi_memclr4                          0x080001bb   Thumb Code     0  memseta.o(.text)
    __aeabi_memclr8                          0x080001bb   Thumb Code     0  memseta.o(.text)
    _memset$wrapper                          0x080001bf   Thumb Code    18  memseta.o(.text)
    strcpy                                   0x080001d1   Thumb Code    18  strcpy.o(.text)
    __aeabi_uldivmod                         0x080001e3   Thumb Code    98  uldiv.o(.text)
    __scatterload                            0x08000245   Thumb Code    28  init.o(.text)
    __scatterload_rt2                        0x08000245   Thumb Code     0  init.o(.text)
    __aeabi_llsl                             0x08000269   Thumb Code    30  llshl.o(.text)
    _ll_shift_l                              0x08000269   Thumb Code     0  llshl.o(.text)
    __decompress                             0x08000287   Thumb Code     0  __dclz77c.o(.text)
    __decompress2                            0x08000287   Thumb Code    94  __dclz77c.o(.text)
    BusFault_Handler                         0x080002e5   Thumb Code     2  stm32f1xx_it.o(i.BusFault_Handler)
    DebugMon_Handler                         0x080002e7   Thumb Code     2  stm32f1xx_it.o(i.DebugMon_Handler)
    EXTI4_IRQHandler                         0x080002e9   Thumb Code     6  stm32f1xx_it.o(i.EXTI4_IRQHandler)
    Error_Handler                            0x080002ef   Thumb Code     2  main.o(i.Error_Handler)
    HAL_Delay                                0x080002f1   Thumb Code    32  stm32f1xx_hal.o(i.HAL_Delay)
    HAL_GPIO_EXTI_Callback                   0x08000315   Thumb Code    38  vl53l0x_it.o(i.HAL_GPIO_EXTI_Callback)
    HAL_GPIO_EXTI_IRQHandler                 0x08000351   Thumb Code    18  stm32f1xx_hal_gpio.o(i.HAL_GPIO_EXTI_IRQHandler)
    HAL_GPIO_Init                            0x08000369   Thumb Code   462  stm32f1xx_hal_gpio.o(i.HAL_GPIO_Init)
    HAL_GPIO_ReadPin                         0x08000561   Thumb Code    10  stm32f1xx_hal_gpio.o(i.HAL_GPIO_ReadPin)
    HAL_GPIO_TogglePin                       0x0800056b   Thumb Code    16  stm32f1xx_hal_gpio.o(i.HAL_GPIO_TogglePin)
    HAL_GPIO_WritePin                        0x0800057b   Thumb Code    10  stm32f1xx_hal_gpio.o(i.HAL_GPIO_WritePin)
    HAL_GetTick                              0x08000585   Thumb Code     6  stm32f1xx_hal.o(i.HAL_GetTick)
    HAL_IncTick                              0x08000591   Thumb Code    12  stm32f1xx_hal.o(i.HAL_IncTick)
    HAL_Init                                 0x080005a1   Thumb Code    32  stm32f1xx_hal.o(i.HAL_Init)
    HAL_InitTick                             0x080005c5   Thumb Code    54  stm32f1xx_hal.o(i.HAL_InitTick)
    HAL_MspInit                              0x08000605   Thumb Code    52  stm32f1xx_hal_msp.o(i.HAL_MspInit)
    HAL_NVIC_EnableIRQ                       0x08000641   Thumb Code    26  stm32f1xx_hal_cortex.o(i.HAL_NVIC_EnableIRQ)
    HAL_NVIC_SetPriority                     0x0800065d   Thumb Code    60  stm32f1xx_hal_cortex.o(i.HAL_NVIC_SetPriority)
    HAL_NVIC_SetPriorityGrouping             0x0800069d   Thumb Code    26  stm32f1xx_hal_cortex.o(i.HAL_NVIC_SetPriorityGrouping)
    HAL_RCC_ClockConfig                      0x080006c1   Thumb Code   280  stm32f1xx_hal_rcc.o(i.HAL_RCC_ClockConfig)
    HAL_RCC_GetPCLK1Freq                     0x080007ed   Thumb Code    20  stm32f1xx_hal_rcc.o(i.HAL_RCC_GetPCLK1Freq)
    HAL_RCC_GetPCLK2Freq                     0x0800080d   Thumb Code    20  stm32f1xx_hal_rcc.o(i.HAL_RCC_GetPCLK2Freq)
    HAL_RCC_GetSysClockFreq                  0x0800082d   Thumb Code    74  stm32f1xx_hal_rcc.o(i.HAL_RCC_GetSysClockFreq)
    HAL_RCC_OscConfig                        0x08000899   Thumb Code   778  stm32f1xx_hal_rcc.o(i.HAL_RCC_OscConfig)
    HAL_SYSTICK_Config                       0x08000bb9   Thumb Code    40  stm32f1xx_hal_cortex.o(i.HAL_SYSTICK_Config)
    HAL_TIMEx_MasterConfigSynchronization    0x08000be1   Thumb Code   104  stm32f1xx_hal_tim_ex.o(i.HAL_TIMEx_MasterConfigSynchronization)
    HAL_TIM_MspPostInit                      0x08000c5d   Thumb Code   218  tim.o(i.HAL_TIM_MspPostInit)
    HAL_TIM_PWM_ConfigChannel                0x08000d59   Thumb Code   198  stm32f1xx_hal_tim.o(i.HAL_TIM_PWM_ConfigChannel)
    HAL_TIM_PWM_Init                         0x08000e1f   Thumb Code    90  stm32f1xx_hal_tim.o(i.HAL_TIM_PWM_Init)
    HAL_TIM_PWM_MspInit                      0x08000e79   Thumb Code    96  tim.o(i.HAL_TIM_PWM_MspInit)
    HAL_UART_Init                            0x08000ee9   Thumb Code    98  stm32f1xx_hal_uart.o(i.HAL_UART_Init)
    HAL_UART_MspInit                         0x08000f4d   Thumb Code   100  usart.o(i.HAL_UART_MspInit)
    HAL_UART_Transmit                        0x08000fbd   Thumb Code   178  stm32f1xx_hal_uart.o(i.HAL_UART_Transmit)
    HardFault_Handler                        0x0800106f   Thumb Code     2  stm32f1xx_it.o(i.HardFault_Handler)
    MX_GPIO_Init                             0x08001071   Thumb Code   392  gpio.o(i.MX_GPIO_Init)
    MX_TIM2_Init                             0x08001219   Thumb Code   126  tim.o(i.MX_TIM2_Init)
    MX_TIM3_Init                             0x0800129d   Thumb Code   140  tim.o(i.MX_TIM3_Init)
    MX_TIM4_Init                             0x08001331   Thumb Code   156  tim.o(i.MX_TIM4_Init)
    MX_TIM5_Init                             0x080013d5   Thumb Code   120  tim.o(i.MX_TIM5_Init)
    MX_USART1_UART_Init                      0x08001455   Thumb Code    48  usart.o(i.MX_USART1_UART_Init)
    MemManage_Handler                        0x0800148d   Thumb Code     2  stm32f1xx_it.o(i.MemManage_Handler)
    NMI_Handler                              0x0800148f   Thumb Code     2  stm32f1xx_it.o(i.NMI_Handler)
    PS2_AnologData                           0x08001491   Thumb Code     6  ps2.o(i.PS2_AnologData)
    PS2_ClearData                            0x0800149d   Thumb Code    18  ps2.o(i.PS2_ClearData)
    PS2_Cmd                                  0x080014b5   Thumb Code   156  ps2.o(i.PS2_Cmd)
    PS2_DataKey                              0x08001559   Thumb Code    56  ps2.o(i.PS2_DataKey)
    PS2_ReadData                             0x08001599   Thumb Code   204  ps2.o(i.PS2_ReadData)
    PendSV_Handler                           0x08001671   Thumb Code     2  stm32f1xx_it.o(i.PendSV_Handler)
    SVC_Handler                              0x08001673   Thumb Code     2  stm32f1xx_it.o(i.SVC_Handler)
    SysTick_Handler                          0x08001675   Thumb Code     4  stm32f1xx_it.o(i.SysTick_Handler)
    SystemClock_Config                       0x08001679   Thumb Code    78  main.o(i.SystemClock_Config)
    SystemInit                               0x080016c7   Thumb Code     2  system_stm32f1xx.o(i.SystemInit)
    TIM_Base_SetConfig                       0x080016c9   Thumb Code   120  stm32f1xx_hal_tim.o(i.TIM_Base_SetConfig)
    TIM_OC2_SetConfig                        0x080017b5   Thumb Code    98  stm32f1xx_hal_tim.o(i.TIM_OC2_SetConfig)
    UsageFault_Handler                       0x080019f5   Thumb Code     2  stm32f1xx_it.o(i.UsageFault_Handler)
    VL53L0X_CheckAndLoadInterruptSettings    0x080019f9   Thumb Code   118  vl53l0x_api.o(i.VL53L0X_CheckAndLoadInterruptSettings)
    VL53L0X_ClearInterruptMask               0x08001a75   Thumb Code    76  vl53l0x_api.o(i.VL53L0X_ClearInterruptMask)
    VL53L0X_DataInit                         0x08001ac1   Thumb Code   400  vl53l0x_api.o(i.VL53L0X_DataInit)
    VL53L0X_GetDeviceInfo                    0x08001c59   Thumb Code     4  vl53l0x_api.o(i.VL53L0X_GetDeviceInfo)
    VL53L0X_GetDeviceParameters              0x08001c5d   Thumb Code   128  vl53l0x_api.o(i.VL53L0X_GetDeviceParameters)
    VL53L0X_GetFractionEnable                0x08001cdd   Thumb Code    26  vl53l0x_api.o(i.VL53L0X_GetFractionEnable)
    VL53L0X_GetInterMeasurementPeriodMilliSeconds 0x08001cf7   Thumb Code    54  vl53l0x_api.o(i.VL53L0X_GetInterMeasurementPeriodMilliSeconds)
    VL53L0X_GetInterruptMaskStatus           0x08001d2d   Thumb Code    34  vl53l0x_api.o(i.VL53L0X_GetInterruptMaskStatus)
    VL53L0X_GetInterruptThresholds           0x08001d4f   Thumb Code    52  vl53l0x_api.o(i.VL53L0X_GetInterruptThresholds)
    VL53L0X_GetLimitCheckEnable              0x08001d83   Thumb Code    24  vl53l0x_api.o(i.VL53L0X_GetLimitCheckEnable)
    VL53L0X_GetLimitCheckValue               0x08001d9d   Thumb Code   122  vl53l0x_api.o(i.VL53L0X_GetLimitCheckValue)
    VL53L0X_GetMeasurementDataReady          0x08001e17   Thumb Code    58  vl53l0x_api.o(i.VL53L0X_GetMeasurementDataReady)
    VL53L0X_GetMeasurementTimingBudgetMicroSeconds 0x08001e51   Thumb Code     4  vl53l0x_api.o(i.VL53L0X_GetMeasurementTimingBudgetMicroSeconds)
    VL53L0X_GetOffsetCalibrationDataMicroMeter 0x08001e55   Thumb Code     4  vl53l0x_api.o(i.VL53L0X_GetOffsetCalibrationDataMicroMeter)
    VL53L0X_GetPalErrorString                0x08001e59   Thumb Code     4  vl53l0x_api.o(i.VL53L0X_GetPalErrorString)
    VL53L0X_GetRangingMeasurementData        0x08001e5d   Thumb Code   300  vl53l0x_api.o(i.VL53L0X_GetRangingMeasurementData)
    VL53L0X_GetSequenceStepEnables           0x08001f89   Thumb Code   114  vl53l0x_api.o(i.VL53L0X_GetSequenceStepEnables)
    VL53L0X_GetVcselPulsePeriod              0x08001ffb   Thumb Code     4  vl53l0x_api.o(i.VL53L0X_GetVcselPulsePeriod)
    VL53L0X_GetWrapAroundCheckEnable         0x08001fff   Thumb Code    44  vl53l0x_api.o(i.VL53L0X_GetWrapAroundCheckEnable)
    VL53L0X_GetXTalkCompensationEnable       0x0800202b   Thumb Code    10  vl53l0x_api.o(i.VL53L0X_GetXTalkCompensationEnable)
    VL53L0X_GetXTalkCompensationRateMegaCps  0x08002035   Thumb Code    44  vl53l0x_api.o(i.VL53L0X_GetXTalkCompensationRateMegaCps)
    VL53L0X_PerformRefCalibration            0x08002061   Thumb Code     6  vl53l0x_api.o(i.VL53L0X_PerformRefCalibration)
    VL53L0X_PerformRefSpadManagement         0x08002067   Thumb Code     4  vl53l0x_api.o(i.VL53L0X_PerformRefSpadManagement)
    VL53L0X_PerformSingleMeasurement         0x0800206b   Thumb Code    34  vl53l0x_api.o(i.VL53L0X_PerformSingleMeasurement)
    VL53L0X_PerformSingleRangingMeasurement  0x0800208d   Thumb Code    52  vl53l0x_api.o(i.VL53L0X_PerformSingleRangingMeasurement)
    VL53L0X_PollingDelay                     0x080020c1   Thumb Code    18  vl53l0x_platform.o(i.VL53L0X_PollingDelay)
    VL53L0X_RdByte                           0x080020d3   Thumb Code    22  vl53l0x_platform.o(i.VL53L0X_RdByte)
    VL53L0X_RdDWord                          0x080020e9   Thumb Code    22  vl53l0x_platform.o(i.VL53L0X_RdDWord)
    VL53L0X_RdWord                           0x080020ff   Thumb Code    22  vl53l0x_platform.o(i.VL53L0X_RdWord)
    VL53L0X_ReadMulti                        0x08002115   Thumb Code    30  vl53l0x_platform.o(i.VL53L0X_ReadMulti)
    VL53L0X_SetDeviceAddress                 0x08002133   Thumb Code     8  vl53l0x_api.o(i.VL53L0X_SetDeviceAddress)
    VL53L0X_SetDeviceMode                    0x0800213b   Thumb Code    36  vl53l0x_api.o(i.VL53L0X_SetDeviceMode)
    VL53L0X_SetGpioConfig                    0x0800215f   Thumb Code   312  vl53l0x_api.o(i.VL53L0X_SetGpioConfig)
    VL53L0X_SetInterMeasurementPeriodMilliSeconds 0x08002297   Thumb Code    48  vl53l0x_api.o(i.VL53L0X_SetInterMeasurementPeriodMilliSeconds)
    VL53L0X_SetInterruptThresholds           0x080022c7   Thumb Code    38  vl53l0x_api.o(i.VL53L0X_SetInterruptThresholds)
    VL53L0X_SetLimitCheckEnable              0x080022ed   Thumb Code   130  vl53l0x_api.o(i.VL53L0X_SetLimitCheckEnable)
    VL53L0X_SetLimitCheckValue               0x0800236f   Thumb Code    80  vl53l0x_api.o(i.VL53L0X_SetLimitCheckValue)
    VL53L0X_SetMeasurementTimingBudgetMicroSeconds 0x080023bf   Thumb Code     4  vl53l0x_api.o(i.VL53L0X_SetMeasurementTimingBudgetMicroSeconds)
    VL53L0X_SetSequenceStepEnable            0x080023c3   Thumb Code   174  vl53l0x_api.o(i.VL53L0X_SetSequenceStepEnable)
    VL53L0X_SetVcselPulsePeriod              0x08002471   Thumb Code     4  vl53l0x_api.o(i.VL53L0X_SetVcselPulsePeriod)
    VL53L0X_StartMeasurement                 0x08002475   Thumb Code   212  vl53l0x_api.o(i.VL53L0X_StartMeasurement)
    VL53L0X_StaticInit                       0x08002549   Thumb Code   366  vl53l0x_api.o(i.VL53L0X_StaticInit)
    VL53L0X_StopMeasurement                  0x080026bd   Thumb Code    86  vl53l0x_api.o(i.VL53L0X_StopMeasurement)
    VL53L0X_UpdateByte                       0x08002713   Thumb Code    66  vl53l0x_platform.o(i.VL53L0X_UpdateByte)
    VL53L0X_WrByte                           0x08002755   Thumb Code    22  vl53l0x_platform.o(i.VL53L0X_WrByte)
    VL53L0X_WrDWord                          0x0800276b   Thumb Code    22  vl53l0x_platform.o(i.VL53L0X_WrDWord)
    VL53L0X_WrWord                           0x08002781   Thumb Code    22  vl53l0x_platform.o(i.VL53L0X_WrWord)
    VL53L0X_WriteMulti                       0x08002797   Thumb Code    30  vl53l0x_platform.o(i.VL53L0X_WriteMulti)
    VL53L0X_calc_dmax                        0x080027b5   Thumb Code   212  vl53l0x_api_core.o(i.VL53L0X_calc_dmax)
    VL53L0X_calc_macro_period_ps             0x0800288d   Thumb Code    16  vl53l0x_api_core.o(i.VL53L0X_calc_macro_period_ps)
    VL53L0X_calc_sigma_estimate              0x0800289d   Thumb Code   538  vl53l0x_api_core.o(i.VL53L0X_calc_sigma_estimate)
    VL53L0X_calc_timeout_mclks               0x08002ac5   Thumb Code    34  vl53l0x_api_core.o(i.VL53L0X_calc_timeout_mclks)
    VL53L0X_calc_timeout_us                  0x08002ae7   Thumb Code    34  vl53l0x_api_core.o(i.VL53L0X_calc_timeout_us)
    VL53L0X_check_part_used                  0x08002b09   Thumb Code    60  vl53l0x_api_strings.o(i.VL53L0X_check_part_used)
    VL53L0X_decode_timeout                   0x08002b45   Thumb Code    12  vl53l0x_api_core.o(i.VL53L0X_decode_timeout)
    VL53L0X_decode_vcsel_period              0x08002b51   Thumb Code     8  vl53l0x_api_core.o(i.VL53L0X_decode_vcsel_period)
    VL53L0X_device_read_strobe               0x08002b59   Thumb Code    74  vl53l0x_api_core.o(i.VL53L0X_device_read_strobe)
    VL53L0X_encode_timeout                   0x08002ba3   Thumb Code    30  vl53l0x_api_core.o(i.VL53L0X_encode_timeout)
    VL53L0X_encode_vcsel_period              0x08002bc1   Thumb Code    10  vl53l0x_api_core.o(i.VL53L0X_encode_vcsel_period)
    VL53L0X_get_device_info                  0x08002bcd   Thumb Code   108  vl53l0x_api_strings.o(i.VL53L0X_get_device_info)
    VL53L0X_get_info_from_device             0x08002c7d   Thumb Code  1320  vl53l0x_api_core.o(i.VL53L0X_get_info_from_device)
    VL53L0X_get_measurement_timing_budget_micro_seconds 0x080031a5   Thumb Code   196  vl53l0x_api_core.o(i.VL53L0X_get_measurement_timing_budget_micro_seconds)
    VL53L0X_get_offset_calibration_data_micro_meter 0x08003269   Thumb Code    50  vl53l0x_api_calibration.o(i.VL53L0X_get_offset_calibration_data_micro_meter)
    VL53L0X_get_pal_error_string             0x0800329d   Thumb Code   176  vl53l0x_api_strings.o(i.VL53L0X_get_pal_error_string)
    VL53L0X_get_pal_range_status             0x080034ed   Thumb Code   486  vl53l0x_api_core.o(i.VL53L0X_get_pal_range_status)
    VL53L0X_get_total_signal_rate            0x080036d3   Thumb Code    28  vl53l0x_api_core.o(i.VL53L0X_get_total_signal_rate)
    VL53L0X_get_total_xtalk_rate             0x080036ef   Thumb Code    46  vl53l0x_api_core.o(i.VL53L0X_get_total_xtalk_rate)
    VL53L0X_get_vcsel_pulse_period           0x0800371d   Thumb Code    48  vl53l0x_api_core.o(i.VL53L0X_get_vcsel_pulse_period)
    VL53L0X_isqrt                            0x0800374d   Thumb Code    42  vl53l0x_api_core.o(i.VL53L0X_isqrt)
    VL53L0X_load_tuning_settings             0x08003779   Thumb Code   164  vl53l0x_api_core.o(i.VL53L0X_load_tuning_settings)
    VL53L0X_measurement_poll_for_completion  0x0800381d   Thumb Code    54  vl53l0x_api_core.o(i.VL53L0X_measurement_poll_for_completion)
    VL53L0X_perform_phase_calibration        0x08003853   Thumb Code   116  vl53l0x_api_calibration.o(i.VL53L0X_perform_phase_calibration)
    VL53L0X_perform_ref_calibration          0x080038c7   Thumb Code    64  vl53l0x_api_calibration.o(i.VL53L0X_perform_ref_calibration)
    VL53L0X_perform_ref_spad_management      0x08003907   Thumb Code   542  vl53l0x_api_calibration.o(i.VL53L0X_perform_ref_spad_management)
    VL53L0X_perform_single_ref_calibration   0x08003b25   Thumb Code    56  vl53l0x_api_calibration.o(i.VL53L0X_perform_single_ref_calibration)
    VL53L0X_perform_vhv_calibration          0x08003b5d   Thumb Code   116  vl53l0x_api_calibration.o(i.VL53L0X_perform_vhv_calibration)
    VL53L0X_read_byte                        0x08003bd1   Thumb Code     6  vl53l0x_i2c.o(i.VL53L0X_read_byte)
    VL53L0X_read_dword                       0x08003bd7   Thumb Code    44  vl53l0x_i2c.o(i.VL53L0X_read_dword)
    VL53L0X_read_multi                       0x08003c03   Thumb Code    22  vl53l0x_i2c.o(i.VL53L0X_read_multi)
    VL53L0X_read_word                        0x08003c19   Thumb Code    28  vl53l0x_i2c.o(i.VL53L0X_read_word)
    VL53L0X_ref_calibration_io               0x08003c35   Thumb Code   178  vl53l0x_api_calibration.o(i.VL53L0X_ref_calibration_io)
    VL53L0X_set_measurement_timing_budget_micro_seconds 0x08003ce7   Thumb Code   194  vl53l0x_api_core.o(i.VL53L0X_set_measurement_timing_budget_micro_seconds)
    VL53L0X_set_reference_spads              0x08003da9   Thumb Code   166  vl53l0x_api_calibration.o(i.VL53L0X_set_reference_spads)
    VL53L0X_set_vcsel_pulse_period           0x08003e4f   Thumb Code   544  vl53l0x_api_core.o(i.VL53L0X_set_vcsel_pulse_period)
    VL53L0X_write_byte                       0x0800406f   Thumb Code    12  vl53l0x_i2c.o(i.VL53L0X_write_byte)
    VL53L0X_write_dword                      0x0800407b   Thumb Code    34  vl53l0x_i2c.o(i.VL53L0X_write_dword)
    VL53L0X_write_multi                      0x0800409d   Thumb Code    22  vl53l0x_i2c.o(i.VL53L0X_write_multi)
    VL53L0X_write_word                       0x080040b3   Thumb Code    50  vl53l0x_i2c.o(i.VL53L0X_write_word)
    VL_IIC_Ack                               0x080040e5   Thumb Code    58  vl53l0x_i2c.o(i.VL_IIC_Ack)
    VL_IIC_NAck                              0x0800412d   Thumb Code    58  vl53l0x_i2c.o(i.VL_IIC_NAck)
    VL_IIC_Read_Byte                         0x08004175   Thumb Code   104  vl53l0x_i2c.o(i.VL_IIC_Read_Byte)
    VL_IIC_Read_nByte                        0x080041e9   Thumb Code   100  vl53l0x_i2c.o(i.VL_IIC_Read_nByte)
    VL_IIC_Send_Byte                         0x0800424d   Thumb Code    98  vl53l0x_i2c.o(i.VL_IIC_Send_Byte)
    VL_IIC_Start                             0x080042bd   Thumb Code    62  vl53l0x_i2c.o(i.VL_IIC_Start)
    VL_IIC_Stop                              0x08004309   Thumb Code    64  vl53l0x_i2c.o(i.VL_IIC_Stop)
    VL_IIC_Wait_Ack                          0x08004355   Thumb Code    84  vl53l0x_i2c.o(i.VL_IIC_Wait_Ack)
    VL_IIC_Write_nByte                       0x080043b5   Thumb Code    70  vl53l0x_i2c.o(i.VL_IIC_Write_nByte)
    __0printf$8                              0x080043fd   Thumb Code    22  printf8.o(i.__0printf$8)
    __1printf$8                              0x080043fd   Thumb Code     0  printf8.o(i.__0printf$8)
    __2printf                                0x080043fd   Thumb Code     0  printf8.o(i.__0printf$8)
    __scatterload_copy                       0x0800443d   Thumb Code    14  handlers.o(i.__scatterload_copy)
    __scatterload_null                       0x0800444b   Thumb Code     2  handlers.o(i.__scatterload_null)
    __scatterload_zeroinit                   0x0800444d   Thumb Code    14  handlers.o(i.__scatterload_zeroinit)
    delay_us                                 0x080048bf   Thumb Code    48  other_functions.o(i.delay_us)
    enable_ref_spads                         0x080048ef   Thumb Code   148  vl53l0x_api_calibration.o(i.enable_ref_spads)
    enable_spad_bit                          0x08004983   Thumb Code    42  vl53l0x_api_calibration.o(i.enable_spad_bit)
    fputc                                    0x080049ad   Thumb Code    20  stm32f1xx_hal.o(i.fputc)
    get_next_good_spad                       0x080049c5   Thumb Code    92  vl53l0x_api_calibration.o(i.get_next_good_spad)
    get_ref_spad_map                         0x08004a21   Thumb Code    10  vl53l0x_api_calibration.o(i.get_ref_spad_map)
    get_sequence_step_timeout                0x08004a2b   Thumb Code   242  vl53l0x_api_core.o(i.get_sequence_step_timeout)
    is_aperture                              0x08004b1d   Thumb Code    20  vl53l0x_api_calibration.o(i.is_aperture)
    main                                     0x08004b35   Thumb Code   264  main.o(i.main)
    perform_ref_signal_measurement           0x08004c9d   Thumb Code   100  vl53l0x_api_calibration.o(i.perform_ref_signal_measurement)
    print_pal_error                          0x08004d01   Thumb Code    26  vl53l0x.o(i.print_pal_error)
    sequence_step_enabled                    0x08004d35   Thumb Code    56  vl53l0x_api.o(i.sequence_step_enabled)
    set_ref_spad_map                         0x08004d6d   Thumb Code    10  vl53l0x_api_calibration.o(i.set_ref_spad_map)
    set_sequence_step_timeout                0x08004d77   Thumb Code   258  vl53l0x_api_core.o(i.set_sequence_step_timeout)
    vl53l0x_Addr_set                         0x08004e79   Thumb Code   124  vl53l0x.o(i.vl53l0x_Addr_set)
    vl53l0x_init                             0x08004f01   Thumb Code   104  vl53l0x.o(i.vl53l0x_init)
    vl53l0x_interrupt_start                  0x08004f75   Thumb Code   352  vl53l0x_it.o(i.vl53l0x_interrupt_start)
    vl53l0x_interrupt_test                   0x080050dd   Thumb Code     4  vl53l0x_it.o(i.vl53l0x_interrupt_test)
    vl53l0x_reset                            0x080050e1   Thumb Code    60  vl53l0x.o(i.vl53l0x_reset)
    vl53l0x_test                             0x08005121   Thumb Code    42  vl53l0x.o(i.vl53l0x_test)
    AHBPrescTable                            0x08005154   Data          16  system_stm32f1xx.o(.constdata)
    APBPrescTable                            0x08005164   Data           8  system_stm32f1xx.o(.constdata)
    Region$$Table$$Base                      0x0800516c   Number         0  anon$$obj.o(Region$$Table)
    Region$$Table$$Limit                     0x0800518c   Number         0  anon$$obj.o(Region$$Table)
    Comd                                     0x20000000   Data           2  ps2.o(.data)
    Handkey                                  0x20000002   Data           2  ps2.o(.data)
    MASK                                     0x20000004   Data          32  ps2.o(.data)
    AjustOK                                  0x20000024   Data           1  vl53l0x.o(.data)
    Mode_data                                0x20000025   Data          56  vl53l0x.o(.data)
    AlarmModes                               0x20000060   Data          12  vl53l0x_it.o(.data)
    SystemCoreClock                          0x2000006c   Data           4  system_stm32f1xx.o(.data)
    DefaultTuningSettings                    0x20000070   Data         243  vl53l0x_api.o(.data)
    InterruptThresholdSettings               0x20000163   Data         438  vl53l0x_api.o(.data)
    refArrayQuadrants                        0x2000031c   Data          16  vl53l0x_api_calibration.o(.data)
    uwTickFreq                               0x2000032c   Data           1  stm32f1xx_hal.o(.data)
    uwTickPrio                               0x20000330   Data           4  stm32f1xx_hal.o(.data)
    uwTick                                   0x20000334   Data           4  stm32f1xx_hal.o(.data)
    __stdout                                 0x20000338   Data           4  stdout.o(.data)
    Data                                     0x2000033c   Data           9  ps2.o(.bss)
    htim2                                    0x20000348   Data          72  tim.o(.bss)
    htim3                                    0x20000390   Data          72  tim.o(.bss)
    htim4                                    0x200003d8   Data          72  tim.o(.bss)
    htim5                                    0x20000420   Data          72  tim.o(.bss)
    huart1                                   0x20000468   Data          64  usart.o(.bss)
    vl53l0x_dev                              0x200004a8   Data         352  vl53l0x.o(.bss)
    vl53l0x_dev_info                         0x20000608   Data          99  vl53l0x.o(.bss)
    RangingMeasurementData                   0x2000066c   Data          28  vl53l0x_it.o(.bss)
    __initial_sp                             0x20000a88   Data           0  startup_stm32f103xe.o(STACK)



==============================================================================

Memory Map of the image

  Image Entry point : 0x08000131

  Load Region LR_IROM1 (Base: 0x08000000, Size: 0x000054c8, Max: 0x00080000, ABSOLUTE, COMPRESSED[0x0000546c])

    Execution Region ER_IROM1 (Exec base: 0x08000000, Load base: 0x08000000, Size: 0x0000518c, Max: 0x00080000, ABSOLUTE)

    Exec Addr    Load Addr    Size         Type   Attr      Idx    E Section Name        Object

    0x08000000   0x08000000   0x00000130   Data   RO            3    RESET               startup_stm32f103xe.o
    0x08000130   0x08000130   0x00000000   Code   RO         4461  * .ARM.Collect$$$$00000000  mc_w.l(entry.o)
    0x08000130   0x08000130   0x00000004   Code   RO         4743    .ARM.Collect$$$$00000001  mc_w.l(entry2.o)
    0x08000134   0x08000134   0x00000004   Code   RO         4746    .ARM.Collect$$$$00000004  mc_w.l(entry5.o)
    0x08000138   0x08000138   0x00000000   Code   RO         4748    .ARM.Collect$$$$00000008  mc_w.l(entry7b.o)
    0x08000138   0x08000138   0x00000000   Code   RO         4750    .ARM.Collect$$$$0000000A  mc_w.l(entry8b.o)
    0x08000138   0x08000138   0x00000008   Code   RO         4751    .ARM.Collect$$$$0000000B  mc_w.l(entry9a.o)
    0x08000140   0x08000140   0x00000000   Code   RO         4753    .ARM.Collect$$$$0000000D  mc_w.l(entry10a.o)
    0x08000140   0x08000140   0x00000000   Code   RO         4755    .ARM.Collect$$$$0000000F  mc_w.l(entry11a.o)
    0x08000140   0x08000140   0x00000004   Code   RO         4744    .ARM.Collect$$$$00002712  mc_w.l(entry2.o)
    0x08000144   0x08000144   0x00000024   Code   RO            4    .text               startup_stm32f103xe.o
    0x08000168   0x08000168   0x00000020   Code   RO         4464    .text               mc_w.l(llushr.o)
    0x08000188   0x08000188   0x00000024   Code   RO         4466    .text               mc_w.l(memcpya.o)
    0x080001ac   0x080001ac   0x00000024   Code   RO         4468    .text               mc_w.l(memseta.o)
    0x080001d0   0x080001d0   0x00000012   Code   RO         4470    .text               mc_w.l(strcpy.o)
    0x080001e2   0x080001e2   0x00000062   Code   RO         4760    .text               mc_w.l(uldiv.o)
    0x08000244   0x08000244   0x00000024   Code   RO         4782    .text               mc_w.l(init.o)
    0x08000268   0x08000268   0x0000001e   Code   RO         4784    .text               mc_w.l(llshl.o)
    0x08000286   0x08000286   0x0000005e   Code   RO         4796    .text               mc_w.l(__dclz77c.o)
    0x080002e4   0x080002e4   0x00000002   Code   RO          669    i.BusFault_Handler  stm32f1xx_it.o
    0x080002e6   0x080002e6   0x00000002   Code   RO          670    i.DebugMon_Handler  stm32f1xx_it.o
    0x080002e8   0x080002e8   0x00000006   Code   RO          671    i.EXTI4_IRQHandler  stm32f1xx_it.o
    0x080002ee   0x080002ee   0x00000002   Code   RO          493    i.Error_Handler     main.o
    0x080002f0   0x080002f0   0x00000024   Code   RO         3475    i.HAL_Delay         stm32f1xx_hal.o
    0x08000314   0x08000314   0x0000003c   Code   RO          962    i.HAL_GPIO_EXTI_Callback  vl53l0x_it.o
    0x08000350   0x08000350   0x00000018   Code   RO         3795    i.HAL_GPIO_EXTI_IRQHandler  stm32f1xx_hal_gpio.o
    0x08000368   0x08000368   0x000001f8   Code   RO         3796    i.HAL_GPIO_Init     stm32f1xx_hal_gpio.o
    0x08000560   0x08000560   0x0000000a   Code   RO         3798    i.HAL_GPIO_ReadPin  stm32f1xx_hal_gpio.o
    0x0800056a   0x0800056a   0x00000010   Code   RO         3799    i.HAL_GPIO_TogglePin  stm32f1xx_hal_gpio.o
    0x0800057a   0x0800057a   0x0000000a   Code   RO         3800    i.HAL_GPIO_WritePin  stm32f1xx_hal_gpio.o
    0x08000584   0x08000584   0x0000000c   Code   RO         3479    i.HAL_GetTick       stm32f1xx_hal.o
    0x08000590   0x08000590   0x00000010   Code   RO         3485    i.HAL_IncTick       stm32f1xx_hal.o
    0x080005a0   0x080005a0   0x00000024   Code   RO         3486    i.HAL_Init          stm32f1xx_hal.o
    0x080005c4   0x080005c4   0x00000040   Code   RO         3487    i.HAL_InitTick      stm32f1xx_hal.o
    0x08000604   0x08000604   0x0000003c   Code   RO          750    i.HAL_MspInit       stm32f1xx_hal_msp.o
    0x08000640   0x08000640   0x0000001a   Code   RO         3956    i.HAL_NVIC_EnableIRQ  stm32f1xx_hal_cortex.o
    0x0800065a   0x0800065a   0x00000002   PAD
    0x0800065c   0x0800065c   0x00000040   Code   RO         3962    i.HAL_NVIC_SetPriority  stm32f1xx_hal_cortex.o
    0x0800069c   0x0800069c   0x00000024   Code   RO         3963    i.HAL_NVIC_SetPriorityGrouping  stm32f1xx_hal_cortex.o
    0x080006c0   0x080006c0   0x0000012c   Code   RO         3656    i.HAL_RCC_ClockConfig  stm32f1xx_hal_rcc.o
    0x080007ec   0x080007ec   0x00000020   Code   RO         3663    i.HAL_RCC_GetPCLK1Freq  stm32f1xx_hal_rcc.o
    0x0800080c   0x0800080c   0x00000020   Code   RO         3664    i.HAL_RCC_GetPCLK2Freq  stm32f1xx_hal_rcc.o
    0x0800082c   0x0800082c   0x0000006c   Code   RO         3665    i.HAL_RCC_GetSysClockFreq  stm32f1xx_hal_rcc.o
    0x08000898   0x08000898   0x00000320   Code   RO         3668    i.HAL_RCC_OscConfig  stm32f1xx_hal_rcc.o
    0x08000bb8   0x08000bb8   0x00000028   Code   RO         3967    i.HAL_SYSTICK_Config  stm32f1xx_hal_cortex.o
    0x08000be0   0x08000be0   0x0000007c   Code   RO         2899    i.HAL_TIMEx_MasterConfigSynchronization  stm32f1xx_hal_tim_ex.o
    0x08000c5c   0x08000c5c   0x000000fc   Code   RO          560    i.HAL_TIM_MspPostInit  tim.o
    0x08000d58   0x08000d58   0x000000c6   Code   RO         2248    i.HAL_TIM_PWM_ConfigChannel  stm32f1xx_hal_tim.o
    0x08000e1e   0x08000e1e   0x0000005a   Code   RO         2251    i.HAL_TIM_PWM_Init  stm32f1xx_hal_tim.o
    0x08000e78   0x08000e78   0x00000070   Code   RO          562    i.HAL_TIM_PWM_MspInit  tim.o
    0x08000ee8   0x08000ee8   0x00000062   Code   RO         3172    i.HAL_UART_Init     stm32f1xx_hal_uart.o
    0x08000f4a   0x08000f4a   0x00000002   PAD
    0x08000f4c   0x08000f4c   0x00000070   Code   RO          628    i.HAL_UART_MspInit  usart.o
    0x08000fbc   0x08000fbc   0x000000b2   Code   RO         3180    i.HAL_UART_Transmit  stm32f1xx_hal_uart.o
    0x0800106e   0x0800106e   0x00000002   Code   RO          672    i.HardFault_Handler  stm32f1xx_it.o
    0x08001070   0x08001070   0x000001a8   Code   RO          536    i.MX_GPIO_Init      gpio.o
    0x08001218   0x08001218   0x00000084   Code   RO          563    i.MX_TIM2_Init      tim.o
    0x0800129c   0x0800129c   0x00000094   Code   RO          564    i.MX_TIM3_Init      tim.o
    0x08001330   0x08001330   0x000000a4   Code   RO          565    i.MX_TIM4_Init      tim.o
    0x080013d4   0x080013d4   0x00000080   Code   RO          566    i.MX_TIM5_Init      tim.o
    0x08001454   0x08001454   0x00000038   Code   RO          629    i.MX_USART1_UART_Init  usart.o
    0x0800148c   0x0800148c   0x00000002   Code   RO          673    i.MemManage_Handler  stm32f1xx_it.o
    0x0800148e   0x0800148e   0x00000002   Code   RO          674    i.NMI_Handler       stm32f1xx_it.o
    0x08001490   0x08001490   0x0000000c   Code   RO          128    i.PS2_AnologData    ps2.o
    0x0800149c   0x0800149c   0x00000018   Code   RO          129    i.PS2_ClearData     ps2.o
    0x080014b4   0x080014b4   0x000000a4   Code   RO          130    i.PS2_Cmd           ps2.o
    0x08001558   0x08001558   0x00000040   Code   RO          131    i.PS2_DataKey       ps2.o
    0x08001598   0x08001598   0x000000d8   Code   RO          132    i.PS2_ReadData      ps2.o
    0x08001670   0x08001670   0x00000002   Code   RO          675    i.PendSV_Handler    stm32f1xx_it.o
    0x08001672   0x08001672   0x00000002   Code   RO          676    i.SVC_Handler       stm32f1xx_it.o
    0x08001674   0x08001674   0x00000004   Code   RO          677    i.SysTick_Handler   stm32f1xx_it.o
    0x08001678   0x08001678   0x0000004e   Code   RO          494    i.SystemClock_Config  main.o
    0x080016c6   0x080016c6   0x00000002   Code   RO         1081    i.SystemInit        system_stm32f1xx.o
    0x080016c8   0x080016c8   0x0000008c   Code   RO         2269    i.TIM_Base_SetConfig  stm32f1xx_hal_tim.o
    0x08001754   0x08001754   0x00000060   Code   RO         2282    i.TIM_OC1_SetConfig  stm32f1xx_hal_tim.o
    0x080017b4   0x080017b4   0x0000006c   Code   RO         2283    i.TIM_OC2_SetConfig  stm32f1xx_hal_tim.o
    0x08001820   0x08001820   0x00000068   Code   RO         2284    i.TIM_OC3_SetConfig  stm32f1xx_hal_tim.o
    0x08001888   0x08001888   0x00000050   Code   RO         2285    i.TIM_OC4_SetConfig  stm32f1xx_hal_tim.o
    0x080018d8   0x080018d8   0x000000b8   Code   RO         3198    i.UART_SetConfig    stm32f1xx_hal_uart.o
    0x08001990   0x08001990   0x00000064   Code   RO         3199    i.UART_WaitOnFlagUntilTimeout  stm32f1xx_hal_uart.o
    0x080019f4   0x080019f4   0x00000002   Code   RO          678    i.UsageFault_Handler  stm32f1xx_it.o
    0x080019f6   0x080019f6   0x00000002   PAD
    0x080019f8   0x080019f8   0x0000007c   Code   RO         1118    i.VL53L0X_CheckAndLoadInterruptSettings  vl53l0x_api.o
    0x08001a74   0x08001a74   0x0000004c   Code   RO         1119    i.VL53L0X_ClearInterruptMask  vl53l0x_api.o
    0x08001ac0   0x08001ac0   0x00000198   Code   RO         1120    i.VL53L0X_DataInit  vl53l0x_api.o
    0x08001c58   0x08001c58   0x00000004   Code   RO         1124    i.VL53L0X_GetDeviceInfo  vl53l0x_api.o
    0x08001c5c   0x08001c5c   0x00000080   Code   RO         1126    i.VL53L0X_GetDeviceParameters  vl53l0x_api.o
    0x08001cdc   0x08001cdc   0x0000001a   Code   RO         1128    i.VL53L0X_GetFractionEnable  vl53l0x_api.o
    0x08001cf6   0x08001cf6   0x00000036   Code   RO         1132    i.VL53L0X_GetInterMeasurementPeriodMilliSeconds  vl53l0x_api.o
    0x08001d2c   0x08001d2c   0x00000022   Code   RO         1133    i.VL53L0X_GetInterruptMaskStatus  vl53l0x_api.o
    0x08001d4e   0x08001d4e   0x00000034   Code   RO         1134    i.VL53L0X_GetInterruptThresholds  vl53l0x_api.o
    0x08001d82   0x08001d82   0x00000018   Code   RO         1136    i.VL53L0X_GetLimitCheckEnable  vl53l0x_api.o
    0x08001d9a   0x08001d9a   0x00000002   PAD
    0x08001d9c   0x08001d9c   0x0000007a   Code   RO         1139    i.VL53L0X_GetLimitCheckValue  vl53l0x_api.o
    0x08001e16   0x08001e16   0x0000003a   Code   RO         1142    i.VL53L0X_GetMeasurementDataReady  vl53l0x_api.o
    0x08001e50   0x08001e50   0x00000004   Code   RO         1144    i.VL53L0X_GetMeasurementTimingBudgetMicroSeconds  vl53l0x_api.o
    0x08001e54   0x08001e54   0x00000004   Code   RO         1148    i.VL53L0X_GetOffsetCalibrationDataMicroMeter  vl53l0x_api.o
    0x08001e58   0x08001e58   0x00000004   Code   RO         1149    i.VL53L0X_GetPalErrorString  vl53l0x_api.o
    0x08001e5c   0x08001e5c   0x0000012c   Code   RO         1156    i.VL53L0X_GetRangingMeasurementData  vl53l0x_api.o
    0x08001f88   0x08001f88   0x00000072   Code   RO         1160    i.VL53L0X_GetSequenceStepEnables  vl53l0x_api.o
    0x08001ffa   0x08001ffa   0x00000004   Code   RO         1169    i.VL53L0X_GetVcselPulsePeriod  vl53l0x_api.o
    0x08001ffe   0x08001ffe   0x0000002c   Code   RO         1171    i.VL53L0X_GetWrapAroundCheckEnable  vl53l0x_api.o
    0x0800202a   0x0800202a   0x0000000a   Code   RO         1172    i.VL53L0X_GetXTalkCompensationEnable  vl53l0x_api.o
    0x08002034   0x08002034   0x0000002c   Code   RO         1173    i.VL53L0X_GetXTalkCompensationRateMegaCps  vl53l0x_api.o
    0x08002060   0x08002060   0x00000006   Code   RO         1175    i.VL53L0X_PerformRefCalibration  vl53l0x_api.o
    0x08002066   0x08002066   0x00000004   Code   RO         1176    i.VL53L0X_PerformRefSpadManagement  vl53l0x_api.o
    0x0800206a   0x0800206a   0x00000022   Code   RO         1178    i.VL53L0X_PerformSingleMeasurement  vl53l0x_api.o
    0x0800208c   0x0800208c   0x00000034   Code   RO         1179    i.VL53L0X_PerformSingleRangingMeasurement  vl53l0x_api.o
    0x080020c0   0x080020c0   0x00000012   Code   RO         1002    i.VL53L0X_PollingDelay  vl53l0x_platform.o
    0x080020d2   0x080020d2   0x00000016   Code   RO         1003    i.VL53L0X_RdByte    vl53l0x_platform.o
    0x080020e8   0x080020e8   0x00000016   Code   RO         1004    i.VL53L0X_RdDWord   vl53l0x_platform.o
    0x080020fe   0x080020fe   0x00000016   Code   RO         1005    i.VL53L0X_RdWord    vl53l0x_platform.o
    0x08002114   0x08002114   0x0000001e   Code   RO         1006    i.VL53L0X_ReadMulti  vl53l0x_platform.o
    0x08002132   0x08002132   0x00000008   Code   RO         1183    i.VL53L0X_SetDeviceAddress  vl53l0x_api.o
    0x0800213a   0x0800213a   0x00000024   Code   RO         1184    i.VL53L0X_SetDeviceMode  vl53l0x_api.o
    0x0800215e   0x0800215e   0x00000138   Code   RO         1187    i.VL53L0X_SetGpioConfig  vl53l0x_api.o
    0x08002296   0x08002296   0x00000030   Code   RO         1190    i.VL53L0X_SetInterMeasurementPeriodMilliSeconds  vl53l0x_api.o
    0x080022c6   0x080022c6   0x00000026   Code   RO         1191    i.VL53L0X_SetInterruptThresholds  vl53l0x_api.o
    0x080022ec   0x080022ec   0x00000082   Code   RO         1192    i.VL53L0X_SetLimitCheckEnable  vl53l0x_api.o
    0x0800236e   0x0800236e   0x00000050   Code   RO         1193    i.VL53L0X_SetLimitCheckValue  vl53l0x_api.o
    0x080023be   0x080023be   0x00000004   Code   RO         1195    i.VL53L0X_SetMeasurementTimingBudgetMicroSeconds  vl53l0x_api.o
    0x080023c2   0x080023c2   0x000000ae   Code   RO         1202    i.VL53L0X_SetSequenceStepEnable  vl53l0x_api.o
    0x08002470   0x08002470   0x00000004   Code   RO         1207    i.VL53L0X_SetVcselPulsePeriod  vl53l0x_api.o
    0x08002474   0x08002474   0x000000d4   Code   RO         1211    i.VL53L0X_StartMeasurement  vl53l0x_api.o
    0x08002548   0x08002548   0x00000174   Code   RO         1212    i.VL53L0X_StaticInit  vl53l0x_api.o
    0x080026bc   0x080026bc   0x00000056   Code   RO         1213    i.VL53L0X_StopMeasurement  vl53l0x_api.o
    0x08002712   0x08002712   0x00000042   Code   RO         1007    i.VL53L0X_UpdateByte  vl53l0x_platform.o
    0x08002754   0x08002754   0x00000016   Code   RO         1008    i.VL53L0X_WrByte    vl53l0x_platform.o
    0x0800276a   0x0800276a   0x00000016   Code   RO         1009    i.VL53L0X_WrDWord   vl53l0x_platform.o
    0x08002780   0x08002780   0x00000016   Code   RO         1010    i.VL53L0X_WrWord    vl53l0x_platform.o
    0x08002796   0x08002796   0x0000001e   Code   RO         1011    i.VL53L0X_WriteMulti  vl53l0x_platform.o
    0x080027b4   0x080027b4   0x000000d8   Code   RO         1895    i.VL53L0X_calc_dmax  vl53l0x_api_core.o
    0x0800288c   0x0800288c   0x00000010   Code   RO         1896    i.VL53L0X_calc_macro_period_ps  vl53l0x_api_core.o
    0x0800289c   0x0800289c   0x00000228   Code   RO         1897    i.VL53L0X_calc_sigma_estimate  vl53l0x_api_core.o
    0x08002ac4   0x08002ac4   0x00000022   Code   RO         1898    i.VL53L0X_calc_timeout_mclks  vl53l0x_api_core.o
    0x08002ae6   0x08002ae6   0x00000022   Code   RO         1899    i.VL53L0X_calc_timeout_us  vl53l0x_api_core.o
    0x08002b08   0x08002b08   0x0000003c   Code   RO         2072    i.VL53L0X_check_part_used  vl53l0x_api_strings.o
    0x08002b44   0x08002b44   0x0000000c   Code   RO         1900    i.VL53L0X_decode_timeout  vl53l0x_api_core.o
    0x08002b50   0x08002b50   0x00000008   Code   RO         1901    i.VL53L0X_decode_vcsel_period  vl53l0x_api_core.o
    0x08002b58   0x08002b58   0x0000004a   Code   RO         1902    i.VL53L0X_device_read_strobe  vl53l0x_api_core.o
    0x08002ba2   0x08002ba2   0x0000001e   Code   RO         1903    i.VL53L0X_encode_timeout  vl53l0x_api_core.o
    0x08002bc0   0x08002bc0   0x0000000a   Code   RO         1904    i.VL53L0X_encode_vcsel_period  vl53l0x_api_core.o
    0x08002bca   0x08002bca   0x00000002   PAD
    0x08002bcc   0x08002bcc   0x000000b0   Code   RO         2074    i.VL53L0X_get_device_info  vl53l0x_api_strings.o
    0x08002c7c   0x08002c7c   0x00000528   Code   RO         1905    i.VL53L0X_get_info_from_device  vl53l0x_api_core.o
    0x080031a4   0x080031a4   0x000000c4   Code   RO         1906    i.VL53L0X_get_measurement_timing_budget_micro_seconds  vl53l0x_api_core.o
    0x08003268   0x08003268   0x00000032   Code   RO         1740    i.VL53L0X_get_offset_calibration_data_micro_meter  vl53l0x_api_calibration.o
    0x0800329a   0x0800329a   0x00000002   PAD
    0x0800329c   0x0800329c   0x00000250   Code   RO         2076    i.VL53L0X_get_pal_error_string  vl53l0x_api_strings.o
    0x080034ec   0x080034ec   0x000001e6   Code   RO         1907    i.VL53L0X_get_pal_range_status  vl53l0x_api_core.o
    0x080036d2   0x080036d2   0x0000001c   Code   RO         1908    i.VL53L0X_get_total_signal_rate  vl53l0x_api_core.o
    0x080036ee   0x080036ee   0x0000002e   Code   RO         1909    i.VL53L0X_get_total_xtalk_rate  vl53l0x_api_core.o
    0x0800371c   0x0800371c   0x00000030   Code   RO         1910    i.VL53L0X_get_vcsel_pulse_period  vl53l0x_api_core.o
    0x0800374c   0x0800374c   0x0000002a   Code   RO         1911    i.VL53L0X_isqrt     vl53l0x_api_core.o
    0x08003776   0x08003776   0x00000002   PAD
    0x08003778   0x08003778   0x000000a4   Code   RO         1912    i.VL53L0X_load_tuning_settings  vl53l0x_api_core.o
    0x0800381c   0x0800381c   0x00000036   Code   RO         1913    i.VL53L0X_measurement_poll_for_completion  vl53l0x_api_core.o
    0x08003852   0x08003852   0x00000074   Code   RO         1744    i.VL53L0X_perform_phase_calibration  vl53l0x_api_calibration.o
    0x080038c6   0x080038c6   0x00000040   Code   RO         1745    i.VL53L0X_perform_ref_calibration  vl53l0x_api_calibration.o
    0x08003906   0x08003906   0x0000021e   Code   RO         1746    i.VL53L0X_perform_ref_spad_management  vl53l0x_api_calibration.o
    0x08003b24   0x08003b24   0x00000038   Code   RO         1747    i.VL53L0X_perform_single_ref_calibration  vl53l0x_api_calibration.o
    0x08003b5c   0x08003b5c   0x00000074   Code   RO         1748    i.VL53L0X_perform_vhv_calibration  vl53l0x_api_calibration.o
    0x08003bd0   0x08003bd0   0x00000006   Code   RO          831    i.VL53L0X_read_byte  vl53l0x_i2c.o
    0x08003bd6   0x08003bd6   0x0000002c   Code   RO          832    i.VL53L0X_read_dword  vl53l0x_i2c.o
    0x08003c02   0x08003c02   0x00000016   Code   RO          833    i.VL53L0X_read_multi  vl53l0x_i2c.o
    0x08003c18   0x08003c18   0x0000001c   Code   RO          834    i.VL53L0X_read_word  vl53l0x_i2c.o
    0x08003c34   0x08003c34   0x000000b2   Code   RO         1750    i.VL53L0X_ref_calibration_io  vl53l0x_api_calibration.o
    0x08003ce6   0x08003ce6   0x000000c2   Code   RO         1916    i.VL53L0X_set_measurement_timing_budget_micro_seconds  vl53l0x_api_core.o
    0x08003da8   0x08003da8   0x000000a6   Code   RO         1753    i.VL53L0X_set_reference_spads  vl53l0x_api_calibration.o
    0x08003e4e   0x08003e4e   0x00000220   Code   RO         1917    i.VL53L0X_set_vcsel_pulse_period  vl53l0x_api_core.o
    0x0800406e   0x0800406e   0x0000000c   Code   RO          835    i.VL53L0X_write_byte  vl53l0x_i2c.o
    0x0800407a   0x0800407a   0x00000022   Code   RO          836    i.VL53L0X_write_dword  vl53l0x_i2c.o
    0x0800409c   0x0800409c   0x00000016   Code   RO          837    i.VL53L0X_write_multi  vl53l0x_i2c.o
    0x080040b2   0x080040b2   0x00000032   Code   RO          838    i.VL53L0X_write_word  vl53l0x_i2c.o
    0x080040e4   0x080040e4   0x00000048   Code   RO          839    i.VL_IIC_Ack        vl53l0x_i2c.o
    0x0800412c   0x0800412c   0x00000048   Code   RO          840    i.VL_IIC_NAck       vl53l0x_i2c.o
    0x08004174   0x08004174   0x00000074   Code   RO          842    i.VL_IIC_Read_Byte  vl53l0x_i2c.o
    0x080041e8   0x080041e8   0x00000064   Code   RO          843    i.VL_IIC_Read_nByte  vl53l0x_i2c.o
    0x0800424c   0x0800424c   0x00000070   Code   RO          844    i.VL_IIC_Send_Byte  vl53l0x_i2c.o
    0x080042bc   0x080042bc   0x0000004c   Code   RO          845    i.VL_IIC_Start      vl53l0x_i2c.o
    0x08004308   0x08004308   0x0000004c   Code   RO          846    i.VL_IIC_Stop       vl53l0x_i2c.o
    0x08004354   0x08004354   0x00000060   Code   RO          847    i.VL_IIC_Wait_Ack   vl53l0x_i2c.o
    0x080043b4   0x080043b4   0x00000046   Code   RO          849    i.VL_IIC_Write_nByte  vl53l0x_i2c.o
    0x080043fa   0x080043fa   0x00000002   PAD
    0x080043fc   0x080043fc   0x00000020   Code   RO         4681    i.__0printf$8       mc_w.l(printf8.o)
    0x0800441c   0x0800441c   0x00000020   Code   RO         3969    i.__NVIC_SetPriority  stm32f1xx_hal_cortex.o
    0x0800443c   0x0800443c   0x0000000e   Code   RO         4790    i.__scatterload_copy  mc_w.l(handlers.o)
    0x0800444a   0x0800444a   0x00000002   Code   RO         4791    i.__scatterload_null  mc_w.l(handlers.o)
    0x0800444c   0x0800444c   0x0000000e   Code   RO         4792    i.__scatterload_zeroinit  mc_w.l(handlers.o)
    0x0800445a   0x0800445a   0x00000002   PAD
    0x0800445c   0x0800445c   0x00000410   Code   RO         4688    i._printf_core      mc_w.l(printf8.o)
    0x0800486c   0x0800486c   0x00000024   Code   RO         4689    i._printf_post_padding  mc_w.l(printf8.o)
    0x08004890   0x08004890   0x0000002e   Code   RO         4690    i._printf_pre_padding  mc_w.l(printf8.o)
    0x080048be   0x080048be   0x00000030   Code   RO           13    i.delay_us          other_functions.o
    0x080048ee   0x080048ee   0x00000094   Code   RO         1755    i.enable_ref_spads  vl53l0x_api_calibration.o
    0x08004982   0x08004982   0x0000002a   Code   RO         1756    i.enable_spad_bit   vl53l0x_api_calibration.o
    0x080049ac   0x080049ac   0x00000018   Code   RO         3494    i.fputc             stm32f1xx_hal.o
    0x080049c4   0x080049c4   0x0000005c   Code   RO         1757    i.get_next_good_spad  vl53l0x_api_calibration.o
    0x08004a20   0x08004a20   0x0000000a   Code   RO         1758    i.get_ref_spad_map  vl53l0x_api_calibration.o
    0x08004a2a   0x08004a2a   0x000000f2   Code   RO         1918    i.get_sequence_step_timeout  vl53l0x_api_core.o
    0x08004b1c   0x08004b1c   0x00000018   Code   RO         1759    i.is_aperture       vl53l0x_api_calibration.o
    0x08004b34   0x08004b34   0x00000168   Code   RO          495    i.main              main.o
    0x08004c9c   0x08004c9c   0x00000064   Code   RO         1760    i.perform_ref_signal_measurement  vl53l0x_api_calibration.o
    0x08004d00   0x08004d00   0x00000034   Code   RO          774    i.print_pal_error   vl53l0x.o
    0x08004d34   0x08004d34   0x00000038   Code   RO         1216    i.sequence_step_enabled  vl53l0x_api.o
    0x08004d6c   0x08004d6c   0x0000000a   Code   RO         1761    i.set_ref_spad_map  vl53l0x_api_calibration.o
    0x08004d76   0x08004d76   0x00000102   Code   RO         1919    i.set_sequence_step_timeout  vl53l0x_api_core.o
    0x08004e78   0x08004e78   0x00000088   Code   RO          775    i.vl53l0x_Addr_set  vl53l0x.o
    0x08004f00   0x08004f00   0x00000074   Code   RO          776    i.vl53l0x_init      vl53l0x.o
    0x08004f74   0x08004f74   0x00000168   Code   RO          963    i.vl53l0x_interrupt_start  vl53l0x_it.o
    0x080050dc   0x080050dc   0x00000004   Code   RO          964    i.vl53l0x_interrupt_test  vl53l0x_it.o
    0x080050e0   0x080050e0   0x00000040   Code   RO          777    i.vl53l0x_reset     vl53l0x.o
    0x08005120   0x08005120   0x00000034   Code   RO          778    i.vl53l0x_test      vl53l0x.o
    0x08005154   0x08005154   0x00000010   Data   RO         1082    .constdata          system_stm32f1xx.o
    0x08005164   0x08005164   0x00000008   Data   RO         1083    .constdata          system_stm32f1xx.o
    0x0800516c   0x0800516c   0x00000020   Data   RO         4788    Region$$Table       anon$$obj.o


    Execution Region RW_IRAM1 (Exec base: 0x20000000, Load base: 0x0800518c, Size: 0x00000a88, Max: 0x00010000, ABSOLUTE, COMPRESSED[0x000002e0])

    Exec Addr    Load Addr    Size         Type   Attr      Idx    E Section Name        Object

    0x20000000   COMPRESSED   0x00000024   Data   RW          135    .data               ps2.o
    0x20000024   COMPRESSED   0x00000001   Data   RW          780    .data               vl53l0x.o
    0x20000025   COMPRESSED   0x00000038   Data   RW          781    .data               vl53l0x.o
    0x2000005d   COMPRESSED   0x00000003   PAD
    0x20000060   COMPRESSED   0x0000000c   Data   RW          966    .data               vl53l0x_it.o
    0x2000006c   COMPRESSED   0x00000004   Data   RW         1084    .data               system_stm32f1xx.o
    0x20000070   COMPRESSED   0x000002a9   Data   RW         1217    .data               vl53l0x_api.o
    0x20000319   COMPRESSED   0x00000003   PAD
    0x2000031c   COMPRESSED   0x00000010   Data   RW         1762    .data               vl53l0x_api_calibration.o
    0x2000032c   COMPRESSED   0x0000000c   Data   RW         3495    .data               stm32f1xx_hal.o
    0x20000338   COMPRESSED   0x00000004   Data   RW         4757    .data               mc_w.l(stdout.o)
    0x2000033c        -       0x00000009   Zero   RW          134    .bss                ps2.o
    0x20000345   COMPRESSED   0x00000003   PAD
    0x20000348        -       0x00000120   Zero   RW          568    .bss                tim.o
    0x20000468        -       0x00000040   Zero   RW          630    .bss                usart.o
    0x200004a8        -       0x000001c3   Zero   RW          779    .bss                vl53l0x.o
    0x2000066b   COMPRESSED   0x00000001   PAD
    0x2000066c        -       0x0000001c   Zero   RW          965    .bss                vl53l0x_it.o
    0x20000688        -       0x00000400   Zero   RW            1    STACK               startup_stm32f103xe.o


==============================================================================

Image component sizes


      Code (inc. data)   RO Data    RW Data    ZI Data      Debug   Object Name

       424         32          0          0          0       1135   gpio.o
         0          0          0          0          0      17344   lcg_functions.o
       440        114          0          0          0       2415   main.o
         0          0          0          0          0       1240   motor_b.o
        48          0          0          0          0     484715   other_functions.o
       480         40          0         36          9       3365   ps2.o
        36          8        304          0       1024        804   startup_stm32f103xe.o
       188         32          0         12          0       7142   stm32f1xx_hal.o
       198         14          0          0          0      28947   stm32f1xx_hal_cortex.o
       564         48          0          0          0       4743   stm32f1xx_hal_gpio.o
        60          8          0          0          0        846   stm32f1xx_hal_msp.o
      1272        100          0          0          0       5196   stm32f1xx_hal_rcc.o
       816         56          0          0          0       6602   stm32f1xx_hal_tim.o
       124         20          0          0          0       1328   stm32f1xx_hal_tim_ex.o
       560          6          0          0          0       3988   stm32f1xx_hal_uart.o
        26          0          0          0          0       4217   stm32f1xx_it.o
         2          0         24          4          0       1099   system_stm32f1xx.o
       936         80          0          0        288       4524   tim.o
       168         20          0          0         64       1638   usart.o
       420         64          0         57        451       4703   vl53l0x.o
      3294         62          0        681          0      33026   vl53l0x_api.o
      1714          4          0         16          0      15925   vl53l0x_api_calibration.o
      4608         18          0          0          0      26521   vl53l0x_api_core.o
       828        492          0          0          0       3283   vl53l0x_api_strings.o
      1008         92          0          0          0      11139   vl53l0x_i2c.o
       424         30          0         12         28       2648   vl53l0x_it.o
       276          0          0          0          0       7257   vl53l0x_platform.o

    ----------------------------------------------------------------------
     18930       1340        360        824       1868     685790   Object Totals
         0          0         32          0          0          0   (incl. Generated)
        16          0          0          6          4          0   (incl. Padding)

    ----------------------------------------------------------------------

      Code (inc. data)   RO Data    RW Data    ZI Data      Debug   Library Member Name

        94          0          0          0          0          0   __dclz77c.o
         0          0          0          0          0          0   entry.o
         0          0          0          0          0          0   entry10a.o
         0          0          0          0          0          0   entry11a.o
         8          4          0          0          0          0   entry2.o
         4          0          0          0          0          0   entry5.o
         0          0          0          0          0          0   entry7b.o
         0          0          0          0          0          0   entry8b.o
         8          4          0          0          0          0   entry9a.o
        30          0          0          0          0          0   handlers.o
        36          8          0          0          0         68   init.o
        30          0          0          0          0         68   llshl.o
        32          0          0          0          0         68   llushr.o
        36          0          0          0          0         68   memcpya.o
        36          0          0          0          0        108   memseta.o
      1154         54          0          0          0        352   printf8.o
         0          0          0          4          0          0   stdout.o
        18          0          0          0          0         68   strcpy.o
        98          0          0          0          0         92   uldiv.o

    ----------------------------------------------------------------------
      1586         70          0          4          0        892   Library Totals
         2          0          0          0          0          0   (incl. Padding)

    ----------------------------------------------------------------------

      Code (inc. data)   RO Data    RW Data    ZI Data      Debug   Library Name

      1584         70          0          4          0        892   mc_w.l

    ----------------------------------------------------------------------
      1586         70          0          4          0        892   Library Totals

    ----------------------------------------------------------------------

==============================================================================


      Code (inc. data)   RO Data    RW Data    ZI Data      Debug   

     20516       1410        360        828       1868     677502   Grand Totals
     20516       1410        360        736       1868     677502   ELF Image Totals (compressed)
     20516       1410        360        736          0          0   ROM Totals

==============================================================================

    Total RO  Size (Code + RO Data)                20876 (  20.39kB)
    Total RW  Size (RW Data + ZI Data)              2696 (   2.63kB)
    Total ROM Size (Code + RO Data + RW Data)      21612 (  21.11kB)

==============================================================================

